DocBlox parser version 0.6.0-DEV

[INFO: 13:54]: Starting to process 768 files
[INFO: 13:54]: Starting to parse file: /home/mvriel/Projects/Personal/symfony/tests/Symfony/Tests/Framework/Debug/ErrorHandlerTest.php
[ERR: 13:54]: No Page-level DocBlock was found for /home/mvriel/Projects/Personal/symfony/tests/Symfony/Tests/Framework/Debug/ErrorHandlerTest.php
[ERR: 13:54]: No DocBlock was found for Class ErrorHandlerTest on line 16
[INFO: 13:54]: Starting to parse file: /home/mvriel/Projects/Personal/symfony/tests/Symfony/Tests/Framework/KernelTest.php
[ERR: 13:54]: No Page-level DocBlock was found for /home/mvriel/Projects/Personal/symfony/tests/Symfony/Tests/Framework/KernelTest.php
[ERR: 13:54]: No DocBlock was found for Class KernelTest on line 17
[ERR: 13:54]: No DocBlock was found for Method testGetSafeName on line 19
[ERR: 13:54]: No DocBlock was found for Class KernelForTest on line 27
[ERR: 13:54]: No DocBlock was found for Method __construct on line 29
[ERR: 13:54]: No DocBlock was found for Method registerRootDir on line 36
[ERR: 13:54]: No DocBlock was found for Method registerBundles on line 40
[ERR: 13:54]: No DocBlock was found for Method registerBundleDirs on line 44
[ERR: 13:54]: No DocBlock was found for Method registerContainerConfiguration on line 48
[ERR: 13:54]: No DocBlock was found for Method registerRoutes on line 52
[INFO: 13:54]: Starting to parse file: /home/mvriel/Projects/Personal/symfony/tests/Symfony/Tests/Components/EventDispatcher/EventTest.php
[ERR: 13:54]: No Page-level DocBlock was found for /home/mvriel/Projects/Personal/symfony/tests/Symfony/Tests/Components/EventDispatcher/EventTest.php
[ERR: 13:54]: No DocBlock was found for Class EventTest on line 15
[ERR: 13:54]: No DocBlock was found for Property $subject on line 17
[ERR: 13:54]: No DocBlock was found for Property $parameters on line 18
[ERR: 13:54]: No DocBlock was found for Method testGetSubject on line 20
[ERR: 13:54]: No DocBlock was found for Method testGetName on line 26
[ERR: 13:54]: No DocBlock was found for Method testParameters on line 31
[ERR: 13:54]: No DocBlock was found for Method testSetGetReturnValue on line 53
[ERR: 13:54]: No DocBlock was found for Method testSetIsProcessed on line 60
[ERR: 13:54]: No DocBlock was found for Method testArrayAccessInterface on line 69
[ERR: 13:54]: No DocBlock was found for Method createEvent on line 90
[INFO: 13:54]: Starting to parse file: /home/mvriel/Projects/Personal/symfony/tests/Symfony/Tests/Components/EventDispatcher/EventDispatcherTest.php
[ERR: 13:54]: No Page-level DocBlock was found for /home/mvriel/Projects/Personal/symfony/tests/Symfony/Tests/Components/EventDispatcher/EventDispatcherTest.php
[ERR: 13:54]: No DocBlock was found for Class EventDispatcherTest on line 16
[ERR: 13:54]: No DocBlock was found for Method testConnectAndDisconnect on line 18
[ERR: 13:54]: No DocBlock was found for Method testGetHasListeners on line 35
[ERR: 13:54]: No DocBlock was found for Method testNotify on line 50
[ERR: 13:54]: No DocBlock was found for Method testNotifyUntil on line 68
[ERR: 13:54]: No DocBlock was found for Method testFilter on line 86
[ERR: 13:54]: No DocBlock was found for Class Listener on line 105
[ERR: 13:54]: No DocBlock was found for Property $value on line 108
[ERR: 13:54]: No DocBlock was found for Method filterFoo on line 110
[ERR: 13:54]: No DocBlock was found for Method filterFooBis on line 115
[ERR: 13:54]: No DocBlock was found for Method listenToFoo on line 120
[ERR: 13:54]: No DocBlock was found for Method listenToFooBis on line 125
[ERR: 13:54]: No DocBlock was found for Method getValue on line 132
[ERR: 13:54]: No DocBlock was found for Method reset on line 137
[INFO: 13:54]: Starting to parse file: /home/mvriel/Projects/Personal/symfony/tests/Symfony/Tests/Components/Yaml/ParserTest.php
[ERR: 13:54]: No Page-level DocBlock was found for /home/mvriel/Projects/Personal/symfony/tests/Symfony/Tests/Components/Yaml/ParserTest.php
[ERR: 13:54]: No DocBlock was found for Class ParserTest on line 17
[ERR: 13:54]: No DocBlock was found for Property $parser on line 19
[ERR: 13:54]: No DocBlock was found for Property $path on line 20
[ERR: 13:54]: No DocBlock was found for Method setUpBeforeClass on line 22
[ERR: 13:54]: No DocBlock was found for Method setUp on line 27
[ERR: 13:54]: No DocBlock was found for Method getDataFormSpecifications on line 40
[ERR: 13:54]: No DocBlock was found for Method testTabsInYaml on line 70
[ERR: 13:54]: No DocBlock was found for Method testEndOfTheDocumentMarker on line 92
[ERR: 13:54]: No DocBlock was found for Method testObjectsSupport on line 103
[ERR: 13:54]: No DocBlock was found for Class B on line 114
[ERR: 13:54]: No DocBlock was found for Property $b on line 116
[INFO: 13:54]: Starting to parse file: /home/mvriel/Projects/Personal/symfony/tests/Symfony/Tests/Components/Yaml/InlineTest.php
[ERR: 13:54]: No Page-level DocBlock was found for /home/mvriel/Projects/Personal/symfony/tests/Symfony/Tests/Components/Yaml/InlineTest.php
[ERR: 13:54]: No DocBlock was found for Class InlineTest on line 16
[ERR: 13:54]: No DocBlock was found for Method setUpBeforeClass on line 18
[ERR: 13:54]: No DocBlock was found for Method testLoad on line 23
[ERR: 13:54]: No DocBlock was found for Method testDump on line 30
[ERR: 13:54]: No DocBlock was found for Method getTestsForLoad on line 55
[ERR: 13:54]: No DocBlock was found for Method getTestsForDump on line 115
[INFO: 13:54]: Starting to parse file: /home/mvriel/Projects/Personal/symfony/tests/Symfony/Tests/Components/Yaml/DumperTest.php
[ERR: 13:54]: No Page-level DocBlock was found for /home/mvriel/Projects/Personal/symfony/tests/Symfony/Tests/Components/Yaml/DumperTest.php
[ERR: 13:54]: No DocBlock was found for Class DumperTest on line 17
[ERR: 13:54]: No DocBlock was found for Property $parser on line 19
[ERR: 13:54]: No DocBlock was found for Property $dumper on line 20
[ERR: 13:54]: No DocBlock was found for Property $path on line 21
[ERR: 13:54]: No DocBlock was found for Method setUpBeforeClass on line 23
[ERR: 13:54]: No DocBlock was found for Method setUp on line 28
[ERR: 13:54]: No DocBlock was found for Method testSpecifications on line 35
[ERR: 13:54]: No DocBlock was found for Method testInlineLevel on line 61
[ERR: 13:54]: No DocBlock was found for Method testObjectsSupport on line 152
[ERR: 13:54]: No DocBlock was found for Class A on line 160
[ERR: 13:54]: No DocBlock was found for Property $a on line 162
[INFO: 13:54]: Starting to parse file: /home/mvriel/Projects/Personal/symfony/tests/Symfony/Tests/Components/DomCrawler/CrawlerTest.php
[ERR: 13:54]: No Page-level DocBlock was found for /home/mvriel/Projects/Personal/symfony/tests/Symfony/Tests/Components/DomCrawler/CrawlerTest.php
[ERR: 13:54]: No DocBlock was found for Class CrawlerTest on line 16
[ERR: 13:54]: No DocBlock was found for Method testConstructor on line 18
[ERR: 13:54]: No DocBlock was found for Method testClear on line 152
[ERR: 13:54]: No DocBlock was found for Method testEq on line 159
[ERR: 13:54]: No DocBlock was found for Method testEach on line 169
[ERR: 13:54]: No DocBlock was found for Method testReduce on line 179
[ERR: 13:54]: No DocBlock was found for Method testAttr on line 192
[ERR: 13:54]: No DocBlock was found for Method testText on line 204
[ERR: 13:54]: No DocBlock was found for Method testExtract on line 216
[ERR: 13:54]: No DocBlock was found for Method testSelectLink on line 254
[ERR: 13:54]: No DocBlock was found for Method testSelectButton on line 273
[ERR: 13:54]: No DocBlock was found for Method testLink on line 288
[ERR: 13:54]: No DocBlock was found for Method testLinks on line 310
[ERR: 13:54]: No DocBlock was found for Method testForm on line 322
[ERR: 13:54]: No DocBlock was found for Method testLast on line 344
[ERR: 13:54]: No DocBlock was found for Method testFirst on line 353
[ERR: 13:54]: No DocBlock was found for Method testSiblings on line 362
[ERR: 13:54]: No DocBlock was found for Method testNextAll on line 386
[ERR: 13:54]: No DocBlock was found for Method testPreviousAll on line 404
[ERR: 13:54]: No DocBlock was found for Method testChildren on line 422
[ERR: 13:54]: No DocBlock was found for Method testParents on line 442
[ERR: 13:54]: No DocBlock was found for Method createTestCrawler on line 462
[ERR: 13:54]: No DocBlock was found for Method createDomDocument on line 501
[ERR: 13:54]: No DocBlock was found for Method createNodeList on line 509
[INFO: 13:54]: Starting to parse file: /home/mvriel/Projects/Personal/symfony/tests/Symfony/Tests/Components/DomCrawler/Field/FormFieldTestCase.php
[ERR: 13:54]: No Page-level DocBlock was found for /home/mvriel/Projects/Personal/symfony/tests/Symfony/Tests/Components/DomCrawler/Field/FormFieldTestCase.php
[ERR: 13:54]: No DocBlock was found for Class FormFieldTestCase on line 14
[ERR: 13:54]: No DocBlock was found for Method createNode on line 16
[INFO: 13:54]: Starting to parse file: /home/mvriel/Projects/Personal/symfony/tests/Symfony/Tests/Components/DomCrawler/Field/FileFormFieldTest.php
[ERR: 13:54]: No Page-level DocBlock was found for /home/mvriel/Projects/Personal/symfony/tests/Symfony/Tests/Components/DomCrawler/Field/FileFormFieldTest.php
[ERR: 13:54]: No DocBlock was found for Class FileFormFieldTest on line 18
[ERR: 13:54]: No DocBlock was found for Method testInitialize on line 20
[ERR: 13:54]: No DocBlock was found for Method testSetValue on line 44
[ERR: 13:54]: No DocBlock was found for Method testUpload on line 56
[ERR: 13:54]: No DocBlock was found for Method testSetErrorCode on line 68
[INFO: 13:54]: Starting to parse file: /home/mvriel/Projects/Personal/symfony/tests/Symfony/Tests/Components/DomCrawler/Field/InputFormFieldTest.php
[ERR: 13:54]: No Page-level DocBlock was found for /home/mvriel/Projects/Personal/symfony/tests/Symfony/Tests/Components/DomCrawler/Field/InputFormFieldTest.php
[ERR: 13:54]: No DocBlock was found for Class InputFormFieldTest on line 18
[ERR: 13:54]: No DocBlock was found for Method testInitialize on line 20
[INFO: 13:54]: Starting to parse file: /home/mvriel/Projects/Personal/symfony/tests/Symfony/Tests/Components/DomCrawler/Field/ChoiceFormFieldTest.php
[ERR: 13:54]: No Page-level DocBlock was found for /home/mvriel/Projects/Personal/symfony/tests/Symfony/Tests/Components/DomCrawler/Field/ChoiceFormFieldTest.php
[ERR: 13:54]: No DocBlock was found for Class ChoiceFormFieldTest on line 18
[ERR: 13:54]: No DocBlock was found for Method testInitialize on line 20
[ERR: 13:54]: No DocBlock was found for Method testGetType on line 39
[ERR: 13:54]: No DocBlock was found for Method testIsMultiple on line 57
[ERR: 13:54]: No DocBlock was found for Method testSelects on line 80
[ERR: 13:54]: No DocBlock was found for Method testMultipleSelects on line 112
[ERR: 13:54]: No DocBlock was found for Method testRadioButtons on line 141
[ERR: 13:54]: No DocBlock was found for Method testCheckboxes on line 171
[ERR: 13:54]: No DocBlock was found for Method testTick on line 214
[ERR: 13:54]: No DocBlock was found for Method testUntick on line 232
[ERR: 13:54]: No DocBlock was found for Method testSelect on line 250
[ERR: 13:54]: No DocBlock was found for Method createSelectNode on line 265
[INFO: 13:54]: Starting to parse file: /home/mvriel/Projects/Personal/symfony/tests/Symfony/Tests/Components/DomCrawler/Field/FormFieldTest.php
[ERR: 13:54]: No Page-level DocBlock was found for /home/mvriel/Projects/Personal/symfony/tests/Symfony/Tests/Components/DomCrawler/Field/FormFieldTest.php
[ERR: 13:54]: No DocBlock was found for Class FormFieldTest on line 18
[ERR: 13:54]: No DocBlock was found for Method testGetName on line 20
[ERR: 13:54]: No DocBlock was found for Method testGetSetHasValue on line 28
[INFO: 13:54]: Starting to parse file: /home/mvriel/Projects/Personal/symfony/tests/Symfony/Tests/Components/DomCrawler/Field/TextareaFormFieldTest.php
[ERR: 13:54]: No Page-level DocBlock was found for /home/mvriel/Projects/Personal/symfony/tests/Symfony/Tests/Components/DomCrawler/Field/TextareaFormFieldTest.php
[ERR: 13:54]: No DocBlock was found for Class TextareaFormFieldTest on line 18
[ERR: 13:54]: No DocBlock was found for Method testInitialize on line 20
[INFO: 13:54]: Starting to parse file: /home/mvriel/Projects/Personal/symfony/tests/Symfony/Tests/Components/DomCrawler/FormTest.php
[ERR: 13:54]: No Page-level DocBlock was found for /home/mvriel/Projects/Personal/symfony/tests/Symfony/Tests/Components/DomCrawler/FormTest.php
[ERR: 13:54]: No DocBlock was found for Class FormTest on line 16
[ERR: 13:54]: No DocBlock was found for Method testConstructorThrowsExceptionIfTheNodeHasNoFormAncestor on line 18
[ERR: 13:54]: No DocBlock was found for Method provideInitializeValues on line 66
[ERR: 13:54]: No DocBlock was found for Method testGetFormNode on line 132
[ERR: 13:54]: No DocBlock was found for Method testGetMethod on line 142
[ERR: 13:54]: No DocBlock was found for Method testGetSetValue on line 154
[ERR: 13:54]: No DocBlock was found for Method testOffsetIsset on line 188
[ERR: 13:54]: No DocBlock was found for Method testGetValues on line 196
[ERR: 13:54]: No DocBlock was found for Method testSetValues on line 208
[ERR: 13:54]: No DocBlock was found for Method testGetPhpValues on line 215
[ERR: 13:54]: No DocBlock was found for Method testGetFiles on line 221
[ERR: 13:54]: No DocBlock was found for Method testGetPhpFiles on line 230
[ERR: 13:54]: No DocBlock was found for Method testGetUriActionAbsolute on line 247
[ERR: 13:54]: No DocBlock was found for Method testGetUriAbsolute on line 268
[ERR: 13:54]: No DocBlock was found for Method provideGetUriValues on line 283
[ERR: 13:54]: No DocBlock was found for Method testHasField on line 331
[ERR: 13:54]: No DocBlock was found for Method testGetField on line 339
[ERR: 13:54]: No DocBlock was found for Method testGetFields on line 353
[ERR: 13:54]: No DocBlock was found for Method createForm on line 362
[INFO: 13:54]: Starting to parse file: /home/mvriel/Projects/Personal/symfony/tests/Symfony/Tests/Components/DomCrawler/LinkTest.php
[ERR: 13:54]: No Page-level DocBlock was found for /home/mvriel/Projects/Personal/symfony/tests/Symfony/Tests/Components/DomCrawler/LinkTest.php
[ERR: 13:54]: No DocBlock was found for Class LinkTest on line 16
[ERR: 13:54]: No DocBlock was found for Method testConstructor on line 18
[ERR: 13:54]: No DocBlock was found for Method testGetters on line 33
[INFO: 13:54]: Starting to parse file: /home/mvriel/Projects/Personal/symfony/tests/Symfony/Tests/Components/CssSelector/Node/FunctionNodeTest.php
[ERR: 13:54]: No Page-level DocBlock was found for /home/mvriel/Projects/Personal/symfony/tests/Symfony/Tests/Components/CssSelector/Node/FunctionNodeTest.php
[ERR: 13:54]: No DocBlock was found for Class FunctionNodeTest on line 18
[ERR: 13:54]: No DocBlock was found for Method testToXpath on line 20
[INFO: 13:54]: Starting to parse file: /home/mvriel/Projects/Personal/symfony/tests/Symfony/Tests/Components/CssSelector/Node/HashNodeTest.php
[ERR: 13:54]: No Page-level DocBlock was found for /home/mvriel/Projects/Personal/symfony/tests/Symfony/Tests/Components/CssSelector/Node/HashNodeTest.php
[ERR: 13:54]: No DocBlock was found for Class HashNodeTest on line 17
[ERR: 13:54]: No DocBlock was found for Method testToXpath on line 19
[INFO: 13:54]: Starting to parse file: /home/mvriel/Projects/Personal/symfony/tests/Symfony/Tests/Components/CssSelector/Node/OrNodeTest.php
[ERR: 13:54]: No Page-level DocBlock was found for /home/mvriel/Projects/Personal/symfony/tests/Symfony/Tests/Components/CssSelector/Node/OrNodeTest.php
[ERR: 13:54]: No DocBlock was found for Class OrNodeTest on line 17
[ERR: 13:54]: No DocBlock was found for Method testToXpath on line 19
[INFO: 13:54]: Starting to parse file: /home/mvriel/Projects/Personal/symfony/tests/Symfony/Tests/Components/CssSelector/Node/PseudoNodeTest.php
[ERR: 13:54]: No Page-level DocBlock was found for /home/mvriel/Projects/Personal/symfony/tests/Symfony/Tests/Components/CssSelector/Node/PseudoNodeTest.php
[ERR: 13:54]: No DocBlock was found for Class PseudoNodeTest on line 17
[ERR: 13:54]: No DocBlock was found for Method testToXpath on line 19
[INFO: 13:54]: Starting to parse file: /home/mvriel/Projects/Personal/symfony/tests/Symfony/Tests/Components/CssSelector/Node/CombinedSelectorNodeTest.php
[ERR: 13:54]: No Page-level DocBlock was found for /home/mvriel/Projects/Personal/symfony/tests/Symfony/Tests/Components/CssSelector/Node/CombinedSelectorNodeTest.php
[ERR: 13:54]: No DocBlock was found for Class CombinedSelectorNodeTest on line 17
[ERR: 13:54]: No DocBlock was found for Method testToXpath on line 19
[INFO: 13:54]: Starting to parse file: /home/mvriel/Projects/Personal/symfony/tests/Symfony/Tests/Components/CssSelector/Node/ElementNodeTest.php
[ERR: 13:54]: No Page-level DocBlock was found for /home/mvriel/Projects/Personal/symfony/tests/Symfony/Tests/Components/CssSelector/Node/ElementNodeTest.php
[ERR: 13:54]: No DocBlock was found for Class ElementNodeTest on line 16
[ERR: 13:54]: No DocBlock was found for Method testToXpath on line 18
[INFO: 13:54]: Starting to parse file: /home/mvriel/Projects/Personal/symfony/tests/Symfony/Tests/Components/CssSelector/Node/ClassNodeTest.php
[ERR: 13:54]: No Page-level DocBlock was found for /home/mvriel/Projects/Personal/symfony/tests/Symfony/Tests/Components/CssSelector/Node/ClassNodeTest.php
[ERR: 13:54]: No DocBlock was found for Class ClassNodeTest on line 17
[ERR: 13:54]: No DocBlock was found for Method testToXpath on line 19
[INFO: 13:54]: Starting to parse file: /home/mvriel/Projects/Personal/symfony/tests/Symfony/Tests/Components/CssSelector/Node/AttribNodeTest.php
[ERR: 13:54]: No Page-level DocBlock was found for /home/mvriel/Projects/Personal/symfony/tests/Symfony/Tests/Components/CssSelector/Node/AttribNodeTest.php
[ERR: 13:54]: No DocBlock was found for Class AttribNodeTest on line 17
[ERR: 13:54]: No DocBlock was found for Method testToXpath on line 19
[INFO: 13:54]: Starting to parse file: /home/mvriel/Projects/Personal/symfony/tests/Symfony/Tests/Components/CssSelector/ParserTest.php
[ERR: 13:54]: No Page-level DocBlock was found for /home/mvriel/Projects/Personal/symfony/tests/Symfony/Tests/Components/CssSelector/ParserTest.php
[ERR: 13:54]: No DocBlock was found for Class ParserTest on line 16
[ERR: 13:54]: No DocBlock was found for Method testCssToXpath on line 18
[ERR: 13:54]: No DocBlock was found for Method testParseExceptions on line 37
[ERR: 13:54]: No DocBlock was found for Method getCssSelectors on line 50
[INFO: 13:54]: Starting to parse file: /home/mvriel/Projects/Personal/symfony/tests/Symfony/Tests/Components/CssSelector/TokenizerTest.php
[ERR: 13:54]: No Page-level DocBlock was found for /home/mvriel/Projects/Personal/symfony/tests/Symfony/Tests/Components/CssSelector/TokenizerTest.php
[ERR: 13:54]: No DocBlock was found for Class TokenizerTest on line 16
[ERR: 13:54]: No DocBlock was found for Property $tokenizer on line 18
[ERR: 13:54]: No DocBlock was found for Method setUp on line 20
[ERR: 13:54]: No DocBlock was found for Method testTokenizeWithQuotedStrings on line 33
[ERR: 13:54]: No DocBlock was found for Method getCssSelectors on line 39
[ERR: 13:54]: No DocBlock was found for Method tokensToString on line 54
[INFO: 13:54]: Starting to parse file: /home/mvriel/Projects/Personal/symfony/tests/Symfony/Tests/Components/CssSelector/XPathExprTest.php
[ERR: 13:54]: No Page-level DocBlock was found for /home/mvriel/Projects/Personal/symfony/tests/Symfony/Tests/Components/CssSelector/XPathExprTest.php
[ERR: 13:54]: No DocBlock was found for Class XPathExprTest on line 16
[ERR: 13:54]: No DocBlock was found for Method getXPathLiteralValues on line 26
[INFO: 13:54]: Starting to parse file: /home/mvriel/Projects/Personal/symfony/tests/Symfony/Tests/Components/HttpFoundation/ParameterBagTest.php
[ERR: 13:54]: No Page-level DocBlock was found for /home/mvriel/Projects/Personal/symfony/tests/Symfony/Tests/Components/HttpFoundation/ParameterBagTest.php
[ERR: 13:54]: No DocBlock was found for Class ParameterBagTest on line 16
[INFO: 13:54]: Starting to parse file: /home/mvriel/Projects/Personal/symfony/tests/Symfony/Tests/Components/HttpFoundation/RequestTest.php
[ERR: 13:54]: No Page-level DocBlock was found for /home/mvriel/Projects/Personal/symfony/tests/Symfony/Tests/Components/HttpFoundation/RequestTest.php
[ERR: 13:54]: No DocBlock was found for Class RequestTest on line 16
[INFO: 13:54]: Starting to parse file: /home/mvriel/Projects/Personal/symfony/tests/Symfony/Tests/Components/HttpFoundation/ResponseTest.php
[ERR: 13:54]: No Page-level DocBlock was found for /home/mvriel/Projects/Personal/symfony/tests/Symfony/Tests/Components/HttpFoundation/ResponseTest.php
[ERR: 13:54]: No DocBlock was found for Class ResponseTest on line 16
[ERR: 13:54]: No DocBlock was found for Method testIsValidateable on line 18
[ERR: 13:54]: No DocBlock was found for Method testGetDate on line 30
[ERR: 13:54]: No DocBlock was found for Method testGetMaxAge on line 45
[ERR: 13:54]: No DocBlock was found for Method testIsPrivate on line 64
[ERR: 13:54]: No DocBlock was found for Method testExpire on line 80
[ERR: 13:54]: No DocBlock was found for Method testGetTtl on line 103
[ERR: 13:54]: No DocBlock was found for Method testGetVary on line 121
[ERR: 13:54]: No DocBlock was found for Method createDateTimeOneHourAgo on line 139
[ERR: 13:54]: No DocBlock was found for Method createDateTimeOneHourLater on line 146
[ERR: 13:54]: No DocBlock was found for Method createDateTimeNow on line 153
[INFO: 13:54]: Starting to parse file: /home/mvriel/Projects/Personal/symfony/tests/Symfony/Tests/Components/Console/Fixtures/Foo1Command.php
[ERR: 13:54]: No Page-level DocBlock was found for /home/mvriel/Projects/Personal/symfony/tests/Symfony/Tests/Components/Console/Fixtures/Foo1Command.php
[ERR: 13:54]: No DocBlock was found for Class Foo1Command on line 7
[ERR: 13:54]: No DocBlock was found for Property $input on line 9
[ERR: 13:54]: No DocBlock was found for Property $output on line 10
[ERR: 13:54]: No DocBlock was found for Method configure on line 12
[ERR: 13:54]: No DocBlock was found for Method execute on line 21
[INFO: 13:54]: Starting to parse file: /home/mvriel/Projects/Personal/symfony/tests/Symfony/Tests/Components/Console/Fixtures/Foo2Command.php
[ERR: 13:54]: No Page-level DocBlock was found for /home/mvriel/Projects/Personal/symfony/tests/Symfony/Tests/Components/Console/Fixtures/Foo2Command.php
[ERR: 13:54]: No DocBlock was found for Class Foo2Command on line 7
[ERR: 13:54]: No DocBlock was found for Method configure on line 9
[ERR: 13:54]: No DocBlock was found for Method execute on line 18
[INFO: 13:54]: Starting to parse file: /home/mvriel/Projects/Personal/symfony/tests/Symfony/Tests/Components/Console/Fixtures/FooCommand.php
[ERR: 13:54]: No Page-level DocBlock was found for /home/mvriel/Projects/Personal/symfony/tests/Symfony/Tests/Components/Console/Fixtures/FooCommand.php
[ERR: 13:54]: No DocBlock was found for Class FooCommand on line 7
[ERR: 13:54]: No DocBlock was found for Property $input on line 9
[ERR: 13:54]: No DocBlock was found for Property $output on line 10
[ERR: 13:54]: No DocBlock was found for Method configure on line 12
[ERR: 13:54]: No DocBlock was found for Method interact on line 21
[ERR: 13:54]: No DocBlock was found for Method execute on line 26
[INFO: 13:54]: Starting to parse file: /home/mvriel/Projects/Personal/symfony/tests/Symfony/Tests/Components/Console/Fixtures/TestCommand.php
[ERR: 13:54]: No Page-level DocBlock was found for /home/mvriel/Projects/Personal/symfony/tests/Symfony/Tests/Components/Console/Fixtures/TestCommand.php
[ERR: 13:54]: No DocBlock was found for Class TestCommand on line 7
[ERR: 13:54]: No DocBlock was found for Method configure on line 9
[ERR: 13:54]: No DocBlock was found for Method mergeApplicationDefinition on line 19
[ERR: 13:54]: No DocBlock was found for Method getApplication on line 24
[ERR: 13:54]: No DocBlock was found for Method execute on line 29
[ERR: 13:54]: No DocBlock was found for Method interact on line 34
[ERR: 13:54]: No DocBlock was found for Method getHelper on line 39
[INFO: 13:54]: Starting to parse file: /home/mvriel/Projects/Personal/symfony/tests/Symfony/Tests/Components/Console/Output/NullOutputTest.php
[ERR: 13:54]: No Page-level DocBlock was found for /home/mvriel/Projects/Personal/symfony/tests/Symfony/Tests/Components/Console/Output/NullOutputTest.php
[ERR: 13:54]: No DocBlock was found for Class NullOutputTest on line 15
[ERR: 13:54]: No DocBlock was found for Method testConstructor on line 17
[INFO: 13:54]: Starting to parse file: /home/mvriel/Projects/Personal/symfony/tests/Symfony/Tests/Components/Console/Output/OutputTest.php
[ERR: 13:54]: No Page-level DocBlock was found for /home/mvriel/Projects/Personal/symfony/tests/Symfony/Tests/Components/Console/Output/OutputTest.php
[ERR: 13:54]: No DocBlock was found for Class OutputTest on line 15
[ERR: 13:54]: No DocBlock was found for Method testConstructor on line 17
[ERR: 13:54]: No DocBlock was found for Method testSetIsDecorated on line 24
[ERR: 13:54]: No DocBlock was found for Method testSetGetVerbosity on line 31
[ERR: 13:54]: No DocBlock was found for Method testSetStyle on line 38
[ERR: 13:54]: No DocBlock was found for Method testWrite on line 44
[ERR: 13:54]: No DocBlock was found for Class TestOutput on line 90
[ERR: 13:54]: No DocBlock was found for Property $output on line 92
[ERR: 13:54]: No DocBlock was found for Method getStyle on line 94
[ERR: 13:54]: No DocBlock was found for Method doWrite on line 99
[INFO: 13:54]: Starting to parse file: /home/mvriel/Projects/Personal/symfony/tests/Symfony/Tests/Components/Console/Output/ConsoleOutputTest.php
[ERR: 13:54]: No Page-level DocBlock was found for /home/mvriel/Projects/Personal/symfony/tests/Symfony/Tests/Components/Console/Output/ConsoleOutputTest.php
[ERR: 13:54]: No DocBlock was found for Class ConsoleOutputTest on line 16
[ERR: 13:54]: No DocBlock was found for Method testConstructor on line 18
[INFO: 13:54]: Starting to parse file: /home/mvriel/Projects/Personal/symfony/tests/Symfony/Tests/Components/Console/Output/StreamOutputTest.php
[ERR: 13:54]: No Page-level DocBlock was found for /home/mvriel/Projects/Personal/symfony/tests/Symfony/Tests/Components/Console/Output/StreamOutputTest.php
[ERR: 13:54]: No DocBlock was found for Class StreamOutputTest on line 16
[ERR: 13:54]: No DocBlock was found for Property $stream on line 18
[ERR: 13:54]: No DocBlock was found for Method setUp on line 20
[ERR: 13:54]: No DocBlock was found for Method testConstructor on line 25
[ERR: 13:54]: No DocBlock was found for Method testGetStream on line 40
[ERR: 13:54]: No DocBlock was found for Method testDoWrite on line 46
[INFO: 13:54]: Starting to parse file: /home/mvriel/Projects/Personal/symfony/tests/Symfony/Tests/Components/Console/Tester/ApplicationTesterTest.php
[ERR: 13:54]: No Page-level DocBlock was found for /home/mvriel/Projects/Personal/symfony/tests/Symfony/Tests/Components/Console/Tester/ApplicationTesterTest.php
[ERR: 13:54]: No DocBlock was found for Class ApplicationTesterTest on line 17
[ERR: 13:54]: No DocBlock was found for Property $application on line 19
[ERR: 13:54]: No DocBlock was found for Property $tester on line 20
[ERR: 13:54]: No DocBlock was found for Method setUp on line 22
[ERR: 13:54]: No DocBlock was found for Method testRun on line 36
[ERR: 13:54]: No DocBlock was found for Method testGetInput on line 43
[ERR: 13:54]: No DocBlock was found for Method testGetOutput on line 48
[ERR: 13:54]: No DocBlock was found for Method testGetDisplay on line 54
[INFO: 13:54]: Starting to parse file: /home/mvriel/Projects/Personal/symfony/tests/Symfony/Tests/Components/Console/Tester/CommandTesterTest.php
[ERR: 13:54]: No Page-level DocBlock was found for /home/mvriel/Projects/Personal/symfony/tests/Symfony/Tests/Components/Console/Tester/CommandTesterTest.php
[ERR: 13:54]: No DocBlock was found for Class CommandTesterTest on line 17
[ERR: 13:54]: No DocBlock was found for Property $application on line 19
[ERR: 13:54]: No DocBlock was found for Property $tester on line 20
[ERR: 13:54]: No DocBlock was found for Method setUp on line 22
[ERR: 13:54]: No DocBlock was found for Method testExecute on line 33
[ERR: 13:54]: No DocBlock was found for Method testGetInput on line 40
[ERR: 13:54]: No DocBlock was found for Method testGetOutput on line 45
[ERR: 13:54]: No DocBlock was found for Method testGetDisplay on line 51
[INFO: 13:54]: Starting to parse file: /home/mvriel/Projects/Personal/symfony/tests/Symfony/Tests/Components/Console/Command/ListCommandTest.php
[ERR: 13:54]: No Page-level DocBlock was found for /home/mvriel/Projects/Personal/symfony/tests/Symfony/Tests/Components/Console/Command/ListCommandTest.php
[ERR: 13:54]: No DocBlock was found for Class ListCommandTest on line 16
[ERR: 13:54]: No DocBlock was found for Method testExecute on line 18
[INFO: 13:54]: Starting to parse file: /home/mvriel/Projects/Personal/symfony/tests/Symfony/Tests/Components/Console/Command/CommandTest.php
[ERR: 13:54]: No Page-level DocBlock was found for /home/mvriel/Projects/Personal/symfony/tests/Symfony/Tests/Components/Console/Command/CommandTest.php
[ERR: 13:54]: No DocBlock was found for Class CommandTest on line 26
[ERR: 13:54]: No DocBlock was found for Property $fixturesPath on line 28
[ERR: 13:54]: No DocBlock was found for Method setUpBeforeClass on line 30
[ERR: 13:54]: No DocBlock was found for Method testConstructor on line 36
[ERR: 13:54]: No DocBlock was found for Method testSetApplication on line 49
[ERR: 13:54]: No DocBlock was found for Method testSetGetDefinition on line 57
[ERR: 13:54]: No DocBlock was found for Method testAddArgument on line 69
[ERR: 13:54]: No DocBlock was found for Method testAddOption on line 77
[ERR: 13:54]: No DocBlock was found for Method testGetNamespaceGetNameGetFullNameSetName on line 85
[ERR: 13:54]: No DocBlock was found for Method testGetSetDescription on line 120
[ERR: 13:54]: No DocBlock was found for Method testGetSetHelp on line 129
[ERR: 13:54]: No DocBlock was found for Method testGetSetAliases on line 138
[ERR: 13:54]: No DocBlock was found for Method testGetSynopsis on line 147
[ERR: 13:54]: No DocBlock was found for Method testGetHelper on line 155
[ERR: 13:54]: No DocBlock was found for Method testGet on line 164
[ERR: 13:54]: No DocBlock was found for Method testMergeApplicationDefinition on line 173
[ERR: 13:54]: No DocBlock was found for Method testRun on line 194
[ERR: 13:54]: No DocBlock was found for Method testSetCode on line 219
[ERR: 13:54]: No DocBlock was found for Method testAsText on line 232
[ERR: 13:54]: No DocBlock was found for Method testAsXml on line 241
[INFO: 13:54]: Starting to parse file: /home/mvriel/Projects/Personal/symfony/tests/Symfony/Tests/Components/Console/Command/HelpCommandTest.php
[ERR: 13:54]: No Page-level DocBlock was found for /home/mvriel/Projects/Personal/symfony/tests/Symfony/Tests/Components/Console/Command/HelpCommandTest.php
[ERR: 13:54]: No DocBlock was found for Class HelpCommandTest on line 18
[ERR: 13:54]: No DocBlock was found for Method testExecute on line 20
[INFO: 13:54]: Starting to parse file: /home/mvriel/Projects/Personal/symfony/tests/Symfony/Tests/Components/Console/ApplicationTest.php
[ERR: 13:54]: No Page-level DocBlock was found for /home/mvriel/Projects/Personal/symfony/tests/Symfony/Tests/Components/Console/ApplicationTest.php
[ERR: 13:54]: No DocBlock was found for Class ApplicationTest on line 19
[ERR: 13:54]: No DocBlock was found for Property $fixturesPath on line 21
[ERR: 13:54]: No DocBlock was found for Method setUpBeforeClass on line 23
[ERR: 13:54]: No DocBlock was found for Method testConstructor on line 31
[ERR: 13:54]: No DocBlock was found for Method testSetGetName on line 39
[ERR: 13:54]: No DocBlock was found for Method testSetGetVersion on line 46
[ERR: 13:54]: No DocBlock was found for Method testGetLongVersion on line 53
[ERR: 13:54]: No DocBlock was found for Method testHelp on line 59
[ERR: 13:54]: No DocBlock was found for Method testGetCommands on line 65
[ERR: 13:54]: No DocBlock was found for Method testRegister on line 76
[ERR: 13:54]: No DocBlock was found for Method testAddCommand on line 83
[ERR: 13:54]: No DocBlock was found for Method testHasGetCommand on line 96
[ERR: 13:54]: No DocBlock was found for Method testGetNamespaces on line 122
[ERR: 13:54]: No DocBlock was found for Method testFindNamespace on line 130
[ERR: 13:54]: No DocBlock was found for Method testFindCommand on line 155
[ERR: 13:54]: No DocBlock was found for Method testSetCatchExceptions on line 193
[ERR: 13:54]: No DocBlock was found for Method testAsText on line 213
[ERR: 13:54]: No DocBlock was found for Method testAsXml on line 221
[ERR: 13:54]: No DocBlock was found for Method testRenderException on line 229
[ERR: 13:54]: No DocBlock was found for Method testRun on line 245
[ERR: 13:54]: No DocBlock was found for Class TestApplication on line 315
[ERR: 13:54]: No DocBlock was found for Method setWantHelps on line 317
[INFO: 13:54]: Starting to parse file: /home/mvriel/Projects/Personal/symfony/tests/Symfony/Tests/Components/Console/Helper/FormatterHelperTest.php
[ERR: 13:54]: No Page-level DocBlock was found for /home/mvriel/Projects/Personal/symfony/tests/Symfony/Tests/Components/Console/Helper/FormatterHelperTest.php
[ERR: 13:54]: No DocBlock was found for Class FormatterHelperTest on line 15
[ERR: 13:54]: No DocBlock was found for Method testFormatSection on line 17
[ERR: 13:54]: No DocBlock was found for Method testFormatBlock on line 24
[INFO: 13:54]: Starting to parse file: /home/mvriel/Projects/Personal/symfony/tests/Symfony/Tests/Components/Console/Input/InputTest.php
[ERR: 13:54]: No Page-level DocBlock was found for /home/mvriel/Projects/Personal/symfony/tests/Symfony/Tests/Components/Console/Input/InputTest.php
[ERR: 13:54]: No DocBlock was found for Class InputTest on line 18
[ERR: 13:54]: No DocBlock was found for Method testConstructor on line 20
[ERR: 13:54]: No DocBlock was found for Method testOptions on line 26
[ERR: 13:54]: No DocBlock was found for Method testArguments on line 56
[ERR: 13:54]: No DocBlock was found for Method testValidate on line 86
[ERR: 13:54]: No DocBlock was found for Method testSetFetInteractive on line 109
[INFO: 13:54]: Starting to parse file: /home/mvriel/Projects/Personal/symfony/tests/Symfony/Tests/Components/Console/Input/InputArgumentTest.php
[ERR: 13:54]: No Page-level DocBlock was found for /home/mvriel/Projects/Personal/symfony/tests/Symfony/Tests/Components/Console/Input/InputArgumentTest.php
[ERR: 13:54]: No DocBlock was found for Class InputArgumentTest on line 16
[ERR: 13:54]: No DocBlock was found for Method testConstructor on line 18
[ERR: 13:54]: No DocBlock was found for Method testIsArray on line 45
[ERR: 13:54]: No DocBlock was found for Method testGetDescription on line 55
[ERR: 13:54]: No DocBlock was found for Method testGetDefault on line 61
[ERR: 13:54]: No DocBlock was found for Method testSetDefault on line 67
[INFO: 13:54]: Starting to parse file: /home/mvriel/Projects/Personal/symfony/tests/Symfony/Tests/Components/Console/Input/StringInputTest.php
[ERR: 13:54]: No Page-level DocBlock was found for /home/mvriel/Projects/Personal/symfony/tests/Symfony/Tests/Components/Console/Input/StringInputTest.php
[ERR: 13:54]: No DocBlock was found for Class StringInputTest on line 15
[ERR: 13:54]: No DocBlock was found for Method testTokenize on line 17
[ERR: 13:54]: No DocBlock was found for Class TestInput1 on line 90
[ERR: 13:54]: No DocBlock was found for Method getTokens on line 92
[INFO: 13:54]: Starting to parse file: /home/mvriel/Projects/Personal/symfony/tests/Symfony/Tests/Components/Console/Input/ArgvInputTest.php
[ERR: 13:54]: No Page-level DocBlock was found for /home/mvriel/Projects/Personal/symfony/tests/Symfony/Tests/Components/Console/Input/ArgvInputTest.php
[ERR: 13:54]: No DocBlock was found for Class ArgvInputTest on line 18
[ERR: 13:54]: No DocBlock was found for Method testConstructor on line 20
[ERR: 13:54]: No DocBlock was found for Method testParser on line 27
[ERR: 13:54]: No DocBlock was found for Method testGetFirstArgument on line 139
[ERR: 13:54]: No DocBlock was found for Method testHasParameterOption on line 148
[ERR: 13:54]: No DocBlock was found for Class TestInput on line 161
[ERR: 13:54]: No DocBlock was found for Method getTokens on line 163
[INFO: 13:54]: Starting to parse file: /home/mvriel/Projects/Personal/symfony/tests/Symfony/Tests/Components/Console/Input/ArrayInputTest.php
[ERR: 13:54]: No Page-level DocBlock was found for /home/mvriel/Projects/Personal/symfony/tests/Symfony/Tests/Components/Console/Input/ArrayInputTest.php
[ERR: 13:54]: No DocBlock was found for Class ArrayInputTest on line 18
[ERR: 13:54]: No DocBlock was found for Method testGetFirstArgument on line 20
[ERR: 13:54]: No DocBlock was found for Method testHasParameterOption on line 30
[ERR: 13:54]: No DocBlock was found for Method testParse on line 40
[INFO: 13:54]: Starting to parse file: /home/mvriel/Projects/Personal/symfony/tests/Symfony/Tests/Components/Console/Input/InputDefinitionTest.php
[ERR: 13:54]: No Page-level DocBlock was found for /home/mvriel/Projects/Personal/symfony/tests/Symfony/Tests/Components/Console/Input/InputDefinitionTest.php
[ERR: 13:54]: No DocBlock was found for Class InputDefinitionTest on line 18
[ERR: 13:54]: No DocBlock was found for Property $fixtures on line 20
[ERR: 13:54]: No DocBlock was found for Property $foo on line 22
[ERR: 13:54]: No DocBlock was found for Property $bar on line 22
[ERR: 13:54]: No DocBlock was found for Property $foo1 on line 22
[ERR: 13:54]: No DocBlock was found for Property $foo2 on line 22
[ERR: 13:54]: No DocBlock was found for Method setUpBeforeClass on line 24
[ERR: 13:54]: No DocBlock was found for Method testConstructor on line 29
[ERR: 13:54]: No DocBlock was found for Method testSetArguments on line 48
[ERR: 13:54]: No DocBlock was found for Method testAddArguments on line 60
[ERR: 13:54]: No DocBlock was found for Method testAddArgument on line 71
[ERR: 13:54]: No DocBlock was found for Method testGetArgument on line 113
[ERR: 13:54]: No DocBlock was found for Method testHasArgument on line 129
[ERR: 13:54]: No DocBlock was found for Method testGetArgumentRequiredCount on line 139
[ERR: 13:54]: No DocBlock was found for Method testGetArgumentCount on line 150
[ERR: 13:54]: No DocBlock was found for Method testGetArgumentDefaults on line 161
[ERR: 13:54]: No DocBlock was found for Method testSetOptions on line 177
[ERR: 13:54]: No DocBlock was found for Method testAddOptions on line 194
[ERR: 13:54]: No DocBlock was found for Method testAddOption on line 204
[ERR: 13:54]: No DocBlock was found for Method testGetOption on line 229
[ERR: 13:54]: No DocBlock was found for Method testHasOption on line 244
[ERR: 13:54]: No DocBlock was found for Method testHasShortcut on line 253
[ERR: 13:54]: No DocBlock was found for Method testGetOptionForShortcut on line 262
[ERR: 13:54]: No DocBlock was found for Method testGetOptionDefaults on line 277
[ERR: 13:54]: No DocBlock was found for Method testGetSynopsis on line 300
[ERR: 13:54]: No DocBlock was found for Method testAsText on line 321
[ERR: 13:54]: No DocBlock was found for Method testAsXml on line 332
[ERR: 13:54]: No DocBlock was found for Method initializeArguments on line 343
[ERR: 13:54]: No DocBlock was found for Method initializeOptions on line 351
[INFO: 13:54]: Starting to parse file: /home/mvriel/Projects/Personal/symfony/tests/Symfony/Tests/Components/Console/Input/InputOptionTest.php
[ERR: 13:54]: No Page-level DocBlock was found for /home/mvriel/Projects/Personal/symfony/tests/Symfony/Tests/Components/Console/Input/InputOptionTest.php
[ERR: 13:54]: No DocBlock was found for Class InputOptionTest on line 16
[ERR: 13:54]: No DocBlock was found for Method testConstructor on line 18
[ERR: 13:54]: No DocBlock was found for Method testIsArray on line 74
[ERR: 13:54]: No DocBlock was found for Method testGetDescription on line 82
[ERR: 13:54]: No DocBlock was found for Method testGetDefault on line 88
[ERR: 13:54]: No DocBlock was found for Method testSetDefault on line 106
[INFO: 13:54]: Starting to parse file: /home/mvriel/Projects/Personal/symfony/tests/Symfony/Tests/Components/DependencyInjection/Fixtures/php/services1.php
[ERR: 13:54]: No Page-level DocBlock was found for /home/mvriel/Projects/Personal/symfony/tests/Symfony/Tests/Components/DependencyInjection/Fixtures/php/services1.php
[ERR: 13:54]: No DocBlock was found for Property $shared on line 17
[INFO: 13:54]: Starting to parse file: /home/mvriel/Projects/Personal/symfony/tests/Symfony/Tests/Components/DependencyInjection/Fixtures/php/services8.php
[ERR: 13:54]: No Page-level DocBlock was found for /home/mvriel/Projects/Personal/symfony/tests/Symfony/Tests/Components/DependencyInjection/Fixtures/php/services8.php
[ERR: 13:54]: No DocBlock was found for Property $shared on line 17
[INFO: 13:54]: Starting to parse file: /home/mvriel/Projects/Personal/symfony/tests/Symfony/Tests/Components/DependencyInjection/Fixtures/php/services9.php
[ERR: 13:54]: No Page-level DocBlock was found for /home/mvriel/Projects/Personal/symfony/tests/Symfony/Tests/Components/DependencyInjection/Fixtures/php/services9.php
[ERR: 13:54]: No DocBlock was found for Property $shared on line 17
[INFO: 13:54]: Starting to parse file: /home/mvriel/Projects/Personal/symfony/tests/Symfony/Tests/Components/DependencyInjection/Fixtures/php/simple.php
[ERR: 13:54]: No Page-level DocBlock was found for /home/mvriel/Projects/Personal/symfony/tests/Symfony/Tests/Components/DependencyInjection/Fixtures/php/simple.php
[INFO: 13:54]: Starting to parse file: /home/mvriel/Projects/Personal/symfony/tests/Symfony/Tests/Components/DependencyInjection/Fixtures/php/services1-1.php
[ALERT: 13:54]: >>  Unable to parse file, an error was detected: The given file could not be interpreted as it contains errors: Errors parsing /home/mvriel/Projects/Personal/symfony/tests/Symfony/Tests/Components/DependencyInjection/Fixtures/php/services1-1.php
[INFO: 13:54]: Starting to parse file: /home/mvriel/Projects/Personal/symfony/tests/Symfony/Tests/Components/DependencyInjection/Fixtures/includes/ProjectExtension.php
[ERR: 13:54]: No Page-level DocBlock was found for /home/mvriel/Projects/Personal/symfony/tests/Symfony/Tests/Components/DependencyInjection/Fixtures/includes/ProjectExtension.php
[ERR: 13:54]: No DocBlock was found for Class ProjectExtension on line 7
[ERR: 13:54]: No DocBlock was found for Method barLoad on line 9
[ERR: 13:54]: No DocBlock was found for Method getXsdValidationBasePath on line 20
[ERR: 13:54]: No DocBlock was found for Method getNamespace on line 25
[ERR: 13:54]: No DocBlock was found for Method getAlias on line 30
[INFO: 13:54]: Starting to parse file: /home/mvriel/Projects/Personal/symfony/tests/Symfony/Tests/Components/DependencyInjection/Fixtures/includes/foo.php
[ERR: 13:54]: No Page-level DocBlock was found for /home/mvriel/Projects/Personal/symfony/tests/Symfony/Tests/Components/DependencyInjection/Fixtures/includes/foo.php
[ERR: 13:54]: No DocBlock was found for Class FooClass on line 3
[ERR: 13:54]: No DocBlock was found for Property $bar on line 5
[ERR: 13:54]: No DocBlock was found for Property $initialized on line 5
[ERR: 13:54]: No DocBlock was found for Property $configured on line 5
[ERR: 13:54]: No DocBlock was found for Property $called on line 5
[ERR: 13:54]: No DocBlock was found for Property $arguments on line 5
[ERR: 13:54]: No DocBlock was found for Method __construct on line 7
[ERR: 13:54]: No DocBlock was found for Method getInstance on line 12
[ERR: 13:54]: No DocBlock was found for Method initialize on line 20
[ERR: 13:54]: No DocBlock was found for Method configure on line 25
[ERR: 13:54]: No DocBlock was found for Method setBar on line 30
[INFO: 13:54]: Starting to parse file: /home/mvriel/Projects/Personal/symfony/tests/Symfony/Tests/Components/DependencyInjection/Fixtures/includes/classes.php
[ERR: 13:54]: No Page-level DocBlock was found for /home/mvriel/Projects/Personal/symfony/tests/Symfony/Tests/Components/DependencyInjection/Fixtures/includes/classes.php
[ERR: 13:54]: No DocBlock was found for Function sc_configure on line 3
[ERR: 13:54]: No DocBlock was found for Class BarClass on line 8
[ERR: 13:54]: No DocBlock was found for Class BazClass on line 12
[ERR: 13:54]: No DocBlock was found for Method configure on line 14
[ERR: 13:54]: No DocBlock was found for Method getInstance on line 19
[ERR: 13:54]: No DocBlock was found for Method configureStatic on line 24
[ERR: 13:54]: No DocBlock was found for Method configureStatic1 on line 29
[INFO: 13:54]: Starting to parse file: /home/mvriel/Projects/Personal/symfony/tests/Symfony/Tests/Components/DependencyInjection/Fixtures/includes/ProjectWithXsdExtension.php
[ERR: 13:54]: No Page-level DocBlock was found for /home/mvriel/Projects/Personal/symfony/tests/Symfony/Tests/Components/DependencyInjection/Fixtures/includes/ProjectWithXsdExtension.php
[ERR: 13:54]: No DocBlock was found for Class ProjectWithXsdExtension on line 7
[ERR: 13:54]: No DocBlock was found for Method getXsdValidationBasePath on line 9
[ERR: 13:54]: No DocBlock was found for Method getNamespace on line 14
[ERR: 13:54]: No DocBlock was found for Method getAlias on line 19
[INFO: 13:54]: Starting to parse file: /home/mvriel/Projects/Personal/symfony/tests/Symfony/Tests/Components/DependencyInjection/Fixtures/containers/container9.php
[ERR: 13:54]: No Page-level DocBlock was found for /home/mvriel/Projects/Personal/symfony/tests/Symfony/Tests/Components/DependencyInjection/Fixtures/containers/container9.php
[INFO: 13:54]: Starting to parse file: /home/mvriel/Projects/Personal/symfony/tests/Symfony/Tests/Components/DependencyInjection/Fixtures/containers/container8.php
[ERR: 13:54]: No Page-level DocBlock was found for /home/mvriel/Projects/Personal/symfony/tests/Symfony/Tests/Components/DependencyInjection/Fixtures/containers/container8.php
[INFO: 13:54]: Starting to parse file: /home/mvriel/Projects/Personal/symfony/tests/Symfony/Tests/Components/DependencyInjection/Fixtures/containers/container10.php
[ERR: 13:54]: No Page-level DocBlock was found for /home/mvriel/Projects/Personal/symfony/tests/Symfony/Tests/Components/DependencyInjection/Fixtures/containers/container10.php
[INFO: 13:54]: Starting to parse file: /home/mvriel/Projects/Personal/symfony/tests/Symfony/Tests/Components/DependencyInjection/ParameterBag/FrozenParameterBagTest.php
[ERR: 13:54]: No Page-level DocBlock was found for /home/mvriel/Projects/Personal/symfony/tests/Symfony/Tests/Components/DependencyInjection/ParameterBag/FrozenParameterBagTest.php
[ERR: 13:54]: No DocBlock was found for Class FrozenParameterBagTest on line 15
[INFO: 13:54]: Starting to parse file: /home/mvriel/Projects/Personal/symfony/tests/Symfony/Tests/Components/DependencyInjection/ParameterBag/ParameterBagTest.php
[ERR: 13:54]: No Page-level DocBlock was found for /home/mvriel/Projects/Personal/symfony/tests/Symfony/Tests/Components/DependencyInjection/ParameterBag/ParameterBagTest.php
[ERR: 13:54]: No DocBlock was found for Class ParameterBagTest on line 15
[INFO: 13:54]: Starting to parse file: /home/mvriel/Projects/Personal/symfony/tests/Symfony/Tests/Components/DependencyInjection/ReferenceTest.php
[ERR: 13:54]: No Page-level DocBlock was found for /home/mvriel/Projects/Personal/symfony/tests/Symfony/Tests/Components/DependencyInjection/ReferenceTest.php
[ERR: 13:54]: No DocBlock was found for Class ReferenceTest on line 15
[INFO: 13:54]: Starting to parse file: /home/mvriel/Projects/Personal/symfony/tests/Symfony/Tests/Components/DependencyInjection/Loader/ClosureLoaderTest.php
[ERR: 13:54]: No Page-level DocBlock was found for /home/mvriel/Projects/Personal/symfony/tests/Symfony/Tests/Components/DependencyInjection/Loader/ClosureLoaderTest.php
[ERR: 13:54]: No DocBlock was found for Class ClosureLoaderTest on line 17
[INFO: 13:54]: Starting to parse file: /home/mvriel/Projects/Personal/symfony/tests/Symfony/Tests/Components/DependencyInjection/Loader/XmlFileLoaderTest.php
[ERR: 13:54]: No Page-level DocBlock was found for /home/mvriel/Projects/Personal/symfony/tests/Symfony/Tests/Components/DependencyInjection/Loader/XmlFileLoaderTest.php
[ERR: 13:54]: No DocBlock was found for Class XmlFileLoaderTest on line 22
[ERR: 13:54]: No DocBlock was found for Property $fixturesPath on line 24
[ERR: 13:54]: No DocBlock was found for Method setUpBeforeClass on line 26
[ERR: 13:54]: No DocBlock was found for Method testLoad on line 33
[ERR: 13:54]: No DocBlock was found for Method testParseFile on line 46
[ERR: 13:54]: No DocBlock was found for Method testLoadParameters on line 72
[ERR: 13:54]: No DocBlock was found for Method testLoadImports on line 84
[ERR: 13:54]: No DocBlock was found for Method testLoadAnonymousServices on line 101
[ERR: 13:54]: No DocBlock was found for Method testLoadServices on line 123
[ERR: 13:54]: No DocBlock was found for Method testConvertDomElementToArray on line 149
[ERR: 13:54]: No DocBlock was found for Method testExtensions on line 180
[ERR: 13:54]: No DocBlock was found for Class ProjectLoader2 on line 257
[ERR: 13:54]: No DocBlock was found for Method parseFile on line 259
[INFO: 13:54]: Starting to parse file: /home/mvriel/Projects/Personal/symfony/tests/Symfony/Tests/Components/DependencyInjection/Loader/YamlFileLoaderTest.php
[ERR: 13:54]: No Page-level DocBlock was found for /home/mvriel/Projects/Personal/symfony/tests/Symfony/Tests/Components/DependencyInjection/Loader/YamlFileLoaderTest.php
[ERR: 13:54]: No DocBlock was found for Class YamlFileLoaderTest on line 22
[ERR: 13:54]: No DocBlock was found for Property $fixturesPath on line 24
[ERR: 13:54]: No DocBlock was found for Method setUpBeforeClass on line 26
[ERR: 13:54]: No DocBlock was found for Method testLoadFile on line 32
[ERR: 13:54]: No DocBlock was found for Method testLoadParameters on line 65
[ERR: 13:54]: No DocBlock was found for Method testLoadImports on line 73
[ERR: 13:54]: No DocBlock was found for Method testLoadServices on line 89
[ERR: 13:54]: No DocBlock was found for Method testExtensions on line 115
[ERR: 13:54]: No DocBlock was found for Class ProjectLoader3 on line 160
[ERR: 13:54]: No DocBlock was found for Method loadFile on line 162
[INFO: 13:54]: Starting to parse file: /home/mvriel/Projects/Personal/symfony/tests/Symfony/Tests/Components/DependencyInjection/Loader/LoaderTest.php
[ERR: 13:54]: No Page-level DocBlock was found for /home/mvriel/Projects/Personal/symfony/tests/Symfony/Tests/Components/DependencyInjection/Loader/LoaderTest.php
[ERR: 13:54]: No DocBlock was found for Class LoaderTest on line 18
[ERR: 13:54]: No DocBlock was found for Class ProjectLoader1 on line 66
[ERR: 13:54]: No DocBlock was found for Method load on line 68
[ERR: 13:54]: No DocBlock was found for Method supports on line 72
[INFO: 13:54]: Starting to parse file: /home/mvriel/Projects/Personal/symfony/tests/Symfony/Tests/Components/DependencyInjection/Loader/PhpFileLoaderTest.php
[ERR: 13:54]: No Page-level DocBlock was found for /home/mvriel/Projects/Personal/symfony/tests/Symfony/Tests/Components/DependencyInjection/Loader/PhpFileLoaderTest.php
[ERR: 13:54]: No DocBlock was found for Class PhpFileLoaderTest on line 20
[INFO: 13:54]: Starting to parse file: /home/mvriel/Projects/Personal/symfony/tests/Symfony/Tests/Components/DependencyInjection/Loader/LoaderResolverTest.php
[ERR: 13:54]: No Page-level DocBlock was found for /home/mvriel/Projects/Personal/symfony/tests/Symfony/Tests/Components/DependencyInjection/Loader/LoaderResolverTest.php
[ERR: 13:54]: No DocBlock was found for Class LoaderResolverTest on line 17
[INFO: 13:54]: Starting to parse file: /home/mvriel/Projects/Personal/symfony/tests/Symfony/Tests/Components/DependencyInjection/Loader/FileLoaderTest.php
[ERR: 13:54]: No Page-level DocBlock was found for /home/mvriel/Projects/Personal/symfony/tests/Symfony/Tests/Components/DependencyInjection/Loader/FileLoaderTest.php
[ERR: 13:54]: No DocBlock was found for Class FileLoaderTest on line 16
[ERR: 13:54]: No DocBlock was found for Class ProjectLoader on line 49
[ERR: 13:54]: No DocBlock was found for Property $paths on line 51
[ERR: 13:54]: No DocBlock was found for Method load on line 53
[ERR: 13:54]: No DocBlock was found for Method supports on line 57
[ERR: 13:54]: No DocBlock was found for Method getAbsolutePath on line 62
[INFO: 13:54]: Starting to parse file: /home/mvriel/Projects/Personal/symfony/tests/Symfony/Tests/Components/DependencyInjection/Loader/DelegatingLoaderTest.php
[ERR: 13:54]: No Page-level DocBlock was found for /home/mvriel/Projects/Personal/symfony/tests/Symfony/Tests/Components/DependencyInjection/Loader/DelegatingLoaderTest.php
[ERR: 13:54]: No DocBlock was found for Class DelegatingLoaderTest on line 19
[INFO: 13:54]: Starting to parse file: /home/mvriel/Projects/Personal/symfony/tests/Symfony/Tests/Components/DependencyInjection/Loader/IniFileLoaderTest.php
[ERR: 13:54]: No Page-level DocBlock was found for /home/mvriel/Projects/Personal/symfony/tests/Symfony/Tests/Components/DependencyInjection/Loader/IniFileLoaderTest.php
[ERR: 13:54]: No DocBlock was found for Class IniFileLoaderTest on line 16
[ERR: 13:54]: No DocBlock was found for Property $fixturesPath on line 18
[ERR: 13:54]: No DocBlock was found for Method setUpBeforeClass on line 20
[INFO: 13:54]: Starting to parse file: /home/mvriel/Projects/Personal/symfony/tests/Symfony/Tests/Components/DependencyInjection/Dumper/YamlDumperTest.php
[ERR: 13:54]: No Page-level DocBlock was found for /home/mvriel/Projects/Personal/symfony/tests/Symfony/Tests/Components/DependencyInjection/Dumper/YamlDumperTest.php
[ERR: 13:54]: No DocBlock was found for Class YamlDumperTest on line 16
[ERR: 13:54]: No DocBlock was found for Property $fixturesPath on line 18
[ERR: 13:54]: No DocBlock was found for Method setUpBeforeClass on line 20
[ERR: 13:54]: No DocBlock was found for Method testDump on line 25
[ERR: 13:54]: No DocBlock was found for Method testAddParameters on line 35
[ERR: 13:54]: No DocBlock was found for Method testAddService on line 42
[INFO: 13:54]: Starting to parse file: /home/mvriel/Projects/Personal/symfony/tests/Symfony/Tests/Components/DependencyInjection/Dumper/GraphvizDumperTest.php
[ERR: 13:54]: No Page-level DocBlock was found for /home/mvriel/Projects/Personal/symfony/tests/Symfony/Tests/Components/DependencyInjection/Dumper/GraphvizDumperTest.php
[ERR: 13:54]: No DocBlock was found for Class GraphvizDumperTest on line 16
[ERR: 13:54]: No DocBlock was found for Property $fixturesPath on line 18
[ERR: 13:54]: No DocBlock was found for Method setUpBeforeClass on line 20
[ERR: 13:54]: No DocBlock was found for Method testDump on line 25
[INFO: 13:54]: Starting to parse file: /home/mvriel/Projects/Personal/symfony/tests/Symfony/Tests/Components/DependencyInjection/Dumper/PhpDumperTest.php
[ERR: 13:54]: No Page-level DocBlock was found for /home/mvriel/Projects/Personal/symfony/tests/Symfony/Tests/Components/DependencyInjection/Dumper/PhpDumperTest.php
[ERR: 13:54]: No DocBlock was found for Class PhpDumperTest on line 18
[ERR: 13:54]: No DocBlock was found for Property $fixturesPath on line 20
[ERR: 13:54]: No DocBlock was found for Method setUpBeforeClass on line 22
[ERR: 13:54]: No DocBlock was found for Method testDump on line 27
[ERR: 13:54]: No DocBlock was found for Method testAddParameters on line 47
[ERR: 13:54]: No DocBlock was found for Method testAddService on line 54
[ERR: 13:54]: No DocBlock was found for Method testOverrideServiceWhenUsingADumpedContainer on line 71
[INFO: 13:54]: Starting to parse file: /home/mvriel/Projects/Personal/symfony/tests/Symfony/Tests/Components/DependencyInjection/Dumper/XmlDumperTest.php
[ERR: 13:54]: No Page-level DocBlock was found for /home/mvriel/Projects/Personal/symfony/tests/Symfony/Tests/Components/DependencyInjection/Dumper/XmlDumperTest.php
[ERR: 13:54]: No DocBlock was found for Class XmlDumperTest on line 16
[ERR: 13:54]: No DocBlock was found for Property $fixturesPath on line 18
[ERR: 13:54]: No DocBlock was found for Method setUpBeforeClass on line 20
[ERR: 13:54]: No DocBlock was found for Method testDump on line 25
[ERR: 13:54]: No DocBlock was found for Method testExportParameters on line 35
[ERR: 13:54]: No DocBlock was found for Method testAddParameters on line 42
[ERR: 13:54]: No DocBlock was found for Method testAddService on line 49
[INFO: 13:54]: Starting to parse file: /home/mvriel/Projects/Personal/symfony/tests/Symfony/Tests/Components/DependencyInjection/Dumper/DumperTest.php
[ERR: 13:54]: No Page-level DocBlock was found for /home/mvriel/Projects/Personal/symfony/tests/Symfony/Tests/Components/DependencyInjection/Dumper/DumperTest.php
[ERR: 13:54]: No DocBlock was found for Class DumperTest on line 16
[ERR: 13:54]: No DocBlock was found for Method testDump on line 18
[ERR: 13:54]: No DocBlock was found for Class ProjectDumper on line 32
[INFO: 13:54]: Starting to parse file: /home/mvriel/Projects/Personal/symfony/tests/Symfony/Tests/Components/DependencyInjection/Extension/ExtensionTest.php
[ERR: 13:54]: No Page-level DocBlock was found for /home/mvriel/Projects/Personal/symfony/tests/Symfony/Tests/Components/DependencyInjection/Extension/ExtensionTest.php
[ERR: 13:54]: No DocBlock was found for Class ExtensionTest on line 17
[INFO: 13:54]: Starting to parse file: /home/mvriel/Projects/Personal/symfony/tests/Symfony/Tests/Components/DependencyInjection/ContainerBuilderTest.php
[ERR: 13:54]: No Page-level DocBlock was found for /home/mvriel/Projects/Personal/symfony/tests/Symfony/Tests/Components/DependencyInjection/ContainerBuilderTest.php
[ERR: 13:54]: No DocBlock was found for Class ContainerBuilderTest on line 22
[INFO: 13:54]: Starting to parse file: /home/mvriel/Projects/Personal/symfony/tests/Symfony/Tests/Components/DependencyInjection/CrossCheckTest.php
[ERR: 13:54]: No Page-level DocBlock was found for /home/mvriel/Projects/Personal/symfony/tests/Symfony/Tests/Components/DependencyInjection/CrossCheckTest.php
[ERR: 13:54]: No DocBlock was found for Class CrossCheckTest on line 15
[ERR: 13:54]: No DocBlock was found for Property $fixturesPath on line 17
[ERR: 13:54]: No DocBlock was found for Method setUpBeforeClass on line 19
[ERR: 13:54]: No DocBlock was found for Method crossCheckLoadersDumpers on line 72
[INFO: 13:54]: Starting to parse file: /home/mvriel/Projects/Personal/symfony/tests/Symfony/Tests/Components/DependencyInjection/ParameterTest.php
[ERR: 13:54]: No Page-level DocBlock was found for /home/mvriel/Projects/Personal/symfony/tests/Symfony/Tests/Components/DependencyInjection/ParameterTest.php
[ERR: 13:54]: No DocBlock was found for Class ParameterTest on line 15
[INFO: 13:54]: Starting to parse file: /home/mvriel/Projects/Personal/symfony/tests/Symfony/Tests/Components/DependencyInjection/Resource/FileResourceTest.php
[ERR: 13:54]: No Page-level DocBlock was found for /home/mvriel/Projects/Personal/symfony/tests/Symfony/Tests/Components/DependencyInjection/Resource/FileResourceTest.php
[ERR: 13:54]: No DocBlock was found for Class FileResourceTest on line 15
[ERR: 13:54]: No DocBlock was found for Property $resource on line 17
[ERR: 13:54]: No DocBlock was found for Property $file on line 18
[ERR: 13:54]: No DocBlock was found for Method setUp on line 20
[ERR: 13:54]: No DocBlock was found for Method tearDown on line 27
[INFO: 13:54]: Starting to parse file: /home/mvriel/Projects/Personal/symfony/tests/Symfony/Tests/Components/DependencyInjection/DefinitionTest.php
[ERR: 13:54]: No Page-level DocBlock was found for /home/mvriel/Projects/Personal/symfony/tests/Symfony/Tests/Components/DependencyInjection/DefinitionTest.php
[ERR: 13:54]: No DocBlock was found for Class DefinitionTest on line 15
[ERR: 13:54]: No DocBlock was found for Method testSetGetFactoryService on line 40
[INFO: 13:54]: Starting to parse file: /home/mvriel/Projects/Personal/symfony/tests/Symfony/Tests/Components/DependencyInjection/ContainerTest.php
[ERR: 13:54]: No Page-level DocBlock was found for /home/mvriel/Projects/Personal/symfony/tests/Symfony/Tests/Components/DependencyInjection/ContainerTest.php
[ERR: 13:54]: No DocBlock was found for Class ContainerTest on line 17
[ERR: 13:54]: No DocBlock was found for Class ProjectServiceContainer on line 206
[ERR: 13:54]: No DocBlock was found for Property $__bar on line 208
[ERR: 13:54]: No DocBlock was found for Property $__foo_bar on line 208
[ERR: 13:54]: No DocBlock was found for Property $__foo_baz on line 208
[ERR: 13:54]: No DocBlock was found for Method __construct on line 210
[ERR: 13:54]: No DocBlock was found for Method getBarService on line 219
[ERR: 13:54]: No DocBlock was found for Method getFooBarService on line 224
[ERR: 13:54]: No DocBlock was found for Method getFoo_BazService on line 229
[INFO: 13:54]: Starting to parse file: /home/mvriel/Projects/Personal/symfony/tests/Symfony/Tests/Components/BrowserKit/ClientTest.php
[ERR: 13:54]: No Page-level DocBlock was found for /home/mvriel/Projects/Personal/symfony/tests/Symfony/Tests/Components/BrowserKit/ClientTest.php
[ERR: 13:54]: No DocBlock was found for Class TestClient on line 20
[ERR: 13:54]: No DocBlock was found for Property $nextResponse on line 22
[ERR: 13:54]: No DocBlock was found for Property $nextScript on line 23
[ERR: 13:54]: No DocBlock was found for Method setNextResponse on line 25
[ERR: 13:54]: No DocBlock was found for Method setNextScript on line 30
[ERR: 13:54]: No DocBlock was found for Method doRequest on line 35
[ERR: 13:54]: No DocBlock was found for Method getScript on line 47
[ERR: 13:54]: No DocBlock was found for Class ClientTest on line 62
[ERR: 13:54]: No DocBlock was found for Method testRequestHttpHeaders on line 117
[ERR: 13:54]: No DocBlock was found for Method testRequestURIConversion on line 134
[ERR: 13:54]: No DocBlock was found for Method testRequestReferer on line 169
[ERR: 13:54]: No DocBlock was found for Method testRequestHistory on line 178
[ERR: 13:54]: No DocBlock was found for Method testRequestCookies on line 188
[ERR: 13:54]: No DocBlock was found for Method testClick on line 199
[ERR: 13:54]: No DocBlock was found for Method testSubmit on line 210
[ERR: 13:54]: No DocBlock was found for Method testFollowRedirect on line 221
[ERR: 13:54]: No DocBlock was found for Method testBack on line 247
[ERR: 13:54]: No DocBlock was found for Method testForward on line 256
[ERR: 13:54]: No DocBlock was found for Method testReload on line 266
[ERR: 13:54]: No DocBlock was found for Method testRestart on line 274
[ERR: 13:54]: No DocBlock was found for Method testInsulatedRequests on line 284
[INFO: 13:54]: Starting to parse file: /home/mvriel/Projects/Personal/symfony/tests/Symfony/Tests/Components/BrowserKit/RequestTest.php
[ERR: 13:54]: No Page-level DocBlock was found for /home/mvriel/Projects/Personal/symfony/tests/Symfony/Tests/Components/BrowserKit/RequestTest.php
[ERR: 13:54]: No DocBlock was found for Class RequestTest on line 16
[ERR: 13:54]: No DocBlock was found for Method testGetUri on line 18
[ERR: 13:54]: No DocBlock was found for Method testGetMethod on line 24
[ERR: 13:54]: No DocBlock was found for Method testGetParameters on line 30
[ERR: 13:54]: No DocBlock was found for Method testGetFiles on line 36
[ERR: 13:54]: No DocBlock was found for Method testGetCookies on line 42
[ERR: 13:54]: No DocBlock was found for Method testGetServer on line 48
[INFO: 13:54]: Starting to parse file: /home/mvriel/Projects/Personal/symfony/tests/Symfony/Tests/Components/BrowserKit/HistoryTest.php
[ERR: 13:54]: No Page-level DocBlock was found for /home/mvriel/Projects/Personal/symfony/tests/Symfony/Tests/Components/BrowserKit/HistoryTest.php
[ERR: 13:54]: No DocBlock was found for Class HistoryTest on line 17
[ERR: 13:54]: No DocBlock was found for Method testAdd on line 19
[ERR: 13:54]: No DocBlock was found for Method testClearIsEmpty on line 37
[ERR: 13:54]: No DocBlock was found for Method testCurrent on line 49
[ERR: 13:54]: No DocBlock was found for Method testBack on line 65
[ERR: 13:54]: No DocBlock was found for Method testForward on line 83
[INFO: 13:54]: Starting to parse file: /home/mvriel/Projects/Personal/symfony/tests/Symfony/Tests/Components/BrowserKit/ResponseTest.php
[ERR: 13:54]: No Page-level DocBlock was found for /home/mvriel/Projects/Personal/symfony/tests/Symfony/Tests/Components/BrowserKit/ResponseTest.php
[ERR: 13:54]: No DocBlock was found for Class ResponseTest on line 16
[ERR: 13:54]: No DocBlock was found for Method testGetUri on line 18
[ERR: 13:54]: No DocBlock was found for Method testGetStatus on line 24
[ERR: 13:54]: No DocBlock was found for Method testGetHeaders on line 30
[ERR: 13:54]: No DocBlock was found for Method testGetHeader on line 36
[ERR: 13:54]: No DocBlock was found for Method testMagicToString on line 53
[INFO: 13:54]: Starting to parse file: /home/mvriel/Projects/Personal/symfony/tests/Symfony/Tests/Components/BrowserKit/CookieTest.php
[ERR: 13:54]: No Page-level DocBlock was found for /home/mvriel/Projects/Personal/symfony/tests/Symfony/Tests/Components/BrowserKit/CookieTest.php
[ERR: 13:54]: No DocBlock was found for Class CookieTest on line 16
[ERR: 13:54]: No DocBlock was found for Method getTestsForToFromString on line 26
[ERR: 13:54]: No DocBlock was found for Method testFromStringWithUrl on line 39
[ERR: 13:54]: No DocBlock was found for Method testFromStringThrowsAnExceptionIfCookieIsNotValid on line 45
[ERR: 13:54]: No DocBlock was found for Method testFromStringThrowsAnExceptionIfCookieDateIsNotValid on line 51
[ERR: 13:54]: No DocBlock was found for Method testFromStringThrowsAnExceptionIfUrlIsNotValid on line 57
[ERR: 13:54]: No DocBlock was found for Method testGetName on line 63
[ERR: 13:54]: No DocBlock was found for Method testGetValue on line 69
[ERR: 13:54]: No DocBlock was found for Method testGetPath on line 75
[ERR: 13:54]: No DocBlock was found for Method testGetDomain on line 84
[ERR: 13:54]: No DocBlock was found for Method testIsSecure on line 90
[ERR: 13:54]: No DocBlock was found for Method testIsHttponly on line 99
[ERR: 13:54]: No DocBlock was found for Method testGetExpiresTime on line 108
[ERR: 13:54]: No DocBlock was found for Method testIsExpired on line 117
[INFO: 13:54]: Starting to parse file: /home/mvriel/Projects/Personal/symfony/tests/Symfony/Tests/Components/BrowserKit/CookieJarTest.php
[ERR: 13:54]: No Page-level DocBlock was found for /home/mvriel/Projects/Personal/symfony/tests/Symfony/Tests/Components/BrowserKit/CookieJarTest.php
[ERR: 13:54]: No DocBlock was found for Class CookieJarTest on line 18
[ERR: 13:54]: No DocBlock was found for Method testSetGet on line 20
[ERR: 13:54]: No DocBlock was found for Method testExpire on line 33
[ERR: 13:54]: No DocBlock was found for Method testAll on line 41
[ERR: 13:54]: No DocBlock was found for Method testClear on line 50
[ERR: 13:54]: No DocBlock was found for Method testUpdateFromResponse on line 61
[ERR: 13:54]: No DocBlock was found for Method provideGetValuesValues on line 88
[INFO: 13:54]: Starting to parse file: /home/mvriel/Projects/Personal/symfony/tests/Symfony/Tests/Components/OutputEscaper/SafeDecoratorTest.php
[ERR: 13:54]: No Page-level DocBlock was found for /home/mvriel/Projects/Personal/symfony/tests/Symfony/Tests/Components/OutputEscaper/SafeDecoratorTest.php
[ERR: 13:54]: No DocBlock was found for Class SafeDecoratorTest on line 16
[ERR: 13:54]: No DocBlock was found for Method testGetValue on line 18
[ERR: 13:54]: No DocBlock was found for Method testMagicGetAndSet on line 24
[ERR: 13:54]: No DocBlock was found for Method testMagicCall on line 33
[ERR: 13:54]: No DocBlock was found for Method testMagicIssetAndUnset on line 40
[ERR: 13:54]: No DocBlock was found for Method testIteratorInterface on line 52
[ERR: 13:54]: No DocBlock was found for Method testArrayAccessIterator on line 64
[ERR: 13:54]: No DocBlock was found for Class TestClass1 on line 77
[ERR: 13:54]: No DocBlock was found for Property $foo on line 79
[ERR: 13:54]: No DocBlock was found for Class TestClass2 on line 82
[ERR: 13:54]: No DocBlock was found for Method doSomething on line 84
[ERR: 13:54]: No DocBlock was found for Class TestClass3 on line 90
[ERR: 13:54]: No DocBlock was found for Property $boolValue on line 93
[ERR: 13:54]: No DocBlock was found for Property $nullValue on line 94
[INFO: 13:54]: Starting to parse file: /home/mvriel/Projects/Personal/symfony/tests/Symfony/Tests/Components/OutputEscaper/ObjectDecoratorTest.php
[ERR: 13:54]: No Page-level DocBlock was found for /home/mvriel/Projects/Personal/symfony/tests/Symfony/Tests/Components/OutputEscaper/ObjectDecoratorTest.php
[ERR: 13:54]: No DocBlock was found for Class ObjectDecoratorTest on line 16
[ERR: 13:54]: No DocBlock was found for Property $escaped on line 18
[ERR: 13:54]: No DocBlock was found for Method setUpBeforeClass on line 20
[ERR: 13:54]: No DocBlock was found for Method testGenericBehavior on line 27
[ERR: 13:54]: No DocBlock was found for Method testMagicToString on line 35
[ERR: 13:54]: No DocBlock was found for Method testMagicGet on line 40
[ERR: 13:54]: No DocBlock was found for Method testMagicIsset on line 45
[ERR: 13:54]: No DocBlock was found for Class OutputEscaperTest on line 52
[ERR: 13:54]: No DocBlock was found for Property $someMember on line 54
[ERR: 13:54]: No DocBlock was found for Method __toString on line 56
[ERR: 13:54]: No DocBlock was found for Method getTitle on line 61
[ERR: 13:54]: No DocBlock was found for Method getTitles on line 66
[INFO: 13:54]: Starting to parse file: /home/mvriel/Projects/Personal/symfony/tests/Symfony/Tests/Components/OutputEscaper/EscaperTest.php
[ERR: 13:54]: No Page-level DocBlock was found for /home/mvriel/Projects/Personal/symfony/tests/Symfony/Tests/Components/OutputEscaper/EscaperTest.php
[ERR: 13:54]: No DocBlock was found for Class EscaperTest on line 20
[ERR: 13:54]: No DocBlock was found for Method testEscapeDoesNotEscapeSpecialValues on line 22
[ERR: 13:54]: No DocBlock was found for Method testEscapeDoesNotEscapeAValueWhenEscapingMethodIsRAW on line 29
[ERR: 13:54]: No DocBlock was found for Method testEscapeEscapesStrings on line 34
[ERR: 13:54]: No DocBlock was found for Method testEscapeEscapesArrays on line 40
[ERR: 13:54]: No DocBlock was found for Method testEscapeEscapesObjects on line 53
[ERR: 13:54]: No DocBlock was found for Method testEscapeDoesNotEscapeObjectMarkedAsBeingSafe on line 67
[ERR: 13:54]: No DocBlock was found for Method testEscapeCannotEscapeResources on line 76
[ERR: 13:54]: No DocBlock was found for Method testUnescapeDoesNotUnescapeSpecialValues on line 88
[ERR: 13:54]: No DocBlock was found for Method testUnescapeUnescapesStrings on line 95
[ERR: 13:54]: No DocBlock was found for Method testUnescapeUnescapesArrays on line 101
[ERR: 13:54]: No DocBlock was found for Method testUnescapeUnescapesObjects on line 113
[ERR: 13:54]: No DocBlock was found for Method testUnescapeDoesNotUnescapeObjectMarkedAsBeingSafe on line 126
[ERR: 13:54]: No DocBlock was found for Method testUnescapeDoesNothingToResources on line 135
[ERR: 13:54]: No DocBlock was found for Method testUnescapeUnescapesMixedArrays on line 141
[ERR: 13:54]: No DocBlock was found for Class OutputEscaperTestClass on line 158
[ERR: 13:54]: No DocBlock was found for Property $title on line 160
[ERR: 13:54]: No DocBlock was found for Method getTitle on line 162
[ERR: 13:54]: No DocBlock was found for Method getTitleTitle on line 167
[ERR: 13:54]: No DocBlock was found for Class OutputEscaperTestClassChild on line 175
[INFO: 13:54]: Starting to parse file: /home/mvriel/Projects/Personal/symfony/tests/Symfony/Tests/Components/OutputEscaper/ArrayDecoratorTest.php
[ERR: 13:54]: No Page-level DocBlock was found for /home/mvriel/Projects/Personal/symfony/tests/Symfony/Tests/Components/OutputEscaper/ArrayDecoratorTest.php
[ERR: 13:54]: No DocBlock was found for Class ArrayDecoratorTest on line 16
[ERR: 13:54]: No DocBlock was found for Property $escaped on line 18
[ERR: 13:54]: No DocBlock was found for Method setUpBeforeClass on line 20
[ERR: 13:54]: No DocBlock was found for Method testGetRaw on line 27
[ERR: 13:54]: No DocBlock was found for Method testArrayAccessInterface on line 32
[ERR: 13:54]: No DocBlock was found for Method testIteratorInterface on line 59
[ERR: 13:54]: No DocBlock was found for Method testCountableInterface on line 80
[INFO: 13:54]: Starting to parse file: /home/mvriel/Projects/Personal/symfony/tests/Symfony/Tests/Components/Finder/GlobTest.php
[ERR: 13:54]: No Page-level DocBlock was found for /home/mvriel/Projects/Personal/symfony/tests/Symfony/Tests/Components/Finder/GlobTest.php
[ERR: 13:54]: No DocBlock was found for Class GlobTest on line 16
[ERR: 13:54]: No DocBlock was found for Method getToRegexData on line 32
[INFO: 13:54]: Starting to parse file: /home/mvriel/Projects/Personal/symfony/tests/Symfony/Tests/Components/Finder/FinderTest.php
[ERR: 13:54]: No Page-level DocBlock was found for /home/mvriel/Projects/Personal/symfony/tests/Symfony/Tests/Components/Finder/FinderTest.php
[ERR: 13:54]: No DocBlock was found for Class FinderTest on line 18
[ERR: 13:54]: No DocBlock was found for Property $tmpDir on line 20
[ERR: 13:54]: No DocBlock was found for Method setUpBeforeClass on line 22
[ERR: 13:54]: No DocBlock was found for Method testDirectories on line 29
[ERR: 13:54]: No DocBlock was found for Method testFiles on line 42
[ERR: 13:54]: No DocBlock was found for Method testDepth on line 55
[ERR: 13:54]: No DocBlock was found for Method testName on line 74
[ERR: 13:54]: No DocBlock was found for Method testNotName on line 86
[ERR: 13:54]: No DocBlock was found for Method testSize on line 105
[ERR: 13:54]: No DocBlock was found for Method testDate on line 112
[ERR: 13:54]: No DocBlock was found for Method testExclude on line 119
[ERR: 13:54]: No DocBlock was found for Method testIgnoreVCS on line 126
[ERR: 13:54]: No DocBlock was found for Method testSortByName on line 137
[ERR: 13:54]: No DocBlock was found for Method testSortByType on line 144
[ERR: 13:54]: No DocBlock was found for Method testSort on line 151
[ERR: 13:54]: No DocBlock was found for Method testFilter on line 158
[ERR: 13:54]: No DocBlock was found for Method testFollowLinks on line 165
[ERR: 13:54]: No DocBlock was found for Method testIn on line 176
[ERR: 13:54]: No DocBlock was found for Method testGetIterator on line 192
[ERR: 13:54]: No DocBlock was found for Method toAbsolute on line 218
[INFO: 13:54]: Starting to parse file: /home/mvriel/Projects/Personal/symfony/tests/Symfony/Tests/Components/Finder/Iterator/RealIteratorTestCase.php
[ERR: 13:54]: No Page-level DocBlock was found for /home/mvriel/Projects/Personal/symfony/tests/Symfony/Tests/Components/Finder/Iterator/RealIteratorTestCase.php
[ERR: 13:54]: No DocBlock was found for Class RealIteratorTestCase on line 16
[ERR: 13:54]: No DocBlock was found for Property $files on line 18
[ERR: 13:54]: No DocBlock was found for Method setUpBeforeClass on line 20
[ERR: 13:54]: No DocBlock was found for Method tearDownAfterClass on line 53
[INFO: 13:54]: Starting to parse file: /home/mvriel/Projects/Personal/symfony/tests/Symfony/Tests/Components/Finder/Iterator/IteratorTestCase.php
[ERR: 13:54]: No Page-level DocBlock was found for /home/mvriel/Projects/Personal/symfony/tests/Symfony/Tests/Components/Finder/Iterator/IteratorTestCase.php
[ERR: 13:54]: No DocBlock was found for Class IteratorTestCase on line 16
[ERR: 13:54]: No DocBlock was found for Method assertIterator on line 18
[ERR: 13:54]: No DocBlock was found for Method assertOrderedIterator on line 28
[INFO: 13:54]: Starting to parse file: /home/mvriel/Projects/Personal/symfony/tests/Symfony/Tests/Components/Finder/Iterator/SortableIteratorTest.php
[ERR: 13:54]: No Page-level DocBlock was found for /home/mvriel/Projects/Personal/symfony/tests/Symfony/Tests/Components/Finder/Iterator/SortableIteratorTest.php
[ERR: 13:54]: No DocBlock was found for Class SortableIteratorTest on line 18
[ERR: 13:54]: No DocBlock was found for Method testConstructor on line 20
[ERR: 13:54]: No DocBlock was found for Method getAcceptData on line 42
[INFO: 13:54]: Starting to parse file: /home/mvriel/Projects/Personal/symfony/tests/Symfony/Tests/Components/Finder/Iterator/FileTypeFilterIteratorTest.php
[ERR: 13:54]: No Page-level DocBlock was found for /home/mvriel/Projects/Personal/symfony/tests/Symfony/Tests/Components/Finder/Iterator/FileTypeFilterIteratorTest.php
[ERR: 13:54]: No DocBlock was found for Class FileTypeFilterIteratorTest on line 18
[ERR: 13:54]: No DocBlock was found for Method getAcceptData on line 32
[INFO: 13:54]: Starting to parse file: /home/mvriel/Projects/Personal/symfony/tests/Symfony/Tests/Components/Finder/Iterator/DateRangeFilterIteratorTest.php
[ERR: 13:54]: No Page-level DocBlock was found for /home/mvriel/Projects/Personal/symfony/tests/Symfony/Tests/Components/Finder/Iterator/DateRangeFilterIteratorTest.php
[ERR: 13:54]: No DocBlock was found for Class DateRangeFilterIteratorTest on line 19
[ERR: 13:54]: No DocBlock was found for Method getAcceptData on line 33
[INFO: 13:54]: Starting to parse file: /home/mvriel/Projects/Personal/symfony/tests/Symfony/Tests/Components/Finder/Iterator/SizeRangeFilterIteratorTest.php
[ERR: 13:54]: No Page-level DocBlock was found for /home/mvriel/Projects/Personal/symfony/tests/Symfony/Tests/Components/Finder/Iterator/SizeRangeFilterIteratorTest.php
[ERR: 13:54]: No DocBlock was found for Class SizeRangeFilterIteratorTest on line 19
[ERR: 13:54]: No DocBlock was found for Method getAcceptData on line 33
[INFO: 13:54]: Starting to parse file: /home/mvriel/Projects/Personal/symfony/tests/Symfony/Tests/Components/Finder/Iterator/FilenameFilterIteratorTest.php
[ERR: 13:54]: No Page-level DocBlock was found for /home/mvriel/Projects/Personal/symfony/tests/Symfony/Tests/Components/Finder/Iterator/FilenameFilterIteratorTest.php
[ERR: 13:54]: No DocBlock was found for Class FilenameFilterIteratorTest on line 18
[ERR: 13:54]: No DocBlock was found for Method getAcceptData on line 32
[INFO: 13:54]: Starting to parse file: /home/mvriel/Projects/Personal/symfony/tests/Symfony/Tests/Components/Finder/Iterator/ExcludeDirectoryFileIteratorTest.php
[ERR: 13:54]: No Page-level DocBlock was found for /home/mvriel/Projects/Personal/symfony/tests/Symfony/Tests/Components/Finder/Iterator/ExcludeDirectoryFileIteratorTest.php
[ERR: 13:54]: No DocBlock was found for Class ExcludeDirectoryFilterIteratorTest on line 18
[ERR: 13:54]: No DocBlock was found for Method getAcceptData on line 32
[INFO: 13:54]: Starting to parse file: /home/mvriel/Projects/Personal/symfony/tests/Symfony/Tests/Components/Finder/Iterator/DepthRangeIteratorTest.php
[ERR: 13:54]: No Page-level DocBlock was found for /home/mvriel/Projects/Personal/symfony/tests/Symfony/Tests/Components/Finder/Iterator/DepthRangeIteratorTest.php
[ERR: 13:54]: No DocBlock was found for Class DepthRangeFilterIteratorTest on line 19
[ERR: 13:54]: No DocBlock was found for Method getAcceptData on line 36
[INFO: 13:54]: Starting to parse file: /home/mvriel/Projects/Personal/symfony/tests/Symfony/Tests/Components/Finder/Iterator/Iterator.php
[ERR: 13:54]: No Page-level DocBlock was found for /home/mvriel/Projects/Personal/symfony/tests/Symfony/Tests/Components/Finder/Iterator/Iterator.php
[ERR: 13:54]: No DocBlock was found for Class Iterator on line 13
[ERR: 13:54]: No DocBlock was found for Property $values on line 15
[ERR: 13:54]: No DocBlock was found for Method __construct on line 17
[ERR: 13:54]: No DocBlock was found for Method attach on line 26
[ERR: 13:54]: No DocBlock was found for Method rewind on line 31
[ERR: 13:54]: No DocBlock was found for Method valid on line 36
[ERR: 13:54]: No DocBlock was found for Method next on line 41
[ERR: 13:54]: No DocBlock was found for Method current on line 46
[ERR: 13:54]: No DocBlock was found for Method key on line 51
[INFO: 13:54]: Starting to parse file: /home/mvriel/Projects/Personal/symfony/tests/Symfony/Tests/Components/Finder/Iterator/CustomFilterIteratorTest.php
[ERR: 13:54]: No Page-level DocBlock was found for /home/mvriel/Projects/Personal/symfony/tests/Symfony/Tests/Components/Finder/Iterator/CustomFilterIteratorTest.php
[ERR: 13:54]: No DocBlock was found for Class CustomFilterIteratorTest on line 18
[ERR: 13:54]: No DocBlock was found for Method getAcceptData on line 32
[INFO: 13:54]: Starting to parse file: /home/mvriel/Projects/Personal/symfony/tests/Symfony/Tests/Components/Finder/Iterator/IgnoreVcsFilterIteratorTest.php
[ERR: 13:54]: No Page-level DocBlock was found for /home/mvriel/Projects/Personal/symfony/tests/Symfony/Tests/Components/Finder/Iterator/IgnoreVcsFilterIteratorTest.php
[ERR: 13:54]: No DocBlock was found for Class IgnoreVcsFilterIteratorTest on line 18
[ERR: 13:54]: No DocBlock was found for Method testAccept on line 20
[INFO: 13:54]: Starting to parse file: /home/mvriel/Projects/Personal/symfony/tests/Symfony/Tests/Components/Finder/Comparator/ComparatorTest.php
[ERR: 13:54]: No Page-level DocBlock was found for /home/mvriel/Projects/Personal/symfony/tests/Symfony/Tests/Components/Finder/Comparator/ComparatorTest.php
[ERR: 13:54]: No DocBlock was found for Class ComparatorTest on line 16
[ERR: 13:54]: No DocBlock was found for Method testGetSetOperator on line 18
[ERR: 13:54]: No DocBlock was found for Method testGetSetTarget on line 33
[ERR: 13:54]: No DocBlock was found for Method getTestData on line 58
[INFO: 13:54]: Starting to parse file: /home/mvriel/Projects/Personal/symfony/tests/Symfony/Tests/Components/Finder/Comparator/NumberComparatorTest.php
[ERR: 13:54]: No Page-level DocBlock was found for /home/mvriel/Projects/Personal/symfony/tests/Symfony/Tests/Components/Finder/Comparator/NumberComparatorTest.php
[ERR: 13:54]: No DocBlock was found for Class NumberComparatorTest on line 16
[ERR: 13:54]: No DocBlock was found for Method testConstructor on line 18
[ERR: 13:54]: No DocBlock was found for Method getTestData on line 44
[INFO: 13:54]: Starting to parse file: /home/mvriel/Projects/Personal/symfony/tests/Symfony/Tests/Components/Finder/Comparator/DateComparatorTest.php
[ERR: 13:54]: No Page-level DocBlock was found for /home/mvriel/Projects/Personal/symfony/tests/Symfony/Tests/Components/Finder/Comparator/DateComparatorTest.php
[ERR: 13:54]: No DocBlock was found for Class DateComparatorTest on line 16
[ERR: 13:54]: No DocBlock was found for Method testConstructor on line 18
[ERR: 13:54]: No DocBlock was found for Method getTestData on line 51
[INFO: 13:54]: Starting to parse file: /home/mvriel/Projects/Personal/symfony/tests/Symfony/Tests/Components/Validator/Fixtures/InvalidConstraintValidator.php
[ERR: 13:54]: No Page-level DocBlock was found for /home/mvriel/Projects/Personal/symfony/tests/Symfony/Tests/Components/Validator/Fixtures/InvalidConstraintValidator.php
[ERR: 13:54]: No DocBlock was found for Class InvalidConstraintValidator on line 5
[INFO: 13:54]: Starting to parse file: /home/mvriel/Projects/Personal/symfony/tests/Symfony/Tests/Components/Validator/Fixtures/FilesLoader.php
[ERR: 13:54]: No Page-level DocBlock was found for /home/mvriel/Projects/Personal/symfony/tests/Symfony/Tests/Components/Validator/Fixtures/FilesLoader.php
[ERR: 13:54]: No DocBlock was found for Class FilesLoader on line 8
[ERR: 13:54]: No DocBlock was found for Property $timesCalled on line 10
[ERR: 13:54]: No DocBlock was found for Property $loader on line 11
[ERR: 13:54]: No DocBlock was found for Method __construct on line 13
[ERR: 13:54]: No DocBlock was found for Method getFileLoaderInstance on line 19
[ERR: 13:54]: No DocBlock was found for Method getTimesCalled on line 25
[INFO: 13:54]: Starting to parse file: /home/mvriel/Projects/Personal/symfony/tests/Symfony/Tests/Components/Validator/Fixtures/ConstraintA.php
[ERR: 13:54]: No Page-level DocBlock was found for /home/mvriel/Projects/Personal/symfony/tests/Symfony/Tests/Components/Validator/Fixtures/ConstraintA.php
[ERR: 13:54]: No DocBlock was found for Class ConstraintA on line 7
[ERR: 13:54]: No DocBlock was found for Property $property1 on line 9
[ERR: 13:54]: No DocBlock was found for Property $property2 on line 10
[ERR: 13:54]: No DocBlock was found for Method defaultOption on line 12
[INFO: 13:54]: Starting to parse file: /home/mvriel/Projects/Personal/symfony/tests/Symfony/Tests/Components/Validator/Fixtures/Entity.php
[ERR: 13:54]: No Page-level DocBlock was found for /home/mvriel/Projects/Personal/symfony/tests/Symfony/Tests/Components/Validator/Fixtures/Entity.php
[CRIT: 13:54]: No valid tag name found within provided docblock line.
[ERR: 13:54]: No DocBlock was found for Class Entity on line 22
[CRIT: 13:54]: No valid tag name found within provided docblock line.
[ERR: 13:54]: No DocBlock was found for Property $firstName on line 29
[ERR: 13:54]: No DocBlock was found for Property $lastName on line 31
[ERR: 13:54]: No DocBlock was found for Property $internal on line 33
[ERR: 13:54]: No DocBlock was found for Method __construct on line 35
[ERR: 13:54]: No DocBlock was found for Method getInternal on line 40
[CRIT: 13:54]: No valid tag name found within provided docblock line.
[ERR: 13:54]: No DocBlock was found for Method getLastName on line 50
[INFO: 13:54]: Starting to parse file: /home/mvriel/Projects/Personal/symfony/tests/Symfony/Tests/Components/Validator/Fixtures/ConstraintB.php
[ERR: 13:54]: No Page-level DocBlock was found for /home/mvriel/Projects/Personal/symfony/tests/Symfony/Tests/Components/Validator/Fixtures/ConstraintB.php
[ERR: 13:54]: No DocBlock was found for Class ConstraintB on line 7
[INFO: 13:54]: Starting to parse file: /home/mvriel/Projects/Personal/symfony/tests/Symfony/Tests/Components/Validator/Fixtures/ConstraintC.php
[ERR: 13:54]: No Page-level DocBlock was found for /home/mvriel/Projects/Personal/symfony/tests/Symfony/Tests/Components/Validator/Fixtures/ConstraintC.php
[ERR: 13:54]: No DocBlock was found for Class ConstraintC on line 7
[ERR: 13:54]: No DocBlock was found for Property $option1 on line 9
[ERR: 13:54]: No DocBlock was found for Method requiredOptions on line 11
[INFO: 13:54]: Starting to parse file: /home/mvriel/Projects/Personal/symfony/tests/Symfony/Tests/Components/Validator/Fixtures/InvalidConstraint.php
[ERR: 13:54]: No Page-level DocBlock was found for /home/mvriel/Projects/Personal/symfony/tests/Symfony/Tests/Components/Validator/Fixtures/InvalidConstraint.php
[ERR: 13:54]: No DocBlock was found for Class InvalidConstraint on line 7
[INFO: 13:54]: Starting to parse file: /home/mvriel/Projects/Personal/symfony/tests/Symfony/Tests/Components/Validator/Fixtures/EntityParent.php
[ERR: 13:54]: No Page-level DocBlock was found for /home/mvriel/Projects/Personal/symfony/tests/Symfony/Tests/Components/Validator/Fixtures/EntityParent.php
[ERR: 13:54]: No DocBlock was found for Class EntityParent on line 5
[ERR: 13:54]: No DocBlock was found for Property $firstName on line 7
[ERR: 13:54]: No DocBlock was found for Property $internal on line 8
[INFO: 13:54]: Starting to parse file: /home/mvriel/Projects/Personal/symfony/tests/Symfony/Tests/Components/Validator/Fixtures/EntityInterface.php
[ERR: 13:54]: No Page-level DocBlock was found for /home/mvriel/Projects/Personal/symfony/tests/Symfony/Tests/Components/Validator/Fixtures/EntityInterface.php
[ERR: 13:54]: No DocBlock was found for Interface EntityInterface on line 5
[INFO: 13:54]: Starting to parse file: /home/mvriel/Projects/Personal/symfony/tests/Symfony/Tests/Components/Validator/Fixtures/ConstraintAValidator.php
[ERR: 13:54]: No Page-level DocBlock was found for /home/mvriel/Projects/Personal/symfony/tests/Symfony/Tests/Components/Validator/Fixtures/ConstraintAValidator.php
[ERR: 13:54]: No DocBlock was found for Class ConstraintAValidator on line 8
[ERR: 13:54]: No DocBlock was found for Method isValid on line 10
[INFO: 13:54]: Starting to parse file: /home/mvriel/Projects/Personal/symfony/tests/Symfony/Tests/Components/Validator/Extension/DependencyInjectionValidatorFactoryTest.php
[ERR: 13:54]: No Page-level DocBlock was found for /home/mvriel/Projects/Personal/symfony/tests/Symfony/Tests/Components/Validator/Extension/DependencyInjectionValidatorFactoryTest.php
[ERR: 13:54]: No DocBlock was found for Class DependencyInjectionValidatorFactoryTest on line 14
[ERR: 13:54]: No DocBlock was found for Property $container on line 16
[ERR: 13:54]: No DocBlock was found for Property $factory on line 17
[ERR: 13:54]: No DocBlock was found for Method setUp on line 19
[ERR: 13:54]: No DocBlock was found for Method tearDown on line 25
[ERR: 13:54]: No DocBlock was found for Method testGetInstanceRetunsCorrectValidatorInstance on line 31
[ERR: 13:54]: No DocBlock was found for Method testGetInstanceAddsValidatorServiceToContainer on line 38
[ERR: 13:54]: No DocBlock was found for Method assertServiceExists on line 45
[INFO: 13:54]: Starting to parse file: /home/mvriel/Projects/Personal/symfony/tests/Symfony/Tests/Components/Validator/MessageInterpolator/XliffMessageInterpolatorTest.php
[ERR: 13:54]: No Page-level DocBlock was found for /home/mvriel/Projects/Personal/symfony/tests/Symfony/Tests/Components/Validator/MessageInterpolator/XliffMessageInterpolatorTest.php
[ERR: 13:54]: No DocBlock was found for Class XliffMessageInterpolatorTest on line 7
[ERR: 13:54]: No DocBlock was found for Method testInterpolateText on line 9
[ERR: 13:54]: No DocBlock was found for Method testInterpolateFromMultipleFiles on line 17
[ERR: 13:54]: No DocBlock was found for Method testConvertParamsToStrings on line 31
[INFO: 13:54]: Starting to parse file: /home/mvriel/Projects/Personal/symfony/tests/Symfony/Tests/Components/Validator/DependencyInjectionValidatorFactoryTest.php
[ERR: 13:54]: No Page-level DocBlock was found for /home/mvriel/Projects/Personal/symfony/tests/Symfony/Tests/Components/Validator/DependencyInjectionValidatorFactoryTest.php
[ERR: 13:54]: No DocBlock was found for Class DependencyInjectionValidatorFactoryTest on line 14
[ERR: 13:54]: No DocBlock was found for Property $container on line 16
[ERR: 13:54]: No DocBlock was found for Property $factory on line 17
[ERR: 13:54]: No DocBlock was found for Method setUp on line 19
[ERR: 13:54]: No DocBlock was found for Method tearDown on line 25
[ERR: 13:54]: No DocBlock was found for Method testGetInstanceRetunsCorrectValidatorInstance on line 31
[ERR: 13:54]: No DocBlock was found for Method testGetInstanceAddsValidatorServiceToContainer on line 38
[ERR: 13:54]: No DocBlock was found for Method assertServiceExists on line 45
[INFO: 13:54]: Starting to parse file: /home/mvriel/Projects/Personal/symfony/tests/Symfony/Tests/Components/Validator/ConstraintTest.php
[ERR: 13:54]: No Page-level DocBlock was found for /home/mvriel/Projects/Personal/symfony/tests/Symfony/Tests/Components/Validator/ConstraintTest.php
[ERR: 13:54]: No DocBlock was found for Class ConstraintTest on line 13
[ERR: 13:54]: No DocBlock was found for Method testSetProperties on line 15
[ERR: 13:54]: No DocBlock was found for Method testSetNotExistingPropertyThrowsException on line 26
[ERR: 13:54]: No DocBlock was found for Method testMagicPropertiesAreNotAllowed on line 35
[ERR: 13:54]: No DocBlock was found for Method testSetDefaultProperty on line 44
[ERR: 13:54]: No DocBlock was found for Method testSetDefaultPropertyDoctrineStyle on line 51
[ERR: 13:54]: No DocBlock was found for Method testSetUndefinedDefaultProperty on line 58
[ERR: 13:54]: No DocBlock was found for Method testRequiredOptionsMustBeDefined on line 65
[ERR: 13:54]: No DocBlock was found for Method testGroupsAreConvertedToArray on line 72
[ERR: 13:54]: No DocBlock was found for Method testAddDefaultGroupAddsGroup on line 79
[ERR: 13:54]: No DocBlock was found for Method testAllowsSettingZeroRequiredPropertyValue on line 86
[ERR: 13:54]: No DocBlock was found for Method testCanCreateConstraintWithNoDefaultOptionAndEmptyArray on line 92
[INFO: 13:54]: Starting to parse file: /home/mvriel/Projects/Personal/symfony/tests/Symfony/Tests/Components/Validator/GraphWalkerTest.php
[ERR: 13:54]: No Page-level DocBlock was found for /home/mvriel/Projects/Personal/symfony/tests/Symfony/Tests/Components/Validator/GraphWalkerTest.php
[ERR: 13:54]: No DocBlock was found for Class GraphWalkerTest on line 21
[ERR: 13:54]: No DocBlock was found for Constant CLASSNAME on line 23
[ERR: 13:54]: No DocBlock was found for Property $interpolator on line 25
[ERR: 13:54]: No DocBlock was found for Property $factory on line 26
[ERR: 13:54]: No DocBlock was found for Property $metadata on line 27
[ERR: 13:54]: No DocBlock was found for Method setUp on line 29
[ERR: 13:54]: No DocBlock was found for Method testWalkClassValidatesConstraints on line 37
[ERR: 13:54]: No DocBlock was found for Method testWalkClassValidatesPropertyConstraints on line 46
[ERR: 13:54]: No DocBlock was found for Method testWalkClassValidatesGetterConstraints on line 55
[ERR: 13:54]: No DocBlock was found for Method testWalkPropertyValueValidatesConstraints on line 64
[ERR: 13:54]: No DocBlock was found for Method testWalkConstraintBuildsAViolationIfFailed on line 73
[ERR: 13:54]: No DocBlock was found for Method testWalkConstraintBuildsNoViolationIfSuccessful on line 95
[INFO: 13:54]: Starting to parse file: /home/mvriel/Projects/Personal/symfony/tests/Symfony/Tests/Components/Validator/ValidatorTest.php
[ERR: 13:54]: No Page-level DocBlock was found for /home/mvriel/Projects/Personal/symfony/tests/Symfony/Tests/Components/Validator/ValidatorTest.php
[ERR: 13:54]: No DocBlock was found for Class ValidatorTest_Class on line 15
[ERR: 13:54]: No DocBlock was found for Property $firstName on line 17
[ERR: 13:54]: No DocBlock was found for Property $reference on line 19
[ERR: 13:54]: No DocBlock was found for Method getLastName on line 21
[ERR: 13:54]: No DocBlock was found for Method isAustralian on line 26
[ERR: 13:54]: No DocBlock was found for Class ValidatorTest on line 33
[ERR: 13:54]: No DocBlock was found for Method testValidatePropertyConstraint on line 35
[INFO: 13:54]: Starting to parse file: /home/mvriel/Projects/Personal/symfony/tests/Symfony/Tests/Components/Validator/Mapping/Loader/FilesLoaderTest.php
[ERR: 13:54]: No Page-level DocBlock was found for /home/mvriel/Projects/Personal/symfony/tests/Symfony/Tests/Components/Validator/Mapping/Loader/FilesLoaderTest.php
[ERR: 13:54]: No DocBlock was found for Class FilesLoaderTest on line 11
[ERR: 13:54]: No DocBlock was found for Method testCallsGetFileLoaderInstanceForeachPath on line 13
[ERR: 13:54]: No DocBlock was found for Method testCallsActualFileLoaderForMetadata on line 19
[ERR: 13:54]: No DocBlock was found for Method getFilesLoader on line 28
[ERR: 13:54]: No DocBlock was found for Method getFileLoader on line 38
[INFO: 13:54]: Starting to parse file: /home/mvriel/Projects/Personal/symfony/tests/Symfony/Tests/Components/Validator/Mapping/Loader/XmlFileLoaderTest.php
[ERR: 13:54]: No Page-level DocBlock was found for /home/mvriel/Projects/Personal/symfony/tests/Symfony/Tests/Components/Validator/Mapping/Loader/XmlFileLoaderTest.php
[ERR: 13:54]: No DocBlock was found for Class XmlFileLoaderTest on line 17
[ERR: 13:54]: No DocBlock was found for Method testLoadClassMetadataReturnsTrueIfSuccessful on line 19
[ERR: 13:54]: No DocBlock was found for Method testLoadClassMetadataReturnsFalseIfNotSuccessful on line 27
[ERR: 13:54]: No DocBlock was found for Method testLoadClassMetadata on line 35
[INFO: 13:54]: Starting to parse file: /home/mvriel/Projects/Personal/symfony/tests/Symfony/Tests/Components/Validator/Mapping/Loader/YamlFileLoaderTest.php
[ERR: 13:54]: No Page-level DocBlock was found for /home/mvriel/Projects/Personal/symfony/tests/Symfony/Tests/Components/Validator/Mapping/Loader/YamlFileLoaderTest.php
[ERR: 13:54]: No DocBlock was found for Class YamlFileLoaderTest on line 17
[ERR: 13:54]: No DocBlock was found for Method testLoadClassMetadataReturnsTrueIfSuccessful on line 19
[ERR: 13:54]: No DocBlock was found for Method testLoadClassMetadataReturnsFalseIfNotSuccessful on line 27
[ERR: 13:54]: No DocBlock was found for Method testLoadClassMetadata on line 35
[INFO: 13:54]: Starting to parse file: /home/mvriel/Projects/Personal/symfony/tests/Symfony/Tests/Components/Validator/Mapping/Loader/LoaderChainTest.php
[ERR: 13:54]: No Page-level DocBlock was found for /home/mvriel/Projects/Personal/symfony/tests/Symfony/Tests/Components/Validator/Mapping/Loader/LoaderChainTest.php
[ERR: 13:54]: No DocBlock was found for Class LoaderChainTest on line 8
[ERR: 13:54]: No DocBlock was found for Method testAllLoadersAreCalled on line 10
[ERR: 13:54]: No DocBlock was found for Method testReturnsTrueIfAnyLoaderReturnedTrue on line 32
[ERR: 13:54]: No DocBlock was found for Method testReturnsFalseIfNoLoaderReturnedTrue on line 54
[INFO: 13:54]: Starting to parse file: /home/mvriel/Projects/Personal/symfony/tests/Symfony/Tests/Components/Validator/Mapping/Loader/StaticMethodLoaderTest.php
[ERR: 13:54]: No Page-level DocBlock was found for /home/mvriel/Projects/Personal/symfony/tests/Symfony/Tests/Components/Validator/Mapping/Loader/StaticMethodLoaderTest.php
[ERR: 13:54]: No DocBlock was found for Class StaticMethodLoaderTest on line 8
[ERR: 13:54]: No DocBlock was found for Method testLoadClassMetadataReturnsTrueIfSuccessful on line 10
[ERR: 13:54]: No DocBlock was found for Method testLoadClassMetadataReturnsFalseIfNotSuccessful on line 18
[ERR: 13:54]: No DocBlock was found for Method testLoadClassMetadata on line 26
[ERR: 13:54]: No DocBlock was found for Class StaticLoaderEntity on line 37
[ERR: 13:54]: No DocBlock was found for Property $invokedWith on line 39
[ERR: 13:54]: No DocBlock was found for Method loadMetadata on line 41
[INFO: 13:54]: Starting to parse file: /home/mvriel/Projects/Personal/symfony/tests/Symfony/Tests/Components/Validator/Mapping/Loader/AnnotationLoaderTest.php
[ERR: 13:54]: No Page-level DocBlock was found for /home/mvriel/Projects/Personal/symfony/tests/Symfony/Tests/Components/Validator/Mapping/Loader/AnnotationLoaderTest.php
[ERR: 13:54]: No DocBlock was found for Class AnnotationLoaderTest on line 17
[ERR: 13:54]: No DocBlock was found for Method testLoadClassMetadataReturnsTrueIfSuccessful on line 19
[ERR: 13:54]: No DocBlock was found for Method testLoadClassMetadataReturnsFalseIfNotSuccessful on line 27
[ERR: 13:54]: No DocBlock was found for Method testLoadClassMetadata on line 35
[INFO: 13:54]: Starting to parse file: /home/mvriel/Projects/Personal/symfony/tests/Symfony/Tests/Components/Validator/Mapping/ElementMetadataTest.php
[ERR: 13:54]: No Page-level DocBlock was found for /home/mvriel/Projects/Personal/symfony/tests/Symfony/Tests/Components/Validator/Mapping/ElementMetadataTest.php
[ERR: 13:54]: No DocBlock was found for Class ElementMetadataTest on line 12
[ERR: 13:54]: No DocBlock was found for Property $metadata on line 14
[ERR: 13:54]: No DocBlock was found for Method setUp on line 16
[ERR: 13:54]: No DocBlock was found for Method testAddConstraints on line 21
[ERR: 13:54]: No DocBlock was found for Method testMultipleConstraintsOfTheSameType on line 29
[ERR: 13:54]: No DocBlock was found for Method testFindConstraintsByGroup on line 40
[ERR: 13:54]: No DocBlock was found for Method testSerialize on line 51
[ERR: 13:54]: No DocBlock was found for Class TestElementMetadata on line 62
[INFO: 13:54]: Starting to parse file: /home/mvriel/Projects/Personal/symfony/tests/Symfony/Tests/Components/Validator/Mapping/PropertyMetadataTest.php
[ERR: 13:54]: No Page-level DocBlock was found for /home/mvriel/Projects/Personal/symfony/tests/Symfony/Tests/Components/Validator/Mapping/PropertyMetadataTest.php
[ERR: 13:54]: No DocBlock was found for Class PropertyMetadataTest on line 10
[ERR: 13:54]: No DocBlock was found for Constant CLASSNAME on line 12
[ERR: 13:54]: No DocBlock was found for Method testInvalidPropertyName on line 14
[ERR: 13:54]: No DocBlock was found for Method testGetValueFromPrivateProperty on line 21
[INFO: 13:54]: Starting to parse file: /home/mvriel/Projects/Personal/symfony/tests/Symfony/Tests/Components/Validator/Mapping/ClassMetadataTest.php
[ERR: 13:54]: No Page-level DocBlock was found for /home/mvriel/Projects/Personal/symfony/tests/Symfony/Tests/Components/Validator/Mapping/ClassMetadataTest.php
[ERR: 13:54]: No DocBlock was found for Class ClassMetadataTest on line 15
[ERR: 13:54]: No DocBlock was found for Constant CLASSNAME on line 17
[ERR: 13:54]: No DocBlock was found for Constant PARENTCLASS on line 18
[ERR: 13:54]: No DocBlock was found for Property $metadata on line 20
[ERR: 13:54]: No DocBlock was found for Method setUp on line 22
[ERR: 13:54]: No DocBlock was found for Method testAddPropertyConstraints on line 27
[ERR: 13:54]: No DocBlock was found for Method testMergeConstraintsMergesClassConstraints on line 35
[ERR: 13:54]: No DocBlock was found for Method testMergeConstraintsMergesMemberConstraints on line 58
[ERR: 13:54]: No DocBlock was found for Method testMergeConstraintsKeepsPrivateMembersSeperate on line 85
[ERR: 13:54]: No DocBlock was found for Method testGetReflectionClass on line 116
[ERR: 13:54]: No DocBlock was found for Method testSerialize on line 123
[INFO: 13:54]: Starting to parse file: /home/mvriel/Projects/Personal/symfony/tests/Symfony/Tests/Components/Validator/Mapping/ClassMetadataFactoryTest.php
[ERR: 13:54]: No Page-level DocBlock was found for /home/mvriel/Projects/Personal/symfony/tests/Symfony/Tests/Components/Validator/Mapping/ClassMetadataFactoryTest.php
[ERR: 13:54]: No DocBlock was found for Class ClassMetadataFactoryTest on line 17
[ERR: 13:54]: No DocBlock was found for Constant CLASSNAME on line 19
[ERR: 13:54]: No DocBlock was found for Constant PARENTCLASS on line 20
[ERR: 13:54]: No DocBlock was found for Method testLoadClassMetadata on line 22
[ERR: 13:54]: No DocBlock was found for Method testMergeParentConstraints on line 34
[ERR: 13:54]: No DocBlock was found for Method testWriteMetadataToCache on line 59
[ERR: 13:54]: No DocBlock was found for Method testReadMetadataFromCache on line 85
[ERR: 13:54]: No DocBlock was found for Class TestLoader on line 110
[ERR: 13:54]: No DocBlock was found for Method loadClassMetadata on line 112
[INFO: 13:54]: Starting to parse file: /home/mvriel/Projects/Personal/symfony/tests/Symfony/Tests/Components/Validator/Mapping/MemberMetadataTest.php
[ERR: 13:54]: No Page-level DocBlock was found for /home/mvriel/Projects/Personal/symfony/tests/Symfony/Tests/Components/Validator/Mapping/MemberMetadataTest.php
[ERR: 13:54]: No DocBlock was found for Class MemberMetadataTest on line 12
[ERR: 13:54]: No DocBlock was found for Property $metadata on line 14
[ERR: 13:54]: No DocBlock was found for Method setUp on line 16
[ERR: 13:54]: No DocBlock was found for Method testSerialize on line 25
[ERR: 13:54]: No DocBlock was found for Class TestMemberMetadata on line 36
[ERR: 13:54]: No DocBlock was found for Method getValue on line 38
[ERR: 13:54]: No DocBlock was found for Method newReflectionMember on line 42
[INFO: 13:54]: Starting to parse file: /home/mvriel/Projects/Personal/symfony/tests/Symfony/Tests/Components/Validator/Mapping/GetterMetadataTest.php
[ERR: 13:54]: No Page-level DocBlock was found for /home/mvriel/Projects/Personal/symfony/tests/Symfony/Tests/Components/Validator/Mapping/GetterMetadataTest.php
[ERR: 13:54]: No DocBlock was found for Class GetterMetadataTest on line 10
[ERR: 13:54]: No DocBlock was found for Constant CLASSNAME on line 12
[ERR: 13:54]: No DocBlock was found for Method testInvalidPropertyName on line 14
[ERR: 13:54]: No DocBlock was found for Method testGetValueFromPublicGetter on line 21
[INFO: 13:54]: Starting to parse file: /home/mvriel/Projects/Personal/symfony/tests/Symfony/Tests/Components/Validator/Constraints/EmailValidatorTest.php
[ERR: 13:54]: No Page-level DocBlock was found for /home/mvriel/Projects/Personal/symfony/tests/Symfony/Tests/Components/Validator/Constraints/EmailValidatorTest.php
[ERR: 13:54]: No DocBlock was found for Class EmailValidatorTest on line 8
[ERR: 13:54]: No DocBlock was found for Property $validator on line 10
[ERR: 13:54]: No DocBlock was found for Method setUp on line 12
[ERR: 13:54]: No DocBlock was found for Method testNullIsValid on line 17
[ERR: 13:54]: No DocBlock was found for Method testExpectsStringCompatibleType on line 22
[ERR: 13:54]: No DocBlock was found for Method getValidEmails on line 37
[ERR: 13:54]: No DocBlock was found for Method getInvalidEmails on line 54
[ERR: 13:54]: No DocBlock was found for Method testMessageIsSet on line 64
[INFO: 13:54]: Starting to parse file: /home/mvriel/Projects/Personal/symfony/tests/Symfony/Tests/Components/Validator/Constraints/ChoiceValidatorTest.php
[ERR: 13:54]: No Page-level DocBlock was found for /home/mvriel/Projects/Personal/symfony/tests/Symfony/Tests/Components/Validator/Constraints/ChoiceValidatorTest.php
[ERR: 13:54]: No DocBlock was found for Function choice_callback on line 9
[ERR: 13:54]: No DocBlock was found for Class ChoiceValidatorTest on line 14
[ERR: 13:54]: No DocBlock was found for Property $validator on line 16
[ERR: 13:54]: No DocBlock was found for Method staticCallback on line 18
[ERR: 13:54]: No DocBlock was found for Method setUp on line 23
[ERR: 13:54]: No DocBlock was found for Method testExpectArrayIfMultipleIsTrue on line 34
[ERR: 13:54]: No DocBlock was found for Method testNullIsValid on line 46
[ERR: 13:54]: No DocBlock was found for Method testChoicesOrCallbackExpected on line 51
[ERR: 13:54]: No DocBlock was found for Method testValidCallbackExpected on line 58
[ERR: 13:54]: No DocBlock was found for Method testValidChoiceArray on line 65
[ERR: 13:54]: No DocBlock was found for Method testValidChoiceCallbackFunction on line 72
[ERR: 13:54]: No DocBlock was found for Method testValidChoiceCallbackClosure on line 79
[ERR: 13:54]: No DocBlock was found for Method testValidChoiceCallbackStaticMethod on line 88
[ERR: 13:54]: No DocBlock was found for Method testValidChoiceCallbackContextMethod on line 95
[ERR: 13:54]: No DocBlock was found for Method testMultipleChoices on line 102
[ERR: 13:54]: No DocBlock was found for Method testInvalidChoice on line 112
[ERR: 13:54]: No DocBlock was found for Method testInvalidChoiceMultiple on line 126
[ERR: 13:54]: No DocBlock was found for Method testTooFewChoices on line 141
[ERR: 13:54]: No DocBlock was found for Method testTooManyChoices on line 157
[INFO: 13:54]: Starting to parse file: /home/mvriel/Projects/Personal/symfony/tests/Symfony/Tests/Components/Validator/Constraints/MinLengthValidatorTest.php
[ERR: 13:54]: No Page-level DocBlock was found for /home/mvriel/Projects/Personal/symfony/tests/Symfony/Tests/Components/Validator/Constraints/MinLengthValidatorTest.php
[ERR: 13:54]: No DocBlock was found for Class MinLengthValidatorTest on line 8
[ERR: 13:54]: No DocBlock was found for Property $validator on line 10
[ERR: 13:54]: No DocBlock was found for Method setUp on line 12
[ERR: 13:54]: No DocBlock was found for Method testNullIsValid on line 17
[ERR: 13:54]: No DocBlock was found for Method testExpectsStringCompatibleType on line 22
[ERR: 13:54]: No DocBlock was found for Method getValidValues on line 40
[ERR: 13:54]: No DocBlock was found for Method getInvalidValues on line 61
[ERR: 13:54]: No DocBlock was found for Method testMessageIsSet on line 71
[INFO: 13:54]: Starting to parse file: /home/mvriel/Projects/Personal/symfony/tests/Symfony/Tests/Components/Validator/Constraints/AssertFalseValidatorTest.php
[ERR: 13:54]: No Page-level DocBlock was found for /home/mvriel/Projects/Personal/symfony/tests/Symfony/Tests/Components/Validator/Constraints/AssertFalseValidatorTest.php
[ERR: 13:54]: No DocBlock was found for Class AssertFalseValidatorTest on line 8
[ERR: 13:54]: No DocBlock was found for Property $validator on line 10
[ERR: 13:54]: No DocBlock was found for Method setUp on line 12
[ERR: 13:54]: No DocBlock was found for Method testNullIsValid on line 17
[ERR: 13:54]: No DocBlock was found for Method testFalseIsValid on line 22
[ERR: 13:54]: No DocBlock was found for Method testTrueIsInvalid on line 27
[INFO: 13:54]: Starting to parse file: /home/mvriel/Projects/Personal/symfony/tests/Symfony/Tests/Components/Validator/Constraints/AssertTrueValidatorTest.php
[ERR: 13:54]: No Page-level DocBlock was found for /home/mvriel/Projects/Personal/symfony/tests/Symfony/Tests/Components/Validator/Constraints/AssertTrueValidatorTest.php
[ERR: 13:54]: No DocBlock was found for Class AssertTrueValidatorTest on line 8
[ERR: 13:54]: No DocBlock was found for Property $validator on line 10
[ERR: 13:54]: No DocBlock was found for Method setUp on line 12
[ERR: 13:54]: No DocBlock was found for Method testNullIsValid on line 17
[ERR: 13:54]: No DocBlock was found for Method testTrueIsValid on line 22
[ERR: 13:54]: No DocBlock was found for Method testFalseIsInvalid on line 27
[INFO: 13:54]: Starting to parse file: /home/mvriel/Projects/Personal/symfony/tests/Symfony/Tests/Components/Validator/Constraints/DateTimeValidatorTest.php
[ERR: 13:54]: No Page-level DocBlock was found for /home/mvriel/Projects/Personal/symfony/tests/Symfony/Tests/Components/Validator/Constraints/DateTimeValidatorTest.php
[ERR: 13:54]: No DocBlock was found for Class DateTimeValidatorTest on line 8
[ERR: 13:54]: No DocBlock was found for Property $validator on line 10
[ERR: 13:54]: No DocBlock was found for Method setUp on line 12
[ERR: 13:54]: No DocBlock was found for Method testNullIsValid on line 17
[ERR: 13:54]: No DocBlock was found for Method testExpectsStringCompatibleType on line 22
[ERR: 13:54]: No DocBlock was found for Method getValidDateTimes on line 37
[ERR: 13:54]: No DocBlock was found for Method getInvalidDateTimes on line 54
[ERR: 13:54]: No DocBlock was found for Method testMessageIsSet on line 70
[INFO: 13:54]: Starting to parse file: /home/mvriel/Projects/Personal/symfony/tests/Symfony/Tests/Components/Validator/Constraints/NotBlankValidatorTest.php
[ERR: 13:54]: No Page-level DocBlock was found for /home/mvriel/Projects/Personal/symfony/tests/Symfony/Tests/Components/Validator/Constraints/NotBlankValidatorTest.php
[ERR: 13:54]: No DocBlock was found for Class NotBlankValidatorTest on line 8
[ERR: 13:54]: No DocBlock was found for Property $validator on line 10
[ERR: 13:54]: No DocBlock was found for Method setUp on line 12
[ERR: 13:54]: No DocBlock was found for Method getInvalidValues on line 25
[ERR: 13:54]: No DocBlock was found for Method testNullIsInvalid on line 35
[ERR: 13:54]: No DocBlock was found for Method testBlankIsInvalid on line 40
[ERR: 13:54]: No DocBlock was found for Method testSetMessage on line 45
[INFO: 13:54]: Starting to parse file: /home/mvriel/Projects/Personal/symfony/tests/Symfony/Tests/Components/Validator/Constraints/TimeValidatorTest.php
[ERR: 13:54]: No Page-level DocBlock was found for /home/mvriel/Projects/Personal/symfony/tests/Symfony/Tests/Components/Validator/Constraints/TimeValidatorTest.php
[ERR: 13:54]: No DocBlock was found for Class TimeValidatorTest on line 8
[ERR: 13:54]: No DocBlock was found for Property $validator on line 10
[ERR: 13:54]: No DocBlock was found for Method setUp on line 12
[ERR: 13:54]: No DocBlock was found for Method testNullIsValid on line 17
[ERR: 13:54]: No DocBlock was found for Method testExpectsStringCompatibleType on line 22
[ERR: 13:54]: No DocBlock was found for Method getValidTimes on line 37
[ERR: 13:54]: No DocBlock was found for Method getInvalidTimes on line 54
[ERR: 13:54]: No DocBlock was found for Method testMessageIsSet on line 65
[INFO: 13:54]: Starting to parse file: /home/mvriel/Projects/Personal/symfony/tests/Symfony/Tests/Components/Validator/Constraints/DateValidatorTest.php
[ERR: 13:54]: No Page-level DocBlock was found for /home/mvriel/Projects/Personal/symfony/tests/Symfony/Tests/Components/Validator/Constraints/DateValidatorTest.php
[ERR: 13:54]: No DocBlock was found for Class DateValidatorTest on line 8
[ERR: 13:54]: No DocBlock was found for Property $validator on line 10
[ERR: 13:54]: No DocBlock was found for Method setUp on line 12
[ERR: 13:54]: No DocBlock was found for Method testNullIsValid on line 17
[ERR: 13:54]: No DocBlock was found for Method testExpectsStringCompatibleType on line 22
[ERR: 13:54]: No DocBlock was found for Method getValidDates on line 37
[ERR: 13:54]: No DocBlock was found for Method getInvalidDates on line 54
[ERR: 13:54]: No DocBlock was found for Method testMessageIsSet on line 64
[INFO: 13:54]: Starting to parse file: /home/mvriel/Projects/Personal/symfony/tests/Symfony/Tests/Components/Validator/Constraints/NullValidatorTest.php
[ERR: 13:54]: No Page-level DocBlock was found for /home/mvriel/Projects/Personal/symfony/tests/Symfony/Tests/Components/Validator/Constraints/NullValidatorTest.php
[ERR: 13:54]: No DocBlock was found for Class NullValidatorTest on line 8
[ERR: 13:54]: No DocBlock was found for Property $validator on line 10
[ERR: 13:54]: No DocBlock was found for Method setUp on line 12
[ERR: 13:54]: No DocBlock was found for Method testNullIsValid on line 17
[ERR: 13:54]: No DocBlock was found for Method getInvalidValues on line 30
[ERR: 13:54]: No DocBlock was found for Method testSetMessage on line 40
[INFO: 13:54]: Starting to parse file: /home/mvriel/Projects/Personal/symfony/tests/Symfony/Tests/Components/Validator/Constraints/UrlValidatorTest.php
[ERR: 13:54]: No Page-level DocBlock was found for /home/mvriel/Projects/Personal/symfony/tests/Symfony/Tests/Components/Validator/Constraints/UrlValidatorTest.php
[ERR: 13:54]: No DocBlock was found for Class UrlValidatorTest on line 8
[ERR: 13:54]: No DocBlock was found for Property $validator on line 10
[ERR: 13:54]: No DocBlock was found for Method setUp on line 12
[ERR: 13:54]: No DocBlock was found for Method testNullIsValid on line 17
[ERR: 13:54]: No DocBlock was found for Method testExpectsStringCompatibleType on line 22
[ERR: 13:54]: No DocBlock was found for Method getValidUrls on line 37
[ERR: 13:54]: No DocBlock was found for Method getInvalidUrls on line 59
[ERR: 13:54]: No DocBlock was found for Method testMessageIsSet on line 68
[INFO: 13:54]: Starting to parse file: /home/mvriel/Projects/Personal/symfony/tests/Symfony/Tests/Components/Validator/Constraints/ValidValidatorTest.php
[ERR: 13:54]: No Page-level DocBlock was found for /home/mvriel/Projects/Personal/symfony/tests/Symfony/Tests/Components/Validator/Constraints/ValidValidatorTest.php
[ERR: 13:54]: No DocBlock was found for Class ValidValidatorTest on line 12
[ERR: 13:54]: No DocBlock was found for Constant CLASSNAME on line 14
[ERR: 13:54]: No DocBlock was found for Property $validator on line 16
[ERR: 13:54]: No DocBlock was found for Property $factory on line 17
[ERR: 13:54]: No DocBlock was found for Property $walker on line 18
[ERR: 13:54]: No DocBlock was found for Property $context on line 19
[ERR: 13:54]: No DocBlock was found for Method setUp on line 21
[ERR: 13:54]: No DocBlock was found for Method testNullIsValid on line 33
[ERR: 13:54]: No DocBlock was found for Method testThrowsExceptionIfNotObjectOrArray on line 38
[ERR: 13:54]: No DocBlock was found for Method testWalkObject on line 45
[ERR: 13:54]: No DocBlock was found for Method testWalkArray on line 65
[ERR: 13:54]: No DocBlock was found for Method testValidateClass_Succeeds on line 82
[ERR: 13:54]: No DocBlock was found for Method testValidateClass_Fails on line 95
[ERR: 13:54]: No DocBlock was found for Method createClassMetadata on line 102
[INFO: 13:54]: Starting to parse file: /home/mvriel/Projects/Personal/symfony/tests/Symfony/Tests/Components/Validator/Constraints/CollectionValidatorTest.php
[ERR: 13:54]: No Page-level DocBlock was found for /home/mvriel/Projects/Personal/symfony/tests/Symfony/Tests/Components/Validator/Constraints/CollectionValidatorTest.php
[ERR: 13:54]: No DocBlock was found for Class CollectionValidatorTest on line 10
[ERR: 13:54]: No DocBlock was found for Property $validator on line 12
[ERR: 13:54]: No DocBlock was found for Property $walker on line 13
[ERR: 13:54]: No DocBlock was found for Property $context on line 14
[ERR: 13:54]: No DocBlock was found for Method setUp on line 16
[ERR: 13:54]: No DocBlock was found for Method testNullIsValid on line 28
[ERR: 13:54]: No DocBlock was found for Method testThrowsExceptionIfNotTraversable on line 35
[ERR: 13:54]: No DocBlock was found for Method testExtraFieldsDisallowed on line 93
[ERR: 13:54]: No DocBlock was found for Method testNullNotConsideredExtraField on line 108
[ERR: 13:54]: No DocBlock was found for Method testExtraFieldsAllowed on line 121
[ERR: 13:54]: No DocBlock was found for Method testMissingFieldsDisallowed on line 136
[ERR: 13:54]: No DocBlock was found for Method testMissingFieldsAllowed on line 145
[ERR: 13:54]: No DocBlock was found for Method getValidArguments on line 155
[ERR: 13:54]: No DocBlock was found for Method testObjectShouldBeLeftUnchanged on line 165
[INFO: 13:54]: Starting to parse file: /home/mvriel/Projects/Personal/symfony/tests/Symfony/Tests/Components/Validator/Constraints/BlankValidatorTest.php
[ERR: 13:54]: No Page-level DocBlock was found for /home/mvriel/Projects/Personal/symfony/tests/Symfony/Tests/Components/Validator/Constraints/BlankValidatorTest.php
[ERR: 13:54]: No DocBlock was found for Class BlankValidatorTest on line 8
[ERR: 13:54]: No DocBlock was found for Property $validator on line 10
[ERR: 13:54]: No DocBlock was found for Method setUp on line 12
[ERR: 13:54]: No DocBlock was found for Method testNullIsValid on line 17
[ERR: 13:54]: No DocBlock was found for Method testBlankIsValid on line 22
[ERR: 13:54]: No DocBlock was found for Method getInvalidValues on line 35
[ERR: 13:54]: No DocBlock was found for Method testMessageIsSet on line 45
[INFO: 13:54]: Starting to parse file: /home/mvriel/Projects/Personal/symfony/tests/Symfony/Tests/Components/Validator/Constraints/FileValidatorTest.php
[ERR: 13:54]: No Page-level DocBlock was found for /home/mvriel/Projects/Personal/symfony/tests/Symfony/Tests/Components/Validator/Constraints/FileValidatorTest.php
[ERR: 13:54]: No DocBlock was found for Class FileValidatorTest on line 8
[ERR: 13:54]: No DocBlock was found for Property $validator on line 10
[ERR: 13:54]: No DocBlock was found for Property $path on line 11
[ERR: 13:54]: No DocBlock was found for Property $file on line 12
[ERR: 13:54]: No DocBlock was found for Method setUp on line 14
[ERR: 13:54]: No DocBlock was found for Method tearDown on line 21
[ERR: 13:54]: No DocBlock was found for Method testNullIsValid on line 26
[ERR: 13:54]: No DocBlock was found for Method testExpectsStringCompatibleTypeOrFile on line 31
[ERR: 13:54]: No DocBlock was found for Method testValidFile on line 38
[ERR: 13:54]: No DocBlock was found for Method testTooLargeBytes on line 43
[ERR: 13:54]: No DocBlock was found for Method testTooLargeKiloBytes on line 61
[ERR: 13:54]: No DocBlock was found for Method testTooLargeMegaBytes on line 79
[ERR: 13:54]: No DocBlock was found for Method testInvalidMaxSize on line 97
[ERR: 13:54]: No DocBlock was found for Method testFileNotFound on line 108
[ERR: 13:54]: No DocBlock was found for Method testValidMimeType on line 121
[ERR: 13:54]: No DocBlock was found for Method testInvalidMimeType on line 138
[INFO: 13:54]: Starting to parse file: /home/mvriel/Projects/Personal/symfony/tests/Symfony/Tests/Components/Validator/Constraints/MaxLengthValidatorTest.php
[ERR: 13:54]: No Page-level DocBlock was found for /home/mvriel/Projects/Personal/symfony/tests/Symfony/Tests/Components/Validator/Constraints/MaxLengthValidatorTest.php
[ERR: 13:54]: No DocBlock was found for Class MaxLengthValidatorTest on line 8
[ERR: 13:54]: No DocBlock was found for Property $validator on line 10
[ERR: 13:54]: No DocBlock was found for Method setUp on line 12
[ERR: 13:54]: No DocBlock was found for Method testNullIsValid on line 17
[ERR: 13:54]: No DocBlock was found for Method testExpectsStringCompatibleType on line 22
[ERR: 13:54]: No DocBlock was found for Method getValidValues on line 40
[ERR: 13:54]: No DocBlock was found for Method getInvalidValues on line 61
[ERR: 13:54]: No DocBlock was found for Method testMessageIsSet on line 71
[INFO: 13:54]: Starting to parse file: /home/mvriel/Projects/Personal/symfony/tests/Symfony/Tests/Components/Validator/Constraints/RegexValidatorTest.php
[ERR: 13:54]: No Page-level DocBlock was found for /home/mvriel/Projects/Personal/symfony/tests/Symfony/Tests/Components/Validator/Constraints/RegexValidatorTest.php
[ERR: 13:54]: No DocBlock was found for Class RegexValidatorTest on line 8
[ERR: 13:54]: No DocBlock was found for Property $validator on line 10
[ERR: 13:54]: No DocBlock was found for Method setUp on line 12
[ERR: 13:54]: No DocBlock was found for Method testNullIsValid on line 17
[ERR: 13:54]: No DocBlock was found for Method testExpectsStringCompatibleType on line 22
[ERR: 13:54]: No DocBlock was found for Method getValidValues on line 38
[ERR: 13:54]: No DocBlock was found for Method getInvalidValues on line 57
[ERR: 13:54]: No DocBlock was found for Method testMessageIsSet on line 65
[INFO: 13:54]: Starting to parse file: /home/mvriel/Projects/Personal/symfony/tests/Symfony/Tests/Components/Validator/Constraints/MinValidatorTest.php
[ERR: 13:54]: No Page-level DocBlock was found for /home/mvriel/Projects/Personal/symfony/tests/Symfony/Tests/Components/Validator/Constraints/MinValidatorTest.php
[ERR: 13:54]: No DocBlock was found for Class MinValidatorTest on line 8
[ERR: 13:54]: No DocBlock was found for Property $validator on line 10
[ERR: 13:54]: No DocBlock was found for Method setUp on line 12
[ERR: 13:54]: No DocBlock was found for Method testNullIsValid on line 17
[ERR: 13:54]: No DocBlock was found for Method testExpectsNumericType on line 22
[ERR: 13:54]: No DocBlock was found for Method getValidValues on line 38
[ERR: 13:54]: No DocBlock was found for Method getInvalidValues on line 57
[ERR: 13:54]: No DocBlock was found for Method testMessageIsSet on line 65
[INFO: 13:54]: Starting to parse file: /home/mvriel/Projects/Personal/symfony/tests/Symfony/Tests/Components/Validator/Constraints/MaxValidatorTest.php
[ERR: 13:54]: No Page-level DocBlock was found for /home/mvriel/Projects/Personal/symfony/tests/Symfony/Tests/Components/Validator/Constraints/MaxValidatorTest.php
[ERR: 13:54]: No DocBlock was found for Class MaxValidatorTest on line 8
[ERR: 13:54]: No DocBlock was found for Property $validator on line 10
[ERR: 13:54]: No DocBlock was found for Method setUp on line 12
[ERR: 13:54]: No DocBlock was found for Method testNullIsValid on line 17
[ERR: 13:54]: No DocBlock was found for Method testExpectsNumericType on line 22
[ERR: 13:54]: No DocBlock was found for Method getValidValues on line 38
[ERR: 13:54]: No DocBlock was found for Method getInvalidValues on line 57
[ERR: 13:54]: No DocBlock was found for Method testMessageIsSet on line 65
[INFO: 13:54]: Starting to parse file: /home/mvriel/Projects/Personal/symfony/tests/Symfony/Tests/Components/Validator/Constraints/AssertTypeValidatorTest.php
[ERR: 13:54]: No Page-level DocBlock was found for /home/mvriel/Projects/Personal/symfony/tests/Symfony/Tests/Components/Validator/Constraints/AssertTypeValidatorTest.php
[ERR: 13:54]: No DocBlock was found for Class AssertTypeValidatorTest on line 8
[ERR: 13:54]: No DocBlock was found for Property $file on line 10
[ERR: 13:54]: No DocBlock was found for Property $validator on line 12
[ERR: 13:54]: No DocBlock was found for Method setUp on line 14
[ERR: 13:54]: No DocBlock was found for Method testNullIsValid on line 19
[ERR: 13:54]: No DocBlock was found for Method getValidValues on line 34
[ERR: 13:54]: No DocBlock was found for Method getInvalidValues on line 68
[ERR: 13:54]: No DocBlock was found for Method testMessageIsSet on line 94
[ERR: 13:54]: No DocBlock was found for Method createFile on line 109
[ERR: 13:54]: No DocBlock was found for Method tearDownAfterClass on line 118
[INFO: 13:54]: Starting to parse file: /home/mvriel/Projects/Personal/symfony/tests/Symfony/Tests/Components/Validator/Constraints/AllValidatorTest.php
[ERR: 13:54]: No Page-level DocBlock was found for /home/mvriel/Projects/Personal/symfony/tests/Symfony/Tests/Components/Validator/Constraints/AllValidatorTest.php
[ERR: 13:54]: No DocBlock was found for Class AllValidatorTest on line 10
[ERR: 13:54]: No DocBlock was found for Property $validator on line 12
[ERR: 13:54]: No DocBlock was found for Property $walker on line 13
[ERR: 13:54]: No DocBlock was found for Property $context on line 14
[ERR: 13:54]: No DocBlock was found for Method setUp on line 16
[ERR: 13:54]: No DocBlock was found for Method testNullIsValid on line 28
[ERR: 13:54]: No DocBlock was found for Method testThrowsExceptionIfNotTraversable on line 33
[ERR: 13:54]: No DocBlock was found for Method getValidArguments on line 81
[INFO: 13:54]: Starting to parse file: /home/mvriel/Projects/Personal/symfony/tests/Symfony/Tests/Components/Validator/Constraints/NotNullValidatorTest.php
[ERR: 13:54]: No Page-level DocBlock was found for /home/mvriel/Projects/Personal/symfony/tests/Symfony/Tests/Components/Validator/Constraints/NotNullValidatorTest.php
[ERR: 13:54]: No DocBlock was found for Class NotNullValidatorTest on line 8
[ERR: 13:54]: No DocBlock was found for Property $validator on line 10
[ERR: 13:54]: No DocBlock was found for Method setUp on line 12
[ERR: 13:54]: No DocBlock was found for Method getValidValues on line 25
[ERR: 13:54]: No DocBlock was found for Method testNullIsInvalid on line 35
[INFO: 13:54]: Starting to parse file: /home/mvriel/Projects/Personal/symfony/tests/Symfony/Tests/Components/File/UploadedFileTest.php
[ERR: 13:54]: No Page-level DocBlock was found for /home/mvriel/Projects/Personal/symfony/tests/Symfony/Tests/Components/File/UploadedFileTest.php
[ERR: 13:54]: No DocBlock was found for Class UploadedFileTest on line 8
[ERR: 13:54]: No DocBlock was found for Method testFileUploadsMustBeEnabled on line 10
[ERR: 13:54]: No DocBlock was found for Method testErrorIsOkByDefault on line 26
[INFO: 13:54]: Starting to parse file: /home/mvriel/Projects/Personal/symfony/tests/Symfony/Tests/Components/File/FileTest.php
[ERR: 13:54]: No Page-level DocBlock was found for /home/mvriel/Projects/Personal/symfony/tests/Symfony/Tests/Components/File/FileTest.php
[ERR: 13:54]: No DocBlock was found for Class FileTest on line 9
[ERR: 13:54]: No DocBlock was found for Property $file on line 11
[ERR: 13:54]: No DocBlock was found for Method setUp on line 13
[ERR: 13:54]: No DocBlock was found for Method testGetPathReturnsAbsolutePath on line 18
[ERR: 13:54]: No DocBlock was found for Method testGetNameReturnsNameWithExtension on line 23
[ERR: 13:54]: No DocBlock was found for Method testGetExtensionReturnsExtensionWithDot on line 28
[ERR: 13:54]: No DocBlock was found for Method testGetDirectoryReturnsDirectoryName on line 33
[ERR: 13:54]: No DocBlock was found for Method testGetMimeTypeUsesMimeTypeGuessers on line 38
[ERR: 13:54]: No DocBlock was found for Method testGetDefaultExtensionIsBasedOnMimeType on line 47
[ERR: 13:54]: No DocBlock was found for Method testSizeReturnsFileSize on line 57
[ERR: 13:54]: No DocBlock was found for Method createMockGuesser on line 62
[INFO: 13:54]: Starting to parse file: /home/mvriel/Projects/Personal/symfony/tests/Symfony/Tests/Components/Routing/RouteCompiler.php
[ERR: 13:54]: No Page-level DocBlock was found for /home/mvriel/Projects/Personal/symfony/tests/Symfony/Tests/Components/Routing/RouteCompiler.php
[ERR: 13:54]: No DocBlock was found for Class RouteCompiler on line 8
[ERR: 13:54]: No DocBlock was found for Method tokenizeBufferBefore on line 10
[ERR: 13:54]: No DocBlock was found for Method compileForLabel on line 24
[ERR: 13:54]: No DocBlock was found for Method generateForLabel on line 38
[INFO: 13:54]: Starting to parse file: /home/mvriel/Projects/Personal/symfony/tests/Symfony/Tests/Components/Routing/Loader/ClosureLoaderTest.php
[ERR: 13:54]: No Page-level DocBlock was found for /home/mvriel/Projects/Personal/symfony/tests/Symfony/Tests/Components/Routing/Loader/ClosureLoaderTest.php
[ERR: 13:54]: No DocBlock was found for Class ClosureLoaderTest on line 18
[INFO: 13:54]: Starting to parse file: /home/mvriel/Projects/Personal/symfony/tests/Symfony/Tests/Components/Routing/Loader/LoaderTest.php
[ERR: 13:54]: No Page-level DocBlock was found for /home/mvriel/Projects/Personal/symfony/tests/Symfony/Tests/Components/Routing/Loader/LoaderTest.php
[ERR: 13:54]: No DocBlock was found for Class LoaderTest on line 17
[ERR: 13:54]: No DocBlock was found for Class ProjectLoader1 on line 54
[ERR: 13:54]: No DocBlock was found for Method load on line 56
[ERR: 13:54]: No DocBlock was found for Method supports on line 60
[INFO: 13:54]: Starting to parse file: /home/mvriel/Projects/Personal/symfony/tests/Symfony/Tests/Components/Routing/Loader/LoaderResolverTest.php
[ERR: 13:54]: No Page-level DocBlock was found for /home/mvriel/Projects/Personal/symfony/tests/Symfony/Tests/Components/Routing/Loader/LoaderResolverTest.php
[ERR: 13:54]: No DocBlock was found for Class LoaderResolverTest on line 16
[INFO: 13:54]: Starting to parse file: /home/mvriel/Projects/Personal/symfony/tests/Symfony/Tests/Components/Routing/Loader/FileLoaderTest.php
[ERR: 13:54]: No Page-level DocBlock was found for /home/mvriel/Projects/Personal/symfony/tests/Symfony/Tests/Components/Routing/Loader/FileLoaderTest.php
[ERR: 13:54]: No DocBlock was found for Class FileLoaderTest on line 15
[ERR: 13:54]: No DocBlock was found for Class ProjectLoader on line 49
[ERR: 13:54]: No DocBlock was found for Property $paths on line 51
[ERR: 13:54]: No DocBlock was found for Method load on line 53
[ERR: 13:54]: No DocBlock was found for Method supports on line 57
[ERR: 13:54]: No DocBlock was found for Method getAbsolutePath on line 62
[INFO: 13:54]: Starting to parse file: /home/mvriel/Projects/Personal/symfony/tests/Symfony/Tests/Components/Routing/Loader/DelegatingLoaderTest.php
[ERR: 13:54]: No Page-level DocBlock was found for /home/mvriel/Projects/Personal/symfony/tests/Symfony/Tests/Components/Routing/Loader/DelegatingLoaderTest.php
[ERR: 13:54]: No DocBlock was found for Class DelegatingLoaderTest on line 20
[INFO: 13:54]: Starting to parse file: /home/mvriel/Projects/Personal/symfony/tests/Symfony/Tests/Components/Routing/RouteCompilerTest.php
[ERR: 13:54]: No Page-level DocBlock was found for /home/mvriel/Projects/Personal/symfony/tests/Symfony/Tests/Components/Routing/RouteCompilerTest.php
[ERR: 13:54]: No DocBlock was found for Class RouteCompilerTest on line 18
[ERR: 13:54]: No DocBlock was found for Method provideCompileData on line 35
[INFO: 13:54]: Starting to parse file: /home/mvriel/Projects/Personal/symfony/tests/Symfony/Tests/Components/Routing/Matcher/UrlMatcherTest.php
[ERR: 13:54]: No Page-level DocBlock was found for /home/mvriel/Projects/Personal/symfony/tests/Symfony/Tests/Components/Routing/Matcher/UrlMatcherTest.php
[ERR: 13:54]: No DocBlock was found for Class UrlMatcherTest on line 18
[ERR: 13:54]: No DocBlock was found for Method testNormalizeUrl on line 20
[ERR: 13:54]: No DocBlock was found for Class UrlMatcherForTests on line 34
[ERR: 13:54]: No DocBlock was found for Method normalizeUrl on line 36
[INFO: 13:54]: Starting to parse file: /home/mvriel/Projects/Personal/symfony/tests/Symfony/Tests/Components/Routing/RouteCollectionTest.php
[ERR: 13:54]: No Page-level DocBlock was found for /home/mvriel/Projects/Personal/symfony/tests/Symfony/Tests/Components/Routing/RouteCollectionTest.php
[ERR: 13:54]: No DocBlock was found for Class RouteCollectionTest on line 18
[ERR: 13:54]: No DocBlock was found for Method testRoute on line 20
[ERR: 13:54]: No DocBlock was found for Method testAddCollection on line 30
[ERR: 13:54]: No DocBlock was found for Method testAddPrefix on line 55
[ERR: 13:54]: No DocBlock was found for Method testResource on line 65
[INFO: 13:54]: Starting to parse file: /home/mvriel/Projects/Personal/symfony/tests/Symfony/Tests/Components/Routing/CompiledRouteTest.php
[ERR: 13:54]: No Page-level DocBlock was found for /home/mvriel/Projects/Personal/symfony/tests/Symfony/Tests/Components/Routing/CompiledRouteTest.php
[ERR: 13:54]: No DocBlock was found for Class CompiledRouteTest on line 17
[ERR: 13:54]: No DocBlock was found for Method testAccessors on line 19
[ERR: 13:54]: No DocBlock was found for Method testgetPatterngetDefaultsgetOptionsgetRequirements on line 31
[INFO: 13:54]: Starting to parse file: /home/mvriel/Projects/Personal/symfony/tests/Symfony/Tests/Components/Routing/Resource/FileResourceTest.php
[ERR: 13:54]: No Page-level DocBlock was found for /home/mvriel/Projects/Personal/symfony/tests/Symfony/Tests/Components/Routing/Resource/FileResourceTest.php
[ERR: 13:54]: No DocBlock was found for Class FileResourceTest on line 16
[ERR: 13:54]: No DocBlock was found for Method testGetResource on line 18
[ERR: 13:54]: No DocBlock was found for Method testIsUptodate on line 27
[INFO: 13:54]: Starting to parse file: /home/mvriel/Projects/Personal/symfony/tests/Symfony/Tests/Components/Routing/RouteTest.php
[ERR: 13:54]: No Page-level DocBlock was found for /home/mvriel/Projects/Personal/symfony/tests/Symfony/Tests/Components/Routing/RouteTest.php
[ERR: 13:54]: No DocBlock was found for Class RouteTest on line 16
[ERR: 13:54]: No DocBlock was found for Method testConstructor on line 18
[ERR: 13:54]: No DocBlock was found for Method testPattern on line 27
[ERR: 13:54]: No DocBlock was found for Method testOptions on line 39
[ERR: 13:54]: No DocBlock was found for Method testDefaults on line 52
[ERR: 13:54]: No DocBlock was found for Method testRequirements on line 60
[ERR: 13:54]: No DocBlock was found for Method testCompile on line 72
[INFO: 13:54]: Starting to parse file: /home/mvriel/Projects/Personal/symfony/tests/Symfony/Tests/Components/HttpKernel/ClientTest.php
[ERR: 13:54]: No Page-level DocBlock was found for /home/mvriel/Projects/Personal/symfony/tests/Symfony/Tests/Components/HttpKernel/ClientTest.php
[ERR: 13:54]: No DocBlock was found for Class TestClient on line 23
[ERR: 13:54]: No DocBlock was found for Method getScript on line 25
[ERR: 13:54]: No DocBlock was found for Class ClientTest on line 35
[ERR: 13:54]: No DocBlock was found for Method testDoRequest on line 37
[ERR: 13:54]: No DocBlock was found for Method testGetScript on line 49
[INFO: 13:54]: Starting to parse file: /home/mvriel/Projects/Personal/symfony/tests/Symfony/Tests/Components/HttpKernel/TestHttpKernel.php
[ERR: 13:54]: No Page-level DocBlock was found for /home/mvriel/Projects/Personal/symfony/tests/Symfony/Tests/Components/HttpKernel/TestHttpKernel.php
[ERR: 13:54]: No DocBlock was found for Class TestHttpKernel on line 20
[ERR: 13:54]: No DocBlock was found for Method __construct on line 22
[ERR: 13:54]: No DocBlock was found for Method getController on line 27
[ERR: 13:54]: No DocBlock was found for Method getArguments on line 32
[ERR: 13:54]: No DocBlock was found for Method callController on line 37
[INFO: 13:54]: Starting to parse file: /home/mvriel/Projects/Personal/symfony/tests/Symfony/Tests/Components/HttpKernel/Cache/StoreTest.php
[ERR: 13:54]: No Page-level DocBlock was found for /home/mvriel/Projects/Personal/symfony/tests/Symfony/Tests/Components/HttpKernel/Cache/StoreTest.php
[ERR: 13:54]: No DocBlock was found for Class CacheStoreTest on line 21
[ERR: 13:54]: No DocBlock was found for Property $request on line 23
[ERR: 13:54]: No DocBlock was found for Property $response on line 24
[ERR: 13:54]: No DocBlock was found for Property $store on line 25
[ERR: 13:54]: No DocBlock was found for Method setUp on line 27
[ERR: 13:54]: No DocBlock was found for Method tearDown on line 37
[ERR: 13:54]: No DocBlock was found for Method testReadsAnEmptyArrayWithReadWhenNothingCachedAtKey on line 44
[ERR: 13:54]: No DocBlock was found for Method testRemovesEntriesForKeyWithPurge on line 49
[ERR: 13:54]: No DocBlock was found for Method testStoresACacheEntry on line 59
[ERR: 13:54]: No DocBlock was found for Method testSetsTheXContentDigestResponseHeaderBeforeStoring on line 66
[ERR: 13:54]: No DocBlock was found for Method testFindsAStoredEntryWithLookup on line 75
[ERR: 13:54]: No DocBlock was found for Method testDoesNotFindAnEntryWithLookupWhenNoneExists on line 84
[ERR: 13:54]: No DocBlock was found for Method testCanonizesUrlsForCacheKeys on line 91
[ERR: 13:54]: No DocBlock was found for Method testDoesNotFindAnEntryWithLookupWhenTheBodyDoesNotExist on line 101
[ERR: 13:54]: No DocBlock was found for Method testRestoresResponseHeadersProperlyWithLookup on line 110
[ERR: 13:54]: No DocBlock was found for Method testRestoresResponseContentFromEntityStoreWithLookup on line 118
[ERR: 13:54]: No DocBlock was found for Method testInvalidatesMetaAndEntityStoreEntriesWithInvalidate on line 125
[ERR: 13:54]: No DocBlock was found for Method testSucceedsQuietlyWhenInvalidateCalledWithNoMatchingEntries on line 134
[ERR: 13:54]: No DocBlock was found for Method testDoesNotReturnEntriesThatVaryWithLookup on line 141
[ERR: 13:54]: No DocBlock was found for Method testStoresMultipleResponsesForEachVaryCombination on line 151
[ERR: 13:54]: No DocBlock was found for Method testOverwritesNonVaryingResponseWithStore on line 172
[ERR: 13:54]: No DocBlock was found for Method storeSimpleEntry on line 192
[INFO: 13:54]: Starting to parse file: /home/mvriel/Projects/Personal/symfony/tests/Symfony/Tests/Components/HttpKernel/Cache/TestHttpKernel.php
[ERR: 13:54]: No Page-level DocBlock was found for /home/mvriel/Projects/Personal/symfony/tests/Symfony/Tests/Components/HttpKernel/Cache/TestHttpKernel.php
[ERR: 13:54]: No DocBlock was found for Class TestHttpKernel on line 20
[ERR: 13:54]: No DocBlock was found for Property $body on line 22
[ERR: 13:54]: No DocBlock was found for Property $status on line 23
[ERR: 13:54]: No DocBlock was found for Property $headers on line 24
[ERR: 13:54]: No DocBlock was found for Property $called on line 25
[ERR: 13:54]: No DocBlock was found for Property $customizer on line 26
[ERR: 13:54]: No DocBlock was found for Method __construct on line 28
[ERR: 13:54]: No DocBlock was found for Method getController on line 39
[ERR: 13:54]: No DocBlock was found for Method getArguments on line 44
[ERR: 13:54]: No DocBlock was found for Method callController on line 49
[ERR: 13:54]: No DocBlock was found for Method hasBeenCalled on line 62
[ERR: 13:54]: No DocBlock was found for Method reset on line 67
[INFO: 13:54]: Starting to parse file: /home/mvriel/Projects/Personal/symfony/tests/Symfony/Tests/Components/HttpKernel/Cache/CacheTest.php
[ERR: 13:54]: No Page-level DocBlock was found for /home/mvriel/Projects/Personal/symfony/tests/Symfony/Tests/Components/HttpKernel/Cache/CacheTest.php
[ERR: 13:54]: No DocBlock was found for Class CacheTest on line 16
[ERR: 13:54]: No DocBlock was found for Method testPassesOnNonGetHeadRequests on line 18
[ERR: 13:54]: No DocBlock was found for Method testInvalidatesOnPostPutDeleteRequests on line 28
[ERR: 13:54]: No DocBlock was found for Method testDoesNotCacheWithAuthorizationRequestHeaderAndNonPublicResponse on line 41
[ERR: 13:54]: No DocBlock was found for Method testDoesCacheWithAuthorizationRequestHeaderAndPublicResponse on line 55
[ERR: 13:54]: No DocBlock was found for Method testDoesNotCacheWithCookieHeaderAndNonPublicResponse on line 68
[ERR: 13:54]: No DocBlock was found for Method testDoesNotCacheRequestsWithACookieHeader on line 81
[ERR: 13:54]: No DocBlock was found for Method testRespondsWith304WhenIfModifiedSinceMatchesLastModified on line 94
[ERR: 13:54]: No DocBlock was found for Method testRespondsWith304WhenIfNoneMatchMatchesETag on line 110
[ERR: 13:54]: No DocBlock was found for Method testRespondsWith304OnlyIfIfNoneMatchAndIfModifiedSinceBothMatch on line 125
[ERR: 13:54]: No DocBlock was found for Method testValidatesPrivateResponsesCachedOnTheClient on line 155
[ERR: 13:54]: No DocBlock was found for Method testStoresResponsesWhenNoCacheRequestDirectivePresent on line 200
[ERR: 13:54]: No DocBlock was found for Method testReloadsResponsesWhenCacheHitsButNoCacheRequestDirectivePresentWhenAllowReloadIsSetTrue on line 212
[ERR: 13:54]: No DocBlock was found for Method testDoesNotReloadResponsesWhenAllowReloadIsSetFalseDefault on line 240
[ERR: 13:54]: No DocBlock was found for Method testRevalidatesFreshCacheEntryWhenMaxAgeRequestDirectiveIsExceededWhenAllowRevalidateOptionIsSetTrue on line 272
[ERR: 13:54]: No DocBlock was found for Method testDoesNotRevalidateFreshCacheEntryWhenEnableRevalidateOptionIsSetFalseDefault on line 303
[ERR: 13:54]: No DocBlock was found for Method testFetchesResponseFromBackendWhenCacheMisses on line 341
[ERR: 13:54]: No DocBlock was found for Method testDoesNotCacheSomeStatusCodeResponses on line 352
[ERR: 13:54]: No DocBlock was found for Method testDoesNotCacheResponsesWithExplicitNoStoreDirective on line 365
[ERR: 13:54]: No DocBlock was found for Method testDoesNotCacheResponsesWithoutFreshnessInformationOrAValidator on line 375
[ERR: 13:54]: No DocBlock was found for Method testCachesResponesWithExplicitNoCacheDirective on line 384
[ERR: 13:54]: No DocBlock was found for Method testCachesResponsesWithAnExpirationHeader on line 394
[ERR: 13:54]: No DocBlock was found for Method testCachesResponsesWithAMaxAgeDirective on line 411
[ERR: 13:54]: No DocBlock was found for Method testCachesResponsesWithASMaxAgeDirective on line 427
[ERR: 13:54]: No DocBlock was found for Method testCachesResponsesWithALastModifiedValidatorButNoFreshnessInformation on line 443
[ERR: 13:54]: No DocBlock was found for Method testCachesResponsesWithAnETagValidatorButNoFreshnessInformation on line 455
[ERR: 13:54]: No DocBlock was found for Method testHitsCachedResponsesWithExpiresHeader on line 466
[ERR: 13:54]: No DocBlock was found for Method testHitsCachedResponseWithMaxAgeDirective on line 491
[ERR: 13:54]: No DocBlock was found for Method testHitsCachedResponseWithSMaxAgeDirective on line 515
[ERR: 13:54]: No DocBlock was found for Method testAssignsDefaultTtlWhenResponseHasNoFreshnessInformation on line 539
[ERR: 13:54]: No DocBlock was found for Method testDoesNotAssignDefaultTtlWhenResponseHasMustRevalidateDirective on line 560
[ERR: 13:54]: No DocBlock was found for Method testFetchesFullResponseWhenCacheStaleAndNoValidatorsPresent on line 574
[ERR: 13:54]: No DocBlock was found for Method testValidatesCachedResponsesWithLastModifiedAndNoFreshnessInformation on line 611
[ERR: 13:54]: No DocBlock was found for Method testValidatesCachedResponsesWithETagAndNoFreshnessInformation on line 648
[ERR: 13:54]: No DocBlock was found for Method testReplacesCachedResponsesWhenValidationResultsInNon304Response on line 683
[ERR: 13:54]: No DocBlock was found for Method testPassesHeadRequestsThroughDirectlyOnPass on line 722
[ERR: 13:54]: No DocBlock was found for Method testUsesCacheToRespondToHeadRequestsWhenFresh on line 737
[ERR: 13:54]: No DocBlock was found for Method testInvalidatesCachedResponsesOnPost on line 759
[ERR: 13:54]: No DocBlock was found for Method testServesFromCacheWhenHeadersMatch on line 808
[ERR: 13:54]: No DocBlock was found for Method testStoresMultipleResponsesWhenHeadersDiffer on line 833
[INFO: 13:54]: Starting to parse file: /home/mvriel/Projects/Personal/symfony/tests/Symfony/Tests/Components/HttpKernel/Cache/CacheTestCase.php
[ERR: 13:54]: No Page-level DocBlock was found for /home/mvriel/Projects/Personal/symfony/tests/Symfony/Tests/Components/HttpKernel/Cache/CacheTestCase.php
[ERR: 13:54]: No DocBlock was found for Class CacheTestCase on line 20
[ERR: 13:54]: No DocBlock was found for Property $kernel on line 22
[ERR: 13:54]: No DocBlock was found for Property $cache on line 23
[ERR: 13:54]: No DocBlock was found for Property $caches on line 24
[ERR: 13:54]: No DocBlock was found for Property $cacheConfig on line 25
[ERR: 13:54]: No DocBlock was found for Property $request on line 26
[ERR: 13:54]: No DocBlock was found for Property $response on line 27
[ERR: 13:54]: No DocBlock was found for Property $responses on line 28
[ERR: 13:54]: No DocBlock was found for Method setUp on line 30
[ERR: 13:54]: No DocBlock was found for Method tearDown on line 45
[ERR: 13:54]: No DocBlock was found for Method assertHttpKernelIsCalled on line 58
[ERR: 13:54]: No DocBlock was found for Method assertHttpKernelIsNotCalled on line 63
[ERR: 13:54]: No DocBlock was found for Method assertResponseOk on line 68
[ERR: 13:54]: No DocBlock was found for Method assertTraceContains on line 73
[ERR: 13:54]: No DocBlock was found for Method assertTraceNotContains on line 81
[ERR: 13:54]: No DocBlock was found for Method request on line 89
[ERR: 13:54]: No DocBlock was found for Method getMetaStorageValues on line 108
[ERR: 13:54]: No DocBlock was found for Method setNextResponse on line 119
[ERR: 13:54]: No DocBlock was found for Method clearDirectory on line 126
[INFO: 13:54]: Starting to parse file: /home/mvriel/Projects/Personal/symfony/tests/Symfony/Tests/Components/Form/Fixtures/Author.php
[ERR: 13:54]: No Page-level DocBlock was found for /home/mvriel/Projects/Personal/symfony/tests/Symfony/Tests/Components/Form/Fixtures/Author.php
[ERR: 13:54]: No DocBlock was found for Class Author on line 5
[ERR: 13:54]: No DocBlock was found for Property $firstName on line 7
[ERR: 13:54]: No DocBlock was found for Property $lastName on line 8
[ERR: 13:54]: No DocBlock was found for Property $australian on line 9
[ERR: 13:54]: No DocBlock was found for Property $child on line 10
[ERR: 13:54]: No DocBlock was found for Property $privateProperty on line 12
[ERR: 13:54]: No DocBlock was found for Method setLastName on line 14
[ERR: 13:54]: No DocBlock was found for Method getLastName on line 19
[ERR: 13:54]: No DocBlock was found for Method getPrivateGetter on line 24
[ERR: 13:54]: No DocBlock was found for Method setAustralian on line 29
[ERR: 13:54]: No DocBlock was found for Method isAustralian on line 34
[ERR: 13:54]: No DocBlock was found for Method isPrivateIsser on line 39
[ERR: 13:54]: No DocBlock was found for Method getPrivateSetter on line 44
[ERR: 13:54]: No DocBlock was found for Method setPrivateSetter on line 48
[INFO: 13:54]: Starting to parse file: /home/mvriel/Projects/Personal/symfony/tests/Symfony/Tests/Components/Form/Fixtures/TestField.php
[ERR: 13:54]: No Page-level DocBlock was found for /home/mvriel/Projects/Personal/symfony/tests/Symfony/Tests/Components/Form/Fixtures/TestField.php
[ERR: 13:54]: No DocBlock was found for Class TestField on line 7
[ERR: 13:54]: No DocBlock was found for Method render on line 9
[INFO: 13:54]: Starting to parse file: /home/mvriel/Projects/Personal/symfony/tests/Symfony/Tests/Components/Form/Fixtures/TestToggleField.php
[ERR: 13:54]: No Page-level DocBlock was found for /home/mvriel/Projects/Personal/symfony/tests/Symfony/Tests/Components/Form/Fixtures/TestToggleField.php
[ERR: 13:54]: No DocBlock was found for Class TestToggleField on line 7
[INFO: 13:54]: Starting to parse file: /home/mvriel/Projects/Personal/symfony/tests/Symfony/Tests/Components/Form/Fixtures/RequiredOptionsField.php
[ERR: 13:54]: No Page-level DocBlock was found for /home/mvriel/Projects/Personal/symfony/tests/Symfony/Tests/Components/Form/Fixtures/RequiredOptionsField.php
[ERR: 13:54]: No DocBlock was found for Class RequiredOptionsField on line 7
[ERR: 13:54]: No DocBlock was found for Method configure on line 9
[ERR: 13:54]: No DocBlock was found for Method render on line 15
[INFO: 13:54]: Starting to parse file: /home/mvriel/Projects/Personal/symfony/tests/Symfony/Tests/Components/Form/Fixtures/InvalidField.php
[ERR: 13:54]: No Page-level DocBlock was found for /home/mvriel/Projects/Personal/symfony/tests/Symfony/Tests/Components/Form/Fixtures/InvalidField.php
[ERR: 13:54]: No DocBlock was found for Class InvalidField on line 7
[ERR: 13:54]: No DocBlock was found for Method isValid on line 9
[ERR: 13:54]: No DocBlock was found for Method render on line 14
[INFO: 13:54]: Starting to parse file: /home/mvriel/Projects/Personal/symfony/tests/Symfony/Tests/Components/Form/Fixtures/TestInputField.php
[ERR: 13:54]: No Page-level DocBlock was found for /home/mvriel/Projects/Personal/symfony/tests/Symfony/Tests/Components/Form/Fixtures/TestInputField.php
[ERR: 13:54]: No DocBlock was found for Class TestInputField on line 7
[INFO: 13:54]: Starting to parse file: /home/mvriel/Projects/Personal/symfony/tests/Symfony/Tests/Components/Form/DateTimeTestCase.php
[ERR: 13:54]: No Page-level DocBlock was found for /home/mvriel/Projects/Personal/symfony/tests/Symfony/Tests/Components/Form/DateTimeTestCase.php
[ERR: 13:54]: No DocBlock was found for Class DateTimeTestCase on line 7
[ERR: 13:54]: No DocBlock was found for Method assertDateTimeEquals on line 9
[INFO: 13:54]: Starting to parse file: /home/mvriel/Projects/Personal/symfony/tests/Symfony/Tests/Components/Form/FieldTest.php
[ERR: 13:54]: No Page-level DocBlock was found for /home/mvriel/Projects/Personal/symfony/tests/Symfony/Tests/Components/Form/FieldTest.php
[ERR: 13:54]: No DocBlock was found for Class FieldTest on line 17
[ERR: 13:54]: No DocBlock was found for Property $field on line 19
[ERR: 13:54]: No DocBlock was found for Method setUp on line 21
[ERR: 13:54]: No DocBlock was found for Method testGetPropertyPath_defaultPath on line 26
[ERR: 13:54]: No DocBlock was found for Method testGetPropertyPath_pathIsZero on line 33
[ERR: 13:54]: No DocBlock was found for Method testGetPropertyPath_pathIsEmpty on line 40
[ERR: 13:54]: No DocBlock was found for Method testGetPropertyPath_pathIsNull on line 47
[ERR: 13:54]: No DocBlock was found for Method testPassRequiredAsOption on line 54
[ERR: 13:54]: No DocBlock was found for Method testPassDisabledAsOption on line 65
[ERR: 13:54]: No DocBlock was found for Method testFieldIsDisabledIfParentIsDisabled on line 76
[ERR: 13:54]: No DocBlock was found for Method testFieldWithNoErrorsIsValid on line 84
[ERR: 13:54]: No DocBlock was found for Method testFieldWithErrorsIsInvalid on line 91
[ERR: 13:54]: No DocBlock was found for Method testBindResetsErrors on line 99
[ERR: 13:54]: No DocBlock was found for Method testUnboundFieldIsInvalid on line 107
[ERR: 13:54]: No DocBlock was found for Method testGetNameReturnsKey on line 112
[ERR: 13:54]: No DocBlock was found for Method testGetNameIncludesParent on line 117
[ERR: 13:54]: No DocBlock was found for Method testGetIdReturnsKey on line 124
[ERR: 13:54]: No DocBlock was found for Method testGetIdIncludesParent on line 129
[ERR: 13:54]: No DocBlock was found for Method testLocaleIsPassedToLocalizableValueTransformer_setLocaleCalledBefore on line 136
[ERR: 13:54]: No DocBlock was found for Method testLocaleIsPassedToValueTransformer_setLocaleCalledAfter on line 147
[ERR: 13:54]: No DocBlock was found for Method testIsRequiredReturnsOwnValueIfNoParent on line 157
[ERR: 13:54]: No DocBlock was found for Method testIsRequiredReturnsOwnValueIfParentIsRequired on line 166
[ERR: 13:54]: No DocBlock was found for Method testIsRequiredReturnsFalseIfParentIsNotRequired on line 182
[ERR: 13:54]: No DocBlock was found for Method testExceptionIfUnknownOption on line 195
[ERR: 13:54]: No DocBlock was found for Method testExceptionIfMissingOption on line 202
[ERR: 13:54]: No DocBlock was found for Method testIsBound on line 209
[ERR: 13:54]: No DocBlock was found for Method testDefaultValuesAreTransformedCorrectly on line 216
[ERR: 13:54]: No DocBlock was found for Method testValuesAreTransformedCorrectlyIfNull on line 224
[ERR: 13:54]: No DocBlock was found for Method testValuesAreTransformedCorrectlyIfNull_noValueTransformer on line 239
[ERR: 13:54]: No DocBlock was found for Method testBoundValuesAreTransformedCorrectly on line 247
[ERR: 13:54]: No DocBlock was found for Method testBoundValuesAreTransformedCorrectlyIfEmpty_processDataReturnsValue on line 282
[ERR: 13:54]: No DocBlock was found for Method testBoundValuesAreTransformedCorrectlyIfEmpty_processDataReturnsNull on line 316
[ERR: 13:54]: No DocBlock was found for Method testBoundValuesAreTransformedCorrectlyIfEmpty_processDataReturnsNull_noValueTransformer on line 337
[ERR: 13:54]: No DocBlock was found for Method testValuesAreTransformedCorrectly on line 345
[ERR: 13:54]: No DocBlock was found for Method testBoundValuesAreTrimmedBeforeTransforming on line 361
[ERR: 13:54]: No DocBlock was found for Method testBoundValuesAreNotTrimmedBeforeTransformingIfDisabled on line 382
[ERR: 13:54]: No DocBlock was found for Method testUpdateFromObjectReadsArray on line 404
[ERR: 13:54]: No DocBlock was found for Method testUpdateFromObjectReadsArrayWithCustomPropertyPath on line 414
[ERR: 13:54]: No DocBlock was found for Method testUpdateFromObjectReadsProperty on line 424
[ERR: 13:54]: No DocBlock was found for Method testUpdateFromObjectReadsPropertyWithCustomPropertyPath on line 435
[ERR: 13:54]: No DocBlock was found for Method testUpdateFromObjectReadsArrayAccess on line 448
[ERR: 13:54]: No DocBlock was found for Method testUpdateFromObjectThrowsExceptionIfArrayAccessExpected on line 459
[ERR: 13:54]: No DocBlock was found for Method testUpdateFromObjectPassesObjectThroughIfPropertyPathIsEmpty on line 472
[ERR: 13:54]: No DocBlock was found for Method testUpdateFromObjectThrowsExceptionIfPropertyIsNotPublic on line 483
[ERR: 13:54]: No DocBlock was found for Method testUpdateFromObjectReadsGetters on line 491
[ERR: 13:54]: No DocBlock was found for Method testUpdateFromObjectThrowsExceptionIfGetterIsNotPublic on line 502
[ERR: 13:54]: No DocBlock was found for Method testUpdateFromObjectReadsIssers on line 510
[ERR: 13:54]: No DocBlock was found for Method testUpdateFromObjectThrowsExceptionIfIsserIsNotPublic on line 521
[ERR: 13:54]: No DocBlock was found for Method testUpdateFromObjectThrowsExceptionIfPropertyDoesNotExist on line 529
[ERR: 13:54]: No DocBlock was found for Method testUpdateObjectUpdatesArrays on line 537
[ERR: 13:54]: No DocBlock was found for Method testUpdateObjectUpdatesArraysWithCustomPropertyPath on line 548
[ERR: 13:54]: No DocBlock was found for Method testUpdateObjectTreatsEmptyValuesAsArrays on line 563
[ERR: 13:54]: No DocBlock was found for Method testUpdateObjectUpdatesProperties on line 574
[ERR: 13:54]: No DocBlock was found for Method testUpdateObjectUpdatesPropertiesWithCustomPropertyPath on line 585
[ERR: 13:54]: No DocBlock was found for Method testUpdateObjectUpdatesArrayAccess on line 598
[ERR: 13:54]: No DocBlock was found for Method testUpdateObjectThrowsExceptionIfArrayAccessExpected on line 609
[ERR: 13:54]: No DocBlock was found for Method testUpdateObjectDoesNotUpdatePropertyIfPropertyPathIsEmpty on line 618
[ERR: 13:54]: No DocBlock was found for Method testUpdateObjectUpdatesSetters on line 629
[ERR: 13:54]: No DocBlock was found for Method testUpdateObjectThrowsExceptionIfGetterIsNotPublic on line 640
[ERR: 13:54]: No DocBlock was found for Method createMockTransformer on line 649
[ERR: 13:54]: No DocBlock was found for Method createMockTransformerTransformingTo on line 654
[ERR: 13:54]: No DocBlock was found for Method createMockGroup on line 664
[ERR: 13:54]: No DocBlock was found for Method createMockGroupWithName on line 675
[ERR: 13:54]: No DocBlock was found for Method createMockGroupWithId on line 685
[INFO: 13:54]: Starting to parse file: /home/mvriel/Projects/Personal/symfony/tests/Symfony/Tests/Components/Form/TimeFieldTest.php
[ERR: 13:54]: No Page-level DocBlock was found for /home/mvriel/Projects/Personal/symfony/tests/Symfony/Tests/Components/Form/TimeFieldTest.php
[ERR: 13:54]: No DocBlock was found for Class TimeFieldTest on line 9
[ERR: 13:54]: No DocBlock was found for Method testBind_dateTime on line 11
[ERR: 13:54]: No DocBlock was found for Method testBind_string on line 32
[ERR: 13:54]: No DocBlock was found for Method testBind_timestamp on line 51
[ERR: 13:54]: No DocBlock was found for Method testBind_raw on line 72
[ERR: 13:54]: No DocBlock was found for Method testSetData_withSeconds on line 97
[ERR: 13:54]: No DocBlock was found for Method testSetData_differentTimezones on line 111
[ERR: 13:54]: No DocBlock was found for Method testRenderAsInputs on line 137
[ERR: 13:54]: No DocBlock was found for Method testRenderAsInputs_withSeconds on line 156
[ERR: 13:54]: No DocBlock was found for Method testRenderAsChoices on line 178
[ERR: 13:54]: No DocBlock was found for Method testRenderAsChoices_withSeconds on line 203
[ERR: 13:54]: No DocBlock was found for Method testRenderAsChoices_nonRequired on line 233
[INFO: 13:54]: Starting to parse file: /home/mvriel/Projects/Personal/symfony/tests/Symfony/Tests/Components/Form/MoneyFieldTest.php
[ERR: 13:54]: No Page-level DocBlock was found for /home/mvriel/Projects/Personal/symfony/tests/Symfony/Tests/Components/Form/MoneyFieldTest.php
[ERR: 13:54]: No DocBlock was found for Class MoneyFieldTest on line 9
[ERR: 13:54]: No DocBlock was found for Method testRenderWithoutCurrency on line 11
[ERR: 13:54]: No DocBlock was found for Method testRenderWithCurrency_afterWidget on line 23
[ERR: 13:54]: No DocBlock was found for Method testRenderWithCurrency_beforeWidget on line 35
[INFO: 13:54]: Starting to parse file: /home/mvriel/Projects/Personal/symfony/tests/Symfony/Tests/Components/Form/InputFieldTest.php
[ERR: 13:54]: No Page-level DocBlock was found for /home/mvriel/Projects/Personal/symfony/tests/Symfony/Tests/Components/Form/InputFieldTest.php
[ERR: 13:54]: No DocBlock was found for Class InputFieldTest on line 10
[ERR: 13:54]: No DocBlock was found for Method testRender on line 12
[ERR: 13:54]: No DocBlock was found for Method testRender_disabled on line 24
[INFO: 13:54]: Starting to parse file: /home/mvriel/Projects/Personal/symfony/tests/Symfony/Tests/Components/Form/ChoiceFieldTest.php
[ERR: 13:54]: No Page-level DocBlock was found for /home/mvriel/Projects/Personal/symfony/tests/Symfony/Tests/Components/Form/ChoiceFieldTest.php
[ERR: 13:54]: No DocBlock was found for Class ChoiceFieldTest on line 7
[ERR: 13:54]: No DocBlock was found for Property $choices on line 9
[ERR: 13:54]: No DocBlock was found for Property $preferredChoices on line 17
[ERR: 13:54]: No DocBlock was found for Property $groupedChoices on line 19
[ERR: 13:54]: No DocBlock was found for Method testBindSingleNonExpanded on line 31
[ERR: 13:54]: No DocBlock was found for Method testRenderSingleNonExpanded on line 45
[ERR: 13:54]: No DocBlock was found for Method testRenderSingleNonExpanded_translateChoices on line 70
[ERR: 13:54]: No DocBlock was found for Method testRenderSingleNonExpanded_disabled on line 104
[ERR: 13:54]: No DocBlock was found for Method testRenderSingleNonExpandedWithPreferred on line 127
[ERR: 13:54]: No DocBlock was found for Method testRenderSingleNonExpandedWithGroups on line 153
[ERR: 13:54]: No DocBlock was found for Method testRenderSingleNonExpandedNonRequired on line 178
[ERR: 13:54]: No DocBlock was found for Method testBindMultipleNonExpanded on line 204
[ERR: 13:54]: No DocBlock was found for Method testRenderMultipleNonExpanded on line 218
[ERR: 13:54]: No DocBlock was found for Method testBindSingleExpanded on line 241
[ERR: 13:54]: No DocBlock was found for Method testRenderSingleExpanded on line 255
[ERR: 13:54]: No DocBlock was found for Method testRenderSingleExpanded_translateChoices on line 277
[ERR: 13:54]: No DocBlock was found for Method testRenderSingleExpandedWithPreferred on line 308
[ERR: 13:54]: No DocBlock was found for Method testBindMultipleExpanded on line 329
[ERR: 13:54]: No DocBlock was found for Method testRenderMultipleExpanded on line 353
[INFO: 13:54]: Starting to parse file: /home/mvriel/Projects/Personal/symfony/tests/Symfony/Tests/Components/Form/RadioFieldTest.php
[ERR: 13:54]: No Page-level DocBlock was found for /home/mvriel/Projects/Personal/symfony/tests/Symfony/Tests/Components/Form/RadioFieldTest.php
[ERR: 13:54]: No DocBlock was found for Class RadioFieldTest on line 8
[ERR: 13:54]: No DocBlock was found for Method testRender on line 10
[ERR: 13:54]: No DocBlock was found for Method testRenderParentName on line 24
[INFO: 13:54]: Starting to parse file: /home/mvriel/Projects/Personal/symfony/tests/Symfony/Tests/Components/Form/DateFieldTest.php
[ERR: 13:54]: No Page-level DocBlock was found for /home/mvriel/Projects/Personal/symfony/tests/Symfony/Tests/Components/Form/DateFieldTest.php
[ERR: 13:54]: No DocBlock was found for Class DateFieldTest on line 9
[ERR: 13:54]: No DocBlock was found for Method testBind_fromInput_dateTime on line 11
[ERR: 13:54]: No DocBlock was found for Method testBind_fromInput_string on line 22
[ERR: 13:54]: No DocBlock was found for Method testBind_fromInput_timestamp on line 33
[ERR: 13:54]: No DocBlock was found for Method testBind_fromInput_raw on line 46
[ERR: 13:54]: No DocBlock was found for Method testBind_fromChoice on line 68
[ERR: 13:54]: No DocBlock was found for Method testSetData_differentTimezones on line 87
[ERR: 13:54]: No DocBlock was found for Method testRenderAsInput on line 103
[ERR: 13:54]: No DocBlock was found for Method testRenderAsInputWithFormat on line 117
[ERR: 13:54]: No DocBlock was found for Method testRenderAsChoice on line 129
[ERR: 13:54]: No DocBlock was found for Method testRenderAsChoiceNonRequired on line 159
[ERR: 13:54]: No DocBlock was found for Method testRenderAsChoiceWithPattern on line 190
[INFO: 13:54]: Starting to parse file: /home/mvriel/Projects/Personal/symfony/tests/Symfony/Tests/Components/Form/PercentFieldTest.php
[ERR: 13:54]: No Page-level DocBlock was found for /home/mvriel/Projects/Personal/symfony/tests/Symfony/Tests/Components/Form/PercentFieldTest.php
[ERR: 13:54]: No DocBlock was found for Class PercentFieldTest on line 9
[ERR: 13:54]: No DocBlock was found for Method testRender on line 11
[ERR: 13:54]: No DocBlock was found for Method testRenderWithPrecision on line 23
[ERR: 13:54]: No DocBlock was found for Method testRenderWithInteger on line 35
[INFO: 13:54]: Starting to parse file: /home/mvriel/Projects/Personal/symfony/tests/Symfony/Tests/Components/Form/PasswordFieldTest.php
[ERR: 13:54]: No Page-level DocBlock was found for /home/mvriel/Projects/Personal/symfony/tests/Symfony/Tests/Components/Form/PasswordFieldTest.php
[ERR: 13:54]: No DocBlock was found for Class PasswordFieldTest on line 7
[ERR: 13:54]: No DocBlock was found for Method testRender on line 9
[ERR: 13:54]: No DocBlock was found for Method testRenderAfterBinding on line 20
[ERR: 13:54]: No DocBlock was found for Method testRenderNotAlwaysEmpty on line 30
[ERR: 13:54]: No DocBlock was found for Method testRenderNotAlwaysEmptyAfterBinding on line 40
[INFO: 13:54]: Starting to parse file: /home/mvriel/Projects/Personal/symfony/tests/Symfony/Tests/Components/Form/Renderer/RendererTestCase.php
[ERR: 13:54]: No Page-level DocBlock was found for /home/mvriel/Projects/Personal/symfony/tests/Symfony/Tests/Components/Form/Renderer/RendererTestCase.php
[ERR: 13:54]: No DocBlock was found for Class RendererTestCase on line 5
[ERR: 13:54]: No DocBlock was found for Method createFieldMock on line 7
[INFO: 13:54]: Starting to parse file: /home/mvriel/Projects/Personal/symfony/tests/Symfony/Tests/Components/Form/RepeatedFieldTest.php
[ERR: 13:54]: No Page-level DocBlock was found for /home/mvriel/Projects/Personal/symfony/tests/Symfony/Tests/Components/Form/RepeatedFieldTest.php
[ERR: 13:54]: No DocBlock was found for Class RepeatedFieldTest on line 10
[ERR: 13:54]: No DocBlock was found for Property $field on line 12
[ERR: 13:54]: No DocBlock was found for Method setUp on line 14
[ERR: 13:54]: No DocBlock was found for Method testSetData on line 19
[ERR: 13:54]: No DocBlock was found for Method testBindUnequal on line 27
[ERR: 13:54]: No DocBlock was found for Method testBindEqual on line 40
[INFO: 13:54]: Starting to parse file: /home/mvriel/Projects/Personal/symfony/tests/Symfony/Tests/Components/Form/FormTest.php
[ERR: 13:54]: No Page-level DocBlock was found for /home/mvriel/Projects/Personal/symfony/tests/Symfony/Tests/Components/Form/FormTest.php
[ERR: 13:54]: No DocBlock was found for Class FormTest_PreconfiguredForm on line 20
[ERR: 13:54]: No DocBlock was found for Method configure on line 22
[ERR: 13:54]: No DocBlock was found for Class TestSetDataBeforeConfigureForm on line 28
[ERR: 13:54]: No DocBlock was found for Property $testCase on line 30
[ERR: 13:54]: No DocBlock was found for Property $object on line 31
[ERR: 13:54]: No DocBlock was found for Method __construct on line 33
[ERR: 13:54]: No DocBlock was found for Method configure on line 41
[ERR: 13:54]: No DocBlock was found for Class FormTest on line 47
[ERR: 13:54]: No DocBlock was found for Property $validator on line 49
[ERR: 13:54]: No DocBlock was found for Property $form on line 50
[ERR: 13:54]: No DocBlock was found for Method setUp on line 52
[ERR: 13:54]: No DocBlock was found for Method testConstructInitializesObject on line 60
[ERR: 13:54]: No DocBlock was found for Method testSetDataBeforeConfigure on line 65
[ERR: 13:54]: No DocBlock was found for Method testIsCsrfProtected on line 70
[ERR: 13:54]: No DocBlock was found for Method testNoCsrfProtectionByDefault on line 83
[ERR: 13:54]: No DocBlock was found for Method testDefaultCsrfProtectionCanBeEnabled on line 90
[ERR: 13:54]: No DocBlock was found for Method testGeneratedCsrfSecretByDefault on line 98
[ERR: 13:54]: No DocBlock was found for Method testDefaultCsrfSecretCanBeSet on line 105
[ERR: 13:54]: No DocBlock was found for Method testDefaultCsrfFieldNameCanBeSet on line 113
[ERR: 13:54]: No DocBlock was found for Method testCsrfProtectedFormsHaveExtraField on line 121
[ERR: 13:54]: No DocBlock was found for Method testIsCsrfTokenValidPassesIfCsrfProtectionIsDisabled on line 133
[ERR: 13:54]: No DocBlock was found for Method testIsCsrfTokenValidPasses on line 140
[ERR: 13:54]: No DocBlock was found for Method testIsCsrfTokenValidFails on line 152
[ERR: 13:54]: No DocBlock was found for Method testDefaultLocaleCanBeSet on line 163
[ERR: 13:54]: No DocBlock was found for Method testDefaultTranslatorCanBeSet on line 179
[ERR: 13:54]: No DocBlock was found for Method testValidationGroupsCanBeSet on line 196
[ERR: 13:54]: No DocBlock was found for Method testBindUsesValidationGroups on line 209
[ERR: 13:54]: No DocBlock was found for Method testBindConvertsUploadedFiles on line 223
[ERR: 13:54]: No DocBlock was found for Method testBindConvertsUploadedFilesWithPhpBug on line 246
[ERR: 13:54]: No DocBlock was found for Method testBindConvertsNestedUploadedFilesWithPhpBug on line 279
[ERR: 13:54]: No DocBlock was found for Method testMultipartFormsWithoutParentsRequireFiles on line 316
[ERR: 13:54]: No DocBlock was found for Method testMultipartFormsWithParentsRequireNoFiles on line 327
[ERR: 13:54]: No DocBlock was found for Method testRenderFormTagProducesValidXhtml on line 338
[ERR: 13:54]: No DocBlock was found for Method testSetCharsetAdjustsGenerator on line 345
[ERR: 13:54]: No DocBlock was found for Method createMockField on line 362
[ERR: 13:54]: No DocBlock was found for Method createMockFieldGroup on line 380
[ERR: 13:54]: No DocBlock was found for Method createMultipartMockField on line 398
[ERR: 13:54]: No DocBlock was found for Method createTempFile on line 408
[ERR: 13:54]: No DocBlock was found for Method createMockValidator on line 413
[INFO: 13:54]: Starting to parse file: /home/mvriel/Projects/Personal/symfony/tests/Symfony/Tests/Components/Form/HtmlGeneratorTest.php
[ERR: 13:54]: No Page-level DocBlock was found for /home/mvriel/Projects/Personal/symfony/tests/Symfony/Tests/Components/Form/HtmlGeneratorTest.php
[ERR: 13:54]: No DocBlock was found for Class HtmlGeneratorTest on line 7
[ERR: 13:54]: No DocBlock was found for Property $generator on line 9
[ERR: 13:54]: No DocBlock was found for Method setUp on line 11
[ERR: 13:54]: No DocBlock was found for Method testEscape on line 17
[ERR: 13:54]: No DocBlock was found for Method testEscapeOnlyOnce on line 22
[ERR: 13:54]: No DocBlock was found for Method testAttribute on line 27
[ERR: 13:54]: No DocBlock was found for Method testEscapeAttribute on line 32
[ERR: 13:54]: No DocBlock was found for Method testXhtmlAttribute on line 37
[ERR: 13:54]: No DocBlock was found for Method testNonXhtmlAttribute on line 43
[ERR: 13:54]: No DocBlock was found for Method testAttributes on line 49
[ERR: 13:54]: No DocBlock was found for Method testXhtmlTag on line 58
[ERR: 13:54]: No DocBlock was found for Method testNonXhtmlTag on line 67
[ERR: 13:54]: No DocBlock was found for Method testContentTag on line 76
[ERR: 13:54]: No DocBlock was found for Method testDontEscapeContentTag on line 86
[INFO: 13:54]: Starting to parse file: /home/mvriel/Projects/Personal/symfony/tests/Symfony/Tests/Components/Form/ToggleFieldTest.php
[ERR: 13:54]: No Page-level DocBlock was found for /home/mvriel/Projects/Personal/symfony/tests/Symfony/Tests/Components/Form/ToggleFieldTest.php
[ERR: 13:54]: No DocBlock was found for Class ToggleFieldTest on line 9
[ERR: 13:54]: No DocBlock was found for Method testRender_selected on line 11
[ERR: 13:54]: No DocBlock was found for Method testRender_deselected on line 23
[ERR: 13:54]: No DocBlock was found for Method testRender_withValue on line 33
[ERR: 13:54]: No DocBlock was found for Method testRender_withLabel on line 42
[ERR: 13:54]: No DocBlock was found for Method testRender_withTranslatedLabel on line 51
[INFO: 13:54]: Starting to parse file: /home/mvriel/Projects/Personal/symfony/tests/Symfony/Tests/Components/Form/LocalizedTestCase.php
[ERR: 13:54]: No Page-level DocBlock was found for /home/mvriel/Projects/Personal/symfony/tests/Symfony/Tests/Components/Form/LocalizedTestCase.php
[ERR: 13:54]: No DocBlock was found for Class LocalizedTestCase on line 5
[ERR: 13:54]: No DocBlock was found for Method setUp on line 7
[INFO: 13:54]: Starting to parse file: /home/mvriel/Projects/Personal/symfony/tests/Symfony/Tests/Components/Form/TextFieldTest.php
[ERR: 13:54]: No Page-level DocBlock was found for /home/mvriel/Projects/Personal/symfony/tests/Symfony/Tests/Components/Form/TextFieldTest.php
[ERR: 13:54]: No DocBlock was found for Class TextFieldTest on line 7
[ERR: 13:54]: No DocBlock was found for Method testRender on line 9
[ERR: 13:54]: No DocBlock was found for Method testRenderWithMaxLength on line 19
[INFO: 13:54]: Starting to parse file: /home/mvriel/Projects/Personal/symfony/tests/Symfony/Tests/Components/Form/TextareaFieldTest.php
[ERR: 13:54]: No Page-level DocBlock was found for /home/mvriel/Projects/Personal/symfony/tests/Symfony/Tests/Components/Form/TextareaFieldTest.php
[ERR: 13:54]: No DocBlock was found for Class TextareaFieldTest on line 7
[ERR: 13:54]: No DocBlock was found for Method testRender on line 9
[ERR: 13:54]: No DocBlock was found for Method testRenderEscapesValue on line 19
[INFO: 13:54]: Starting to parse file: /home/mvriel/Projects/Personal/symfony/tests/Symfony/Tests/Components/Form/IntegerFieldTest.php
[ERR: 13:54]: No Page-level DocBlock was found for /home/mvriel/Projects/Personal/symfony/tests/Symfony/Tests/Components/Form/IntegerFieldTest.php
[ERR: 13:54]: No DocBlock was found for Class IntegerFieldTest on line 9
[ERR: 13:54]: No DocBlock was found for Method testBindCastsToInteger on line 11
[INFO: 13:54]: Starting to parse file: /home/mvriel/Projects/Personal/symfony/tests/Symfony/Tests/Components/Form/CollectionFieldTest.php
[ERR: 13:54]: No Page-level DocBlock was found for /home/mvriel/Projects/Personal/symfony/tests/Symfony/Tests/Components/Form/CollectionFieldTest.php
[ERR: 13:54]: No DocBlock was found for Class CollectionFieldTest on line 11
[ERR: 13:54]: No DocBlock was found for Method testContainsNoFieldsByDefault on line 13
[ERR: 13:54]: No DocBlock was found for Method testSetDataAdjustsSize on line 19
[ERR: 13:54]: No DocBlock was found for Method testThrowsExceptionIfObjectIsNotTraversable on line 31
[ERR: 13:54]: No DocBlock was found for Method testModifiableCollectionsContainExtraField on line 38
[ERR: 13:54]: No DocBlock was found for Method testNotResizedIfBoundWithMissingData on line 50
[ERR: 13:54]: No DocBlock was found for Method testResizedIfBoundWithMissingDataAndModifiable on line 62
[ERR: 13:54]: No DocBlock was found for Method testNotResizedIfBoundWithExtraData on line 75
[ERR: 13:54]: No DocBlock was found for Method testResizedIfBoundWithExtraDataAndModifiable on line 86
[INFO: 13:54]: Starting to parse file: /home/mvriel/Projects/Personal/symfony/tests/Symfony/Tests/Components/Form/DateTimeFieldTest.php
[ERR: 13:54]: No Page-level DocBlock was found for /home/mvriel/Projects/Personal/symfony/tests/Symfony/Tests/Components/Form/DateTimeFieldTest.php
[ERR: 13:54]: No DocBlock was found for Class DateTimeFieldTest on line 11
[ERR: 13:54]: No DocBlock was found for Method testBind_dateTime on line 13
[ERR: 13:54]: No DocBlock was found for Method testBind_string on line 40
[ERR: 13:54]: No DocBlock was found for Method testBind_timestamp on line 65
[ERR: 13:54]: No DocBlock was found for Method testBind_withSeconds on line 92
[ERR: 13:54]: No DocBlock was found for Method testBind_differentTimezones on line 123
[ERR: 13:54]: No DocBlock was found for Method testRender on line 155
[INFO: 13:54]: Starting to parse file: /home/mvriel/Projects/Personal/symfony/tests/Symfony/Tests/Components/Form/PropertyPathTest.php
[ERR: 13:54]: No Page-level DocBlock was found for /home/mvriel/Projects/Personal/symfony/tests/Symfony/Tests/Components/Form/PropertyPathTest.php
[ERR: 13:54]: No DocBlock was found for Class PropertyPathTest on line 7
[ERR: 13:54]: No DocBlock was found for Method testValidPropertyPath on line 9
[ERR: 13:54]: No DocBlock was found for Method testValidPropertyPath_zero on line 40
[ERR: 13:54]: No DocBlock was found for Method testToString on line 47
[ERR: 13:54]: No DocBlock was found for Method testInvalidPropertyPath_noDotBeforeProperty on line 54
[ERR: 13:54]: No DocBlock was found for Method testInvalidPropertyPath_dotAtTheBeginning on line 61
[ERR: 13:54]: No DocBlock was found for Method testInvalidPropertyPath_unexpectedCharacters on line 68
[ERR: 13:54]: No DocBlock was found for Method testInvalidPropertyPath_empty on line 75
[ERR: 13:54]: No DocBlock was found for Method testInvalidPropertyPath_null on line 82
[ERR: 13:54]: No DocBlock was found for Method testNextThrowsExceptionIfNoNextElement on line 89
[INFO: 13:54]: Starting to parse file: /home/mvriel/Projects/Personal/symfony/tests/Symfony/Tests/Components/Form/ValueTransformer/PercentToLocalizedStringTransformerTest.php
[ERR: 13:54]: No Page-level DocBlock was found for /home/mvriel/Projects/Personal/symfony/tests/Symfony/Tests/Components/Form/ValueTransformer/PercentToLocalizedStringTransformerTest.php
[ERR: 13:54]: No DocBlock was found for Class PercentToLocalizedStringTransformerTest on line 11
[ERR: 13:54]: No DocBlock was found for Method testTransform on line 13
[ERR: 13:54]: No DocBlock was found for Method testTransformWithInteger on line 24
[ERR: 13:54]: No DocBlock was found for Method testTransformWithPrecision on line 37
[ERR: 13:54]: No DocBlock was found for Method testReverseTransform on line 47
[ERR: 13:54]: No DocBlock was found for Method testReverseTransformWithInteger on line 58
[ERR: 13:54]: No DocBlock was found for Method testReverseTransformWithPrecision on line 71
[ERR: 13:54]: No DocBlock was found for Method testTransformExpectsNumeric on line 81
[ERR: 13:54]: No DocBlock was found for Method testReverseTransformExpectsString on line 90
[INFO: 13:54]: Starting to parse file: /home/mvriel/Projects/Personal/symfony/tests/Symfony/Tests/Components/Form/ValueTransformer/ValueTransformerChainTest.php
[ERR: 13:54]: No Page-level DocBlock was found for /home/mvriel/Projects/Personal/symfony/tests/Symfony/Tests/Components/Form/ValueTransformer/ValueTransformerChainTest.php
[ERR: 13:54]: No DocBlock was found for Class ValueTransformerChainTest on line 8
[ERR: 13:54]: No DocBlock was found for Method testTransform on line 10
[ERR: 13:54]: No DocBlock was found for Method testReverseTransform on line 28
[ERR: 13:54]: No DocBlock was found for Method testSetLocale on line 46
[INFO: 13:54]: Starting to parse file: /home/mvriel/Projects/Personal/symfony/tests/Symfony/Tests/Components/Form/ValueTransformer/NumberToLocalizedStringTransformerTest.php
[ERR: 13:54]: No Page-level DocBlock was found for /home/mvriel/Projects/Personal/symfony/tests/Symfony/Tests/Components/Form/ValueTransformer/NumberToLocalizedStringTransformerTest.php
[ERR: 13:54]: No DocBlock was found for Class NumberToLocalizedStringTransformerTest on line 11
[ERR: 13:54]: No DocBlock was found for Method testTransform on line 13
[ERR: 13:54]: No DocBlock was found for Method testTransformWithGrouping on line 24
[ERR: 13:54]: No DocBlock was found for Method testTransformWithPrecision on line 35
[ERR: 13:54]: No DocBlock was found for Method testReverseTransform on line 46
[ERR: 13:54]: No DocBlock was found for Method testReverseTransformWithGrouping on line 57
[ERR: 13:54]: No DocBlock was found for Method testTransformExpectsNumeric on line 70
[ERR: 13:54]: No DocBlock was found for Method testReverseTransformExpectsString on line 79
[INFO: 13:54]: Starting to parse file: /home/mvriel/Projects/Personal/symfony/tests/Symfony/Tests/Components/Form/ValueTransformer/TimestampToDateTimeTransformerTest.php
[ERR: 13:54]: No Page-level DocBlock was found for /home/mvriel/Projects/Personal/symfony/tests/Symfony/Tests/Components/Form/ValueTransformer/TimestampToDateTimeTransformerTest.php
[ERR: 13:54]: No DocBlock was found for Class TimestampToDateTimeTransformerTest on line 10
[ERR: 13:54]: No DocBlock was found for Method testTransform on line 12
[ERR: 13:54]: No DocBlock was found for Method testTransform_differentTimezones on line 25
[ERR: 13:54]: No DocBlock was found for Method testReverseTransformExpectsValidTimestamp on line 39
[ERR: 13:54]: No DocBlock was found for Method testReverseTransform on line 47
[ERR: 13:54]: No DocBlock was found for Method testReverseTransform_differentTimezones on line 60
[ERR: 13:54]: No DocBlock was found for Method testReverseTransformFromDifferentTimezone on line 74
[ERR: 13:54]: No DocBlock was found for Method testReverseTransformExpectsDateTime on line 90
[INFO: 13:54]: Starting to parse file: /home/mvriel/Projects/Personal/symfony/tests/Symfony/Tests/Components/Form/ValueTransformer/DateTimeToArrayTransformerTest.php
[ERR: 13:54]: No Page-level DocBlock was found for /home/mvriel/Projects/Personal/symfony/tests/Symfony/Tests/Components/Form/ValueTransformer/DateTimeToArrayTransformerTest.php
[ERR: 13:54]: No DocBlock was found for Class DateTimeToArrayTransformerTest on line 10
[ERR: 13:54]: No DocBlock was found for Method testTransform on line 12
[ERR: 13:54]: No DocBlock was found for Method testTransform_withFields on line 33
[ERR: 13:54]: No DocBlock was found for Method testTransform_withPadding on line 53
[ERR: 13:54]: No DocBlock was found for Method testTransform_differentTimezones on line 75
[ERR: 13:54]: No DocBlock was found for Method testTransformRequiresDateTime on line 98
[ERR: 13:54]: No DocBlock was found for Method testReverseTransform on line 107
[ERR: 13:54]: No DocBlock was found for Method testReverseTransform_differentTimezones on line 128
[ERR: 13:54]: No DocBlock was found for Method testReverseTransformToDifferentTimezone on line 150
[ERR: 13:54]: No DocBlock was found for Method testReverseTransformRequiresArray on line 172
[INFO: 13:54]: Starting to parse file: /home/mvriel/Projects/Personal/symfony/tests/Symfony/Tests/Components/Form/ValueTransformer/DateTimeToLocalizedStringTransformerTest.php
[ERR: 13:54]: No Page-level DocBlock was found for /home/mvriel/Projects/Personal/symfony/tests/Symfony/Tests/Components/Form/ValueTransformer/DateTimeToLocalizedStringTransformerTest.php
[ERR: 13:54]: No DocBlock was found for Class DateTimeToLocalizedStringTransformerTest on line 10
[ERR: 13:54]: No DocBlock was found for Property $dateTime on line 12
[ERR: 13:54]: No DocBlock was found for Property $dateTimeWithoutSeconds on line 13
[ERR: 13:54]: No DocBlock was found for Method setUp on line 15
[ERR: 13:54]: No DocBlock was found for Method assertEquals on line 23
[ERR: 13:54]: No DocBlock was found for Method testTransformShortDate on line 33
[ERR: 13:54]: No DocBlock was found for Method testTransformMediumDate on line 44
[ERR: 13:54]: No DocBlock was found for Method testTransformLongDate on line 55
[ERR: 13:54]: No DocBlock was found for Method testTransformFullDate on line 66
[ERR: 13:54]: No DocBlock was found for Method testTransformShortTime on line 77
[ERR: 13:54]: No DocBlock was found for Method testTransformMediumTime on line 88
[ERR: 13:54]: No DocBlock was found for Method testTransformLongTime on line 99
[ERR: 13:54]: No DocBlock was found for Method testTransformFullTime on line 110
[ERR: 13:54]: No DocBlock was found for Method testTransformToDifferentLocale on line 121
[ERR: 13:54]: No DocBlock was found for Method testTransform_differentTimezones on line 131
[ERR: 13:54]: No DocBlock was found for Method testTransformRequiresValidDateTime on line 147
[ERR: 13:54]: No DocBlock was found for Method testTransformWrapsIntlErrors on line 156
[ERR: 13:54]: No DocBlock was found for Method testReverseTransformShortDate on line 167
[ERR: 13:54]: No DocBlock was found for Method testReverseTransformMediumDate on line 178
[ERR: 13:54]: No DocBlock was found for Method testReverseTransformLongDate on line 189
[ERR: 13:54]: No DocBlock was found for Method testReverseTransformFullDate on line 200
[ERR: 13:54]: No DocBlock was found for Method testReverseTransformShortTime on line 211
[ERR: 13:54]: No DocBlock was found for Method testReverseTransformMediumTime on line 222
[ERR: 13:54]: No DocBlock was found for Method testReverseTransformLongTime on line 233
[ERR: 13:54]: No DocBlock was found for Method testReverseTransformFullTime on line 244
[ERR: 13:54]: No DocBlock was found for Method testReverseTransformFromDifferentLocale on line 255
[ERR: 13:54]: No DocBlock was found for Method testReverseTransform_differentTimezones on line 265
[ERR: 13:54]: No DocBlock was found for Method testReverseTransformRequiresString on line 279
[ERR: 13:54]: No DocBlock was found for Method testReverseTransformWrapsIntlErrors on line 288
[ERR: 13:54]: No DocBlock was found for Method testValidateDateFormatOption on line 297
[ERR: 13:54]: No DocBlock was found for Method testValidateTimeFormatOption on line 304
[INFO: 13:54]: Starting to parse file: /home/mvriel/Projects/Personal/symfony/tests/Symfony/Tests/Components/Form/ValueTransformer/BooleanToStringTransformerTest.php
[ERR: 13:54]: No Page-level DocBlock was found for /home/mvriel/Projects/Personal/symfony/tests/Symfony/Tests/Components/Form/ValueTransformer/BooleanToStringTransformerTest.php
[ERR: 13:54]: No DocBlock was found for Class BooleanToStringTransformerTest on line 7
[ERR: 13:54]: No DocBlock was found for Property $transformer on line 9
[ERR: 13:54]: No DocBlock was found for Method setUp on line 11
[ERR: 13:54]: No DocBlock was found for Method testTransform on line 16
[ERR: 13:54]: No DocBlock was found for Method testTransformExpectsBoolean on line 22
[ERR: 13:54]: No DocBlock was found for Method testReverseTransformExpectsString on line 29
[ERR: 13:54]: No DocBlock was found for Method testReverseTransform on line 36
[INFO: 13:54]: Starting to parse file: /home/mvriel/Projects/Personal/symfony/tests/Symfony/Tests/Components/Form/ValueTransformer/StringToDateTimeTransformerTest.php
[ERR: 13:54]: No Page-level DocBlock was found for /home/mvriel/Projects/Personal/symfony/tests/Symfony/Tests/Components/Form/ValueTransformer/StringToDateTimeTransformerTest.php
[ERR: 13:54]: No DocBlock was found for Class StringToDateTimeTransformerTest on line 10
[ERR: 13:54]: No DocBlock was found for Method testTransform on line 12
[ERR: 13:54]: No DocBlock was found for Method testTransform_differentTimezones on line 25
[ERR: 13:54]: No DocBlock was found for Method testTransformExpectsValidString on line 39
[ERR: 13:54]: No DocBlock was found for Method testReverseTransform on line 47
[ERR: 13:54]: No DocBlock was found for Method testReverseTransform_differentTimezones on line 62
[ERR: 13:54]: No DocBlock was found for Method testReverseTransformExpectsDateTime on line 76
[INFO: 13:54]: Starting to parse file: /home/mvriel/Projects/Personal/symfony/tests/Symfony/Tests/Components/Form/HiddenFieldTest.php
[ERR: 13:54]: No Page-level DocBlock was found for /home/mvriel/Projects/Personal/symfony/tests/Symfony/Tests/Components/Form/HiddenFieldTest.php
[ERR: 13:54]: No DocBlock was found for Class HiddenFieldTest on line 7
[ERR: 13:54]: No DocBlock was found for Property $field on line 9
[ERR: 13:54]: No DocBlock was found for Method setUp on line 11
[ERR: 13:54]: No DocBlock was found for Method testRender on line 16
[ERR: 13:54]: No DocBlock was found for Method testIsHidden on line 27
[INFO: 13:54]: Starting to parse file: /home/mvriel/Projects/Personal/symfony/tests/Symfony/Tests/Components/Form/FieldGroupTest.php
[ERR: 13:54]: No Page-level DocBlock was found for /home/mvriel/Projects/Personal/symfony/tests/Symfony/Tests/Components/Form/FieldGroupTest.php
[ERR: 13:54]: No DocBlock was found for Class FieldGroupTest_Field on line 16
[ERR: 13:54]: No DocBlock was found for Property $locales on line 18
[ERR: 13:54]: No DocBlock was found for Method setLocale on line 20
[ERR: 13:54]: No DocBlock was found for Class FieldGroupTest on line 27
[ERR: 13:54]: No DocBlock was found for Method testSupportsArrayAccess on line 29
[ERR: 13:54]: No DocBlock was found for Method testSupportsUnset on line 37
[ERR: 13:54]: No DocBlock was found for Method testDoesNotSupportAddingFields on line 45
[ERR: 13:54]: No DocBlock was found for Method testSupportsCountable on line 52
[ERR: 13:54]: No DocBlock was found for Method testSupportsIterable on line 63
[ERR: 13:54]: No DocBlock was found for Method testIsBound on line 79
[ERR: 13:54]: No DocBlock was found for Method testValidIfAllFieldsAreValid on line 87
[ERR: 13:54]: No DocBlock was found for Method testInvalidIfFieldIsInvalid on line 98
[ERR: 13:54]: No DocBlock was found for Method testInvalidIfBoundWithExtraFields on line 109
[ERR: 13:54]: No DocBlock was found for Method testBindForwardsBoundValues on line 120
[ERR: 13:54]: No DocBlock was found for Method testBindForwardsNullIfValueIsMissing on line 133
[ERR: 13:54]: No DocBlock was found for Method testAddErrorMapsFieldValidationErrorsOntoFields on line 146
[ERR: 13:54]: No DocBlock was found for Method testAddErrorKeepsFieldValidationErrorsIfFieldNotFound on line 159
[ERR: 13:54]: No DocBlock was found for Method testAddErrorKeepsFieldValidationErrorsIfFieldIsHidden on line 173
[ERR: 13:54]: No DocBlock was found for Method testAddErrorMapsDataValidationErrorsOntoFields on line 190
[ERR: 13:54]: No DocBlock was found for Method testAddErrorKeepsDataValidationErrorsIfFieldNotFound on line 209
[ERR: 13:54]: No DocBlock was found for Method testAddErrorKeepsDataValidationErrorsIfFieldIsHidden on line 224
[ERR: 13:54]: No DocBlock was found for Method testAddErrorMapsDataValidationErrorsOntoNestedFields on line 242
[ERR: 13:54]: No DocBlock was found for Method testAddErrorMapsErrorsOntoFieldsInAnonymousGroups on line 262
[ERR: 13:54]: No DocBlock was found for Method testAddThrowsExceptionIfAlreadyBound on line 283
[ERR: 13:54]: No DocBlock was found for Method testAddSetsFieldParent on line 293
[ERR: 13:54]: No DocBlock was found for Method testRemoveUnsetsFieldParent on line 306
[ERR: 13:54]: No DocBlock was found for Method testMergeAddsFieldsFromAnotherGroup on line 319
[ERR: 13:54]: No DocBlock was found for Method testMergeThrowsExceptionIfOtherGroupAlreadyBound on line 333
[ERR: 13:54]: No DocBlock was found for Method testAddUpdatesFieldFromTransformedData on line 345
[ERR: 13:54]: No DocBlock was found for Method testAddDoesNotUpdateFieldsWithEmptyPropertyPath on line 374
[ERR: 13:54]: No DocBlock was found for Method testAddDoesNotUpdateFieldIfTransformedDataIsEmpty on line 389
[ERR: 13:54]: No DocBlock was found for Method testSetDataUpdatesAllFieldsFromTransformedData on line 411
[ERR: 13:54]: No DocBlock was found for Method testSetDataThrowsAnExceptionIfArgumentIsNotObjectOrArray on line 445
[ERR: 13:54]: No DocBlock was found for Method testBindUpdatesTransformedDataFromAllFields on line 454
[ERR: 13:54]: No DocBlock was found for Method testGetDataReturnsObject on line 489
[ERR: 13:54]: No DocBlock was found for Method testGetDisplayedDataForwardsCall on line 497
[ERR: 13:54]: No DocBlock was found for Method testIsMultipartIfAnyFieldIsMultipart on line 510
[ERR: 13:54]: No DocBlock was found for Method testIsNotMultipartIfNoFieldIsMultipart on line 519
[ERR: 13:54]: No DocBlock was found for Method testRenderForwardsToRenderer on line 528
[ERR: 13:54]: No DocBlock was found for Method testRenderErrorsForwardsToRenderer on line 546
[ERR: 13:54]: No DocBlock was found for Method testLocaleIsPassedToRenderer on line 564
[ERR: 13:54]: No DocBlock was found for Method testTranslatorIsPassedToRenderer on line 577
[ERR: 13:54]: No DocBlock was found for Method testTranslatorIsNotPassedToRendererIfNotSet on line 591
[ERR: 13:54]: No DocBlock was found for Method testLocaleIsPassedToField_SetBeforeAddingTheField on line 602
[ERR: 13:54]: No DocBlock was found for Method testLocaleIsPassedToField_SetAfterAddingTheField on line 617
[ERR: 13:54]: No DocBlock was found for Method testTranslatorIsPassedToField_SetBeforeAddingTheField on line 639
[ERR: 13:54]: No DocBlock was found for Method testTranslatorIsPassedToField_SetAfterAddingTheField on line 655
[ERR: 13:54]: No DocBlock was found for Method testTranslatorIsNotPassedToFieldIfNotSet on line 671
[ERR: 13:54]: No DocBlock was found for Method testSupportsClone on line 684
[ERR: 13:54]: No DocBlock was found for Method testBindWithoutPriorSetData on line 694
[ERR: 13:54]: No DocBlock was found for Method testSetGenerator_calledBeforeAdding on line 710
[ERR: 13:54]: No DocBlock was found for Method testSetGenerator_calledAfterAdding on line 724
[ERR: 13:54]: No DocBlock was found for Method createMockField on line 737
[ERR: 13:54]: No DocBlock was found for Method createInvalidMockField on line 755
[ERR: 13:54]: No DocBlock was found for Method createValidMockField on line 765
[ERR: 13:54]: No DocBlock was found for Method createNonMultipartMockField on line 775
[ERR: 13:54]: No DocBlock was found for Method createMultipartMockField on line 785
[ERR: 13:54]: No DocBlock was found for Method createMockRenderer on line 795
[ERR: 13:54]: No DocBlock was found for Method createMockTransformer on line 800
[INFO: 13:54]: Starting to parse file: /home/mvriel/Projects/Personal/symfony/tests/Symfony/Tests/Components/Form/CheckboxFieldTest.php
[ERR: 13:54]: No Page-level DocBlock was found for /home/mvriel/Projects/Personal/symfony/tests/Symfony/Tests/Components/Form/CheckboxFieldTest.php
[ERR: 13:54]: No DocBlock was found for Class CheckboxFieldTest on line 7
[ERR: 13:54]: No DocBlock was found for Method testRender on line 9
[INFO: 13:54]: Starting to parse file: /home/mvriel/Projects/Personal/symfony/tests/Symfony/Tests/Components/Form/NumberFieldTest.php
[ERR: 13:54]: No Page-level DocBlock was found for /home/mvriel/Projects/Personal/symfony/tests/Symfony/Tests/Components/Form/NumberFieldTest.php
[ERR: 13:54]: No DocBlock was found for Class NumberFieldTest on line 9
[ERR: 13:54]: No DocBlock was found for Method testRender on line 11
[ERR: 13:54]: No DocBlock was found for Method testRenderWithPrecision on line 23
[ERR: 13:54]: No DocBlock was found for Method testRenderWithGrouping on line 35
[INFO: 13:54]: Starting to parse file: /home/mvriel/Projects/Personal/symfony/tests/Symfony/Tests/Components/Templating/Fixtures/SimpleHelper.php
[ERR: 13:54]: No Page-level DocBlock was found for /home/mvriel/Projects/Personal/symfony/tests/Symfony/Tests/Components/Templating/Fixtures/SimpleHelper.php
[ERR: 13:54]: No DocBlock was found for Class SimpleHelper on line 5
[ERR: 13:54]: No DocBlock was found for Property $value on line 7
[ERR: 13:54]: No DocBlock was found for Method __construct on line 9
[ERR: 13:54]: No DocBlock was found for Method __toString on line 14
[ERR: 13:54]: No DocBlock was found for Method getName on line 19
[INFO: 13:54]: Starting to parse file: /home/mvriel/Projects/Personal/symfony/tests/Symfony/Tests/Components/Templating/Fixtures/ProjectTemplateDebugger.php
[ERR: 13:54]: No Page-level DocBlock was found for /home/mvriel/Projects/Personal/symfony/tests/Symfony/Tests/Components/Templating/Fixtures/ProjectTemplateDebugger.php
[ERR: 13:54]: No DocBlock was found for Class ProjectTemplateDebugger on line 5
[ERR: 13:54]: No DocBlock was found for Property $messages on line 7
[ERR: 13:54]: No DocBlock was found for Method log on line 9
[ERR: 13:54]: No DocBlock was found for Method hasMessage on line 14
[ERR: 13:54]: No DocBlock was found for Method getMessages on line 25
[INFO: 13:54]: Starting to parse file: /home/mvriel/Projects/Personal/symfony/tests/Symfony/Tests/Components/Templating/Fixtures/templates/foo.php
[ERR: 13:54]: No Page-level DocBlock was found for /home/mvriel/Projects/Personal/symfony/tests/Symfony/Tests/Components/Templating/Fixtures/templates/foo.php
[INFO: 13:54]: Starting to parse file: /home/mvriel/Projects/Personal/symfony/tests/Symfony/Tests/Components/Templating/Loader/CacheLoaderTest.php
[ERR: 13:54]: No Page-level DocBlock was found for /home/mvriel/Projects/Personal/symfony/tests/Symfony/Tests/Components/Templating/Loader/CacheLoaderTest.php
[ERR: 13:54]: No DocBlock was found for Class CacheLoaderTest on line 20
[ERR: 13:54]: No DocBlock was found for Method testConstructor on line 22
[ERR: 13:54]: No DocBlock was found for Method testLoad on line 29
[ERR: 13:54]: No DocBlock was found for Class ProjectTemplateLoader on line 44
[ERR: 13:54]: No DocBlock was found for Method getDir on line 46
[ERR: 13:54]: No DocBlock was found for Method getLoader on line 51
[ERR: 13:54]: No DocBlock was found for Class ProjectTemplateLoaderVar on line 57
[ERR: 13:54]: No DocBlock was found for Method getIndexTemplate on line 59
[ERR: 13:54]: No DocBlock was found for Method getSpecialTemplate on line 64
[ERR: 13:54]: No DocBlock was found for Method load on line 69
[ERR: 13:54]: No DocBlock was found for Method isFresh on line 78
[INFO: 13:54]: Starting to parse file: /home/mvriel/Projects/Personal/symfony/tests/Symfony/Tests/Components/Templating/Loader/LoaderTest.php
[ERR: 13:54]: No Page-level DocBlock was found for /home/mvriel/Projects/Personal/symfony/tests/Symfony/Tests/Components/Templating/Loader/LoaderTest.php
[ERR: 13:54]: No DocBlock was found for Class LoaderTest on line 18
[ERR: 13:54]: No DocBlock was found for Method testGetSetDebugger on line 20
[ERR: 13:54]: No DocBlock was found for Class ProjectTemplateLoader4 on line 28
[ERR: 13:54]: No DocBlock was found for Method load on line 30
[ERR: 13:54]: No DocBlock was found for Method getDebugger on line 34
[ERR: 13:54]: No DocBlock was found for Method isFresh on line 39
[INFO: 13:54]: Starting to parse file: /home/mvriel/Projects/Personal/symfony/tests/Symfony/Tests/Components/Templating/Loader/ChainLoaderTest.php
[ERR: 13:54]: No Page-level DocBlock was found for /home/mvriel/Projects/Personal/symfony/tests/Symfony/Tests/Components/Templating/Loader/ChainLoaderTest.php
[ERR: 13:54]: No DocBlock was found for Class ChainLoaderTest on line 20
[ERR: 13:54]: No DocBlock was found for Property $loader1 on line 22
[ERR: 13:54]: No DocBlock was found for Property $loader2 on line 22
[ERR: 13:54]: No DocBlock was found for Method setUpBeforeClass on line 24
[ERR: 13:54]: No DocBlock was found for Method testConstructor on line 31
[ERR: 13:54]: No DocBlock was found for Method testAddLoader on line 37
[ERR: 13:54]: No DocBlock was found for Method testLoad on line 44
[ERR: 13:54]: No DocBlock was found for Class ProjectTemplateLoader1 on line 53
[ERR: 13:54]: No DocBlock was found for Method getLoaders on line 55
[INFO: 13:54]: Starting to parse file: /home/mvriel/Projects/Personal/symfony/tests/Symfony/Tests/Components/Templating/Loader/FilesystemLoaderTest.php
[ERR: 13:54]: No Page-level DocBlock was found for /home/mvriel/Projects/Personal/symfony/tests/Symfony/Tests/Components/Templating/Loader/FilesystemLoaderTest.php
[ERR: 13:54]: No DocBlock was found for Class FilesystemLoaderTest on line 19
[ERR: 13:54]: No DocBlock was found for Property $fixturesPath on line 21
[ERR: 13:54]: No DocBlock was found for Method setUpBeforeClass on line 23
[ERR: 13:54]: No DocBlock was found for Method testConstructor on line 28
[ERR: 13:54]: No DocBlock was found for Method testIsAbsolutePath on line 38
[ERR: 13:54]: No DocBlock was found for Method testLoad on line 46
[ERR: 13:54]: No DocBlock was found for Class ProjectTemplateLoader2 on line 73
[ERR: 13:54]: No DocBlock was found for Method getTemplatePathPatterns on line 75
[ERR: 13:54]: No DocBlock was found for Method isAbsolutePath on line 80
[INFO: 13:54]: Starting to parse file: /home/mvriel/Projects/Personal/symfony/tests/Symfony/Tests/Components/Templating/EngineTest.php
[ERR: 13:54]: No Page-level DocBlock was found for /home/mvriel/Projects/Personal/symfony/tests/Symfony/Tests/Components/Templating/EngineTest.php
[ERR: 13:54]: No DocBlock was found for Class EngineTest on line 24
[ERR: 13:54]: No DocBlock was found for Property $loader on line 26
[ERR: 13:54]: No DocBlock was found for Property $renderer on line 26
[ERR: 13:54]: No DocBlock was found for Method setUpBeforeClass on line 28
[ERR: 13:54]: No DocBlock was found for Method testConstructor on line 34
[ERR: 13:54]: No DocBlock was found for Method testMagicGet on line 48
[ERR: 13:54]: No DocBlock was found for Method testGetSetHas on line 63
[ERR: 13:54]: No DocBlock was found for Method testExtendRender on line 85
[ERR: 13:54]: No DocBlock was found for Method testEscape on line 119
[ERR: 13:54]: No DocBlock was found for Method testGetSetCharset on line 127
[ERR: 13:54]: No DocBlock was found for Class ProjectTemplateEngine on line 136
[ERR: 13:54]: No DocBlock was found for Method getLoader on line 138
[ERR: 13:54]: No DocBlock was found for Method getRenderers on line 143
[ERR: 13:54]: No DocBlock was found for Class ProjectTemplateRenderer on line 149
[ERR: 13:54]: No DocBlock was found for Method getEngine on line 151
[ERR: 13:54]: No DocBlock was found for Class ProjectTemplateLoader on line 157
[ERR: 13:54]: No DocBlock was found for Property $templates on line 159
[ERR: 13:54]: No DocBlock was found for Method setTemplate on line 161
[ERR: 13:54]: No DocBlock was found for Method load on line 166
[ERR: 13:54]: No DocBlock was found for Method isFresh on line 175
[ERR: 13:54]: No DocBlock was found for Class FooTemplateRenderer on line 181
[ERR: 13:54]: No DocBlock was found for Method evaluate on line 183
[INFO: 13:54]: Starting to parse file: /home/mvriel/Projects/Personal/symfony/tests/Symfony/Tests/Components/Templating/Storage/StorageTest.php
[ERR: 13:54]: No Page-level DocBlock was found for /home/mvriel/Projects/Personal/symfony/tests/Symfony/Tests/Components/Templating/Storage/StorageTest.php
[ERR: 13:54]: No DocBlock was found for Class StorageTest on line 17
[ERR: 13:54]: No DocBlock was found for Method testMagicToString on line 19
[ERR: 13:54]: No DocBlock was found for Method testGetRenderer on line 25
[ERR: 13:54]: No DocBlock was found for Class TestStorage on line 32
[ERR: 13:54]: No DocBlock was found for Method getContent on line 34
[INFO: 13:54]: Starting to parse file: /home/mvriel/Projects/Personal/symfony/tests/Symfony/Tests/Components/Templating/Storage/StringStorageTest.php
[ERR: 13:54]: No Page-level DocBlock was found for /home/mvriel/Projects/Personal/symfony/tests/Symfony/Tests/Components/Templating/Storage/StringStorageTest.php
[ERR: 13:54]: No DocBlock was found for Class StringStorageTest on line 17
[ERR: 13:54]: No DocBlock was found for Method testGetContent on line 19
[INFO: 13:54]: Starting to parse file: /home/mvriel/Projects/Personal/symfony/tests/Symfony/Tests/Components/Templating/Storage/FileStorageTest.php
[ERR: 13:54]: No Page-level DocBlock was found for /home/mvriel/Projects/Personal/symfony/tests/Symfony/Tests/Components/Templating/Storage/FileStorageTest.php
[ERR: 13:54]: No DocBlock was found for Class FileStorageTest on line 17
[ERR: 13:54]: No DocBlock was found for Method testGetContent on line 19
[INFO: 13:54]: Starting to parse file: /home/mvriel/Projects/Personal/symfony/tests/Symfony/Tests/Components/Templating/Renderer/RendererTest.php
[ERR: 13:54]: No Page-level DocBlock was found for /home/mvriel/Projects/Personal/symfony/tests/Symfony/Tests/Components/Templating/Renderer/RendererTest.php
[ERR: 13:54]: No DocBlock was found for Class RendererTest on line 21
[ERR: 13:54]: No DocBlock was found for Method testSetEngine on line 23
[ERR: 13:54]: No DocBlock was found for Class ProjectTemplateRenderer on line 32
[ERR: 13:54]: No DocBlock was found for Method getEngine on line 34
[ERR: 13:54]: No DocBlock was found for Method evaluate on line 39
[INFO: 13:54]: Starting to parse file: /home/mvriel/Projects/Personal/symfony/tests/Symfony/Tests/Components/Templating/Renderer/PhpRendererTest.php
[ERR: 13:54]: No Page-level DocBlock was found for /home/mvriel/Projects/Personal/symfony/tests/Symfony/Tests/Components/Templating/Renderer/PhpRendererTest.php
[ERR: 13:54]: No DocBlock was found for Class PhpRendererTest on line 19
[ERR: 13:54]: No DocBlock was found for Method testEvaluate on line 21
[INFO: 13:54]: Starting to parse file: /home/mvriel/Projects/Personal/symfony/tests/Symfony/Tests/Components/Templating/Helper/HelperTest.php
[ERR: 13:54]: No Page-level DocBlock was found for /home/mvriel/Projects/Personal/symfony/tests/Symfony/Tests/Components/Templating/Helper/HelperTest.php
[ERR: 13:54]: No DocBlock was found for Class HelperTest on line 16
[ERR: 13:54]: No DocBlock was found for Method testGetSetCharset on line 18
[ERR: 13:54]: No DocBlock was found for Class ProjectTemplateHelper on line 26
[ERR: 13:54]: No DocBlock was found for Method getName on line 28
[INFO: 13:54]: Starting to parse file: /home/mvriel/Projects/Personal/symfony/tests/Symfony/Tests/Components/Templating/Helper/StylesheetsHelperTest.php
[ERR: 13:54]: No Page-level DocBlock was found for /home/mvriel/Projects/Personal/symfony/tests/Symfony/Tests/Components/Templating/Helper/StylesheetsHelperTest.php
[ERR: 13:54]: No DocBlock was found for Class StylesheetsHelperTest on line 18
[ERR: 13:54]: No DocBlock was found for Method testAdd on line 20
[ERR: 13:54]: No DocBlock was found for Method testMagicToString on line 34
[INFO: 13:54]: Starting to parse file: /home/mvriel/Projects/Personal/symfony/tests/Symfony/Tests/Components/Templating/Helper/AssetsTest.php
[ERR: 13:54]: No Page-level DocBlock was found for /home/mvriel/Projects/Personal/symfony/tests/Symfony/Tests/Components/Templating/Helper/AssetsTest.php
[ERR: 13:54]: No DocBlock was found for Class AssetsHelperTest on line 16
[ERR: 13:54]: No DocBlock was found for Method testConstructor on line 18
[ERR: 13:54]: No DocBlock was found for Method testGetSetBasePath on line 26
[ERR: 13:54]: No DocBlock was found for Method testGetSetVersion on line 39
[ERR: 13:54]: No DocBlock was found for Method testSetGetBaseURLs on line 46
[ERR: 13:54]: No DocBlock was found for Method testGetUrl on line 63
[INFO: 13:54]: Starting to parse file: /home/mvriel/Projects/Personal/symfony/tests/Symfony/Tests/Components/Templating/Helper/JavascriptsHelperTest.php
[ERR: 13:54]: No Page-level DocBlock was found for /home/mvriel/Projects/Personal/symfony/tests/Symfony/Tests/Components/Templating/Helper/JavascriptsHelperTest.php
[ERR: 13:54]: No DocBlock was found for Class JavascriptsHelperTest on line 18
[ERR: 13:54]: No DocBlock was found for Method testAdd on line 20
[ERR: 13:54]: No DocBlock was found for Method testMagicToString on line 34
[INFO: 13:54]: Starting to parse file: /home/mvriel/Projects/Personal/symfony/tests/Symfony/Tests/Components/Templating/Helper/SlotsHelperTest.php
[ERR: 13:54]: No Page-level DocBlock was found for /home/mvriel/Projects/Personal/symfony/tests/Symfony/Tests/Components/Templating/Helper/SlotsHelperTest.php
[ERR: 13:54]: No DocBlock was found for Class SlotsHelperTest on line 16
[ERR: 13:54]: No DocBlock was found for Method testHasGetSet on line 18
[ERR: 13:54]: No DocBlock was found for Method testOutput on line 29
[ERR: 13:54]: No DocBlock was found for Method testStartStop on line 52
[INFO: 13:54]: Starting to parse file: /home/mvriel/Projects/Personal/symfony/tests/bootstrap.php
[ERR: 13:54]: No Page-level DocBlock was found for /home/mvriel/Projects/Personal/symfony/tests/bootstrap.php
[INFO: 13:54]: Starting to parse file: /home/mvriel/Projects/Personal/symfony/src/Symfony/Framework/Debug/ErrorHandler.php
[ERR: 13:54]: No Page-level DocBlock was found for /home/mvriel/Projects/Personal/symfony/src/Symfony/Framework/Debug/ErrorHandler.php
[ERR: 13:54]: No DocBlock was found for Property $level on line 33
[ERR: 13:54]: No DocBlock was found for Method register on line 45
[INFO: 13:54]: Starting to parse file: /home/mvriel/Projects/Personal/symfony/src/Symfony/Framework/Debug/ErrorException.php
[ERR: 13:54]: No Page-level DocBlock was found for /home/mvriel/Projects/Personal/symfony/src/Symfony/Framework/Debug/ErrorException.php
[INFO: 13:54]: Starting to parse file: /home/mvriel/Projects/Personal/symfony/src/Symfony/Framework/Debug/EventDispatcher.php
[ERR: 13:54]: No Page-level DocBlock was found for /home/mvriel/Projects/Personal/symfony/src/Symfony/Framework/Debug/EventDispatcher.php
[ERR: 13:54]: No DocBlock was found for Property $logger on line 29
[ERR: 13:54]: No DocBlock was found for Method listenerToString on line 113
[INFO: 13:54]: Starting to parse file: /home/mvriel/Projects/Personal/symfony/src/Symfony/Framework/ClassCollectionLoader.php
[ERR: 13:54]: No Page-level DocBlock was found for /home/mvriel/Projects/Personal/symfony/src/Symfony/Framework/ClassCollectionLoader.php
[ERR: 13:54]: No DocBlock was found for Method writeCacheFile on line 85
[INFO: 13:54]: Starting to parse file: /home/mvriel/Projects/Personal/symfony/src/Symfony/Framework/Test/WebTestCase.php
[ERR: 13:54]: No Page-level DocBlock was found for /home/mvriel/Projects/Personal/symfony/src/Symfony/Framework/Test/WebTestCase.php
[ERR: 13:54]: No DocBlock was found for Property $kernel on line 25
[ERR: 13:54]: No DocBlock was found for Property $options on line 53
[INFO: 13:54]: Starting to parse file: /home/mvriel/Projects/Personal/symfony/src/Symfony/Framework/Bundle/Bundle.php
[ERR: 13:54]: No Page-level DocBlock was found for /home/mvriel/Projects/Personal/symfony/src/Symfony/Framework/Bundle/Bundle.php
[ERR: 13:54]: No DocBlock was found for Property $name on line 28
[ERR: 13:54]: No DocBlock was found for Property $namespacePrefix on line 29
[ERR: 13:54]: No DocBlock was found for Property $path on line 30
[ERR: 13:54]: No DocBlock was found for Property $reflection on line 31
[ERR: 13:54]: No DocBlock was found for Method initReflection on line 141
[INFO: 13:54]: Starting to parse file: /home/mvriel/Projects/Personal/symfony/src/Symfony/Framework/Bundle/BundleInterface.php
[ERR: 13:54]: No Page-level DocBlock was found for /home/mvriel/Projects/Personal/symfony/src/Symfony/Framework/Bundle/BundleInterface.php
[INFO: 13:54]: Starting to parse file: /home/mvriel/Projects/Personal/symfony/src/Symfony/Framework/Kernel.php
[ERR: 13:54]: No Page-level DocBlock was found for /home/mvriel/Projects/Personal/symfony/src/Symfony/Framework/Kernel.php
[ERR: 13:54]: No DocBlock was found for Property $bundles on line 39
[ERR: 13:54]: No DocBlock was found for Property $bundleDirs on line 40
[ERR: 13:54]: No DocBlock was found for Property $container on line 41
[ERR: 13:54]: No DocBlock was found for Property $rootDir on line 42
[ERR: 13:54]: No DocBlock was found for Property $environment on line 43
[ERR: 13:54]: No DocBlock was found for Property $debug on line 44
[ERR: 13:54]: No DocBlock was found for Property $booted on line 45
[ERR: 13:54]: No DocBlock was found for Property $name on line 46
[ERR: 13:54]: No DocBlock was found for Property $startTime on line 47
[ERR: 13:54]: No DocBlock was found for Property $request on line 48
[ERR: 13:54]: No DocBlock was found for Constant VERSION on line 50
[ERR: 13:54]: No DocBlock was found for Method __clone on line 76
[ERR: 13:54]: No DocBlock was found for Method registerRootDir on line 87
[ERR: 13:54]: No DocBlock was found for Method registerBundles on line 89
[ERR: 13:54]: No DocBlock was found for Method registerBundleDirs on line 91
[ERR: 13:54]: No DocBlock was found for Method registerContainerConfiguration on line 93
[ERR: 13:54]: No DocBlock was found for Property $loader on line 93
[ERR: 13:54]: No DocBlock was found for Method getName on line 231
[ERR: 13:54]: No DocBlock was found for Method getSafeName on line 236
[ERR: 13:54]: No DocBlock was found for Method getEnvironment on line 241
[ERR: 13:54]: No DocBlock was found for Method isDebug on line 246
[ERR: 13:54]: No DocBlock was found for Method getRootDir on line 251
[ERR: 13:54]: No DocBlock was found for Method getContainer on line 256
[ERR: 13:54]: No DocBlock was found for Method getStartTime on line 261
[ERR: 13:54]: No DocBlock was found for Method getCacheDir on line 266
[ERR: 13:54]: No DocBlock was found for Method getLogDir on line 271
[ERR: 13:54]: No DocBlock was found for Method initializeContainer on line 276
[ERR: 13:54]: No DocBlock was found for Method getKernelParameters on line 291
[ERR: 13:54]: No DocBlock was found for Method getEnvParameters on line 314
[ERR: 13:54]: No DocBlock was found for Method needsReload on line 326
[ERR: 13:54]: No DocBlock was found for Method buildContainer on line 343
[ERR: 13:54]: No DocBlock was found for Method getContainerLoader on line 390
[ERR: 13:54]: No DocBlock was found for Method stripComments on line 402
[ERR: 13:54]: No DocBlock was found for Method writeCacheFile on line 427
[ERR: 13:54]: No DocBlock was found for Method serialize on line 447
[ERR: 13:54]: No DocBlock was found for Method unserialize on line 452
[INFO: 13:54]: Starting to parse file: /home/mvriel/Projects/Personal/symfony/src/Symfony/Framework/Resources/bin/packager.php
[ERR: 13:54]: No Page-level DocBlock was found for /home/mvriel/Projects/Personal/symfony/src/Symfony/Framework/Resources/bin/packager.php
[INFO: 13:54]: Starting to parse file: /home/mvriel/Projects/Personal/symfony/src/Symfony/Framework/DependencyInjection/KernelExtension.php
[ERR: 13:54]: No Page-level DocBlock was found for /home/mvriel/Projects/Personal/symfony/src/Symfony/Framework/DependencyInjection/KernelExtension.php
[ERR: 13:54]: No DocBlock was found for Method testLoad on line 27
[ERR: 13:54]: No DocBlock was found for Method configLoad on line 77
[ERR: 13:54]: No DocBlock was found for Method getNamespace on line 135
[ERR: 13:54]: No DocBlock was found for Method getAlias on line 140
[INFO: 13:54]: Starting to parse file: /home/mvriel/Projects/Personal/symfony/src/Symfony/Framework/KernelBundle.php
[ERR: 13:54]: No Page-level DocBlock was found for /home/mvriel/Projects/Personal/symfony/src/Symfony/Framework/KernelBundle.php
[INFO: 13:54]: Starting to parse file: /home/mvriel/Projects/Personal/symfony/src/Symfony/Framework/Cache/Cache.php
[ERR: 13:54]: No Page-level DocBlock was found for /home/mvriel/Projects/Personal/symfony/src/Symfony/Framework/Cache/Cache.php
[INFO: 13:54]: Starting to parse file: /home/mvriel/Projects/Personal/symfony/src/Symfony/Framework/UniversalClassLoader.php
[ERR: 13:54]: No Page-level DocBlock was found for /home/mvriel/Projects/Personal/symfony/src/Symfony/Framework/UniversalClassLoader.php
[ERR: 13:54]: No DocBlock was found for Property $prefixes on line 59
[ERR: 13:54]: No DocBlock was found for Method getNamespaces on line 61
[ERR: 13:54]: No DocBlock was found for Method getPrefixes on line 66
[INFO: 13:54]: Starting to parse file: /home/mvriel/Projects/Personal/symfony/src/Symfony/Framework/EventDispatcher.php
[ERR: 13:54]: No Page-level DocBlock was found for /home/mvriel/Projects/Personal/symfony/src/Symfony/Framework/EventDispatcher.php
[INFO: 13:54]: Starting to parse file: /home/mvriel/Projects/Personal/symfony/src/Symfony/Framework/Client.php
[ERR: 13:54]: No Page-level DocBlock was found for /home/mvriel/Projects/Personal/symfony/src/Symfony/Framework/Client.php
[ERR: 13:54]: No DocBlock was found for Property $container on line 28
[INFO: 13:54]: Starting to parse file: /home/mvriel/Projects/Personal/symfony/src/Symfony/Framework/bootstrap.php
[ERR: 13:54]: No Page-level DocBlock was found for /home/mvriel/Projects/Personal/symfony/src/Symfony/Framework/bootstrap.php
[ERR: 13:54]: No DocBlock was found for Class Bundle on line 13
[ERR: 13:54]: No DocBlock was found for Property $name on line 15
[ERR: 13:54]: No DocBlock was found for Property $namespacePrefix on line 16
[ERR: 13:54]: No DocBlock was found for Property $path on line 17
[ERR: 13:54]: No DocBlock was found for Property $reflection on line 18
[ERR: 13:54]: No DocBlock was found for Method buildContainer on line 21
[ERR: 13:54]: No DocBlock was found for Method boot on line 26
[ERR: 13:54]: No DocBlock was found for Method shutdown on line 31
[ERR: 13:54]: No DocBlock was found for Method getName on line 36
[ERR: 13:54]: No DocBlock was found for Method getNamespacePrefix on line 46
[ERR: 13:54]: No DocBlock was found for Method getPath on line 56
[ERR: 13:54]: No DocBlock was found for Method getReflection on line 66
[ERR: 13:54]: No DocBlock was found for Method registerCommands on line 76
[ERR: 13:54]: No DocBlock was found for Method initReflection on line 94
[ERR: 13:54]: No DocBlock was found for Interface BundleInterface on line 113
[ERR: 13:54]: No DocBlock was found for Method buildContainer on line 116
[ERR: 13:54]: No DocBlock was found for Method testLoad on line 183
[ERR: 13:54]: No DocBlock was found for Method sessionLoad on line 193
[ERR: 13:54]: No DocBlock was found for Method configLoad on line 226
[ERR: 13:54]: No DocBlock was found for Method getXsdValidationBasePath on line 275
[ERR: 13:54]: No DocBlock was found for Method getNamespace on line 280
[ERR: 13:54]: No DocBlock was found for Method getAlias on line 285
[ERR: 13:54]: No DocBlock was found for Property $levels on line 299
[ERR: 13:54]: No DocBlock was found for Property $level on line 309
[ERR: 13:54]: No DocBlock was found for Method __construct on line 312
[ERR: 13:54]: No DocBlock was found for Method register on line 317
[ERR: 13:54]: No DocBlock was found for Method handle on line 325
[ERR: 13:54]: No DocBlock was found for Method load on line 348
[ERR: 13:54]: No DocBlock was found for Method writeCacheFile on line 404
[ERR: 13:54]: No DocBlock was found for Method __construct on line 438
[INFO: 13:54]: Starting to parse file: /home/mvriel/Projects/Personal/symfony/src/Symfony/Bundle/ZendBundle/Logger/Logger.php
[ERR: 13:54]: No Page-level DocBlock was found for /home/mvriel/Projects/Personal/symfony/src/Symfony/Bundle/ZendBundle/Logger/Logger.php
[ERR: 13:54]: No DocBlock was found for Method emerg on line 26
[ERR: 13:54]: No DocBlock was found for Method alert on line 31
[ERR: 13:54]: No DocBlock was found for Method crit on line 36
[ERR: 13:54]: No DocBlock was found for Method err on line 41
[ERR: 13:54]: No DocBlock was found for Method warn on line 46
[ERR: 13:54]: No DocBlock was found for Method notice on line 51
[ERR: 13:54]: No DocBlock was found for Method info on line 56
[ERR: 13:54]: No DocBlock was found for Method debug on line 61
[INFO: 13:54]: Starting to parse file: /home/mvriel/Projects/Personal/symfony/src/Symfony/Bundle/ZendBundle/Logger/DebugLogger.php
[ERR: 13:54]: No Page-level DocBlock was found for /home/mvriel/Projects/Personal/symfony/src/Symfony/Bundle/ZendBundle/Logger/DebugLogger.php
[ERR: 13:54]: No DocBlock was found for Property $logs on line 25
[ERR: 13:54]: No DocBlock was found for Method getLogs on line 27
[ERR: 13:54]: No DocBlock was found for Method factory on line 42
[INFO: 13:54]: Starting to parse file: /home/mvriel/Projects/Personal/symfony/src/Symfony/Bundle/ZendBundle/DependencyInjection/ZendExtension.php
[ERR: 13:54]: No Page-level DocBlock was found for /home/mvriel/Projects/Personal/symfony/src/Symfony/Bundle/ZendBundle/DependencyInjection/ZendExtension.php
[ERR: 13:54]: No DocBlock was found for Property $resources on line 27
[ERR: 13:54]: No DocBlock was found for Method getNamespace on line 105
[ERR: 13:54]: No DocBlock was found for Method getAlias on line 110
[INFO: 13:54]: Starting to parse file: /home/mvriel/Projects/Personal/symfony/src/Symfony/Bundle/ZendBundle/Tests/DependencyInjection/ZendExtensionTest.php
[ERR: 13:54]: No Page-level DocBlock was found for /home/mvriel/Projects/Personal/symfony/src/Symfony/Bundle/ZendBundle/Tests/DependencyInjection/ZendExtensionTest.php
[ERR: 13:54]: No DocBlock was found for Class ZendExtensionTest on line 18
[ERR: 13:54]: No DocBlock was found for Method testLoggerLoad on line 20
[ERR: 13:54]: No DocBlock was found for Method testI18nLoad on line 32
[INFO: 13:54]: Starting to parse file: /home/mvriel/Projects/Personal/symfony/src/Symfony/Bundle/ZendBundle/Tests/TestCase.php
[ERR: 13:54]: No Page-level DocBlock was found for /home/mvriel/Projects/Personal/symfony/src/Symfony/Bundle/ZendBundle/Tests/TestCase.php
[ERR: 13:54]: No DocBlock was found for Class TestCase on line 14
[ERR: 13:54]: No DocBlock was found for Method setUp on line 16
[INFO: 13:54]: Starting to parse file: /home/mvriel/Projects/Personal/symfony/src/Symfony/Bundle/ZendBundle/ZendBundle.php
[ERR: 13:54]: No Page-level DocBlock was found for /home/mvriel/Projects/Personal/symfony/src/Symfony/Bundle/ZendBundle/ZendBundle.php
[INFO: 13:54]: Starting to parse file: /home/mvriel/Projects/Personal/symfony/src/Symfony/Bundle/DoctrineBundle/Logger/DbalLogger.php
[ERR: 13:54]: No Page-level DocBlock was found for /home/mvriel/Projects/Personal/symfony/src/Symfony/Bundle/DoctrineBundle/Logger/DbalLogger.php
[ERR: 13:54]: No DocBlock was found for Property $logger on line 26
[INFO: 13:54]: Starting to parse file: /home/mvriel/Projects/Personal/symfony/src/Symfony/Bundle/DoctrineBundle/Command/GenerateEntityDoctrineCommand.php
[ERR: 13:54]: No Page-level DocBlock was found for /home/mvriel/Projects/Personal/symfony/src/Symfony/Bundle/DoctrineBundle/Command/GenerateEntityDoctrineCommand.php
[ERR: 13:54]: No DocBlock was found for Method configure on line 33
[INFO: 13:54]: Starting to parse file: /home/mvriel/Projects/Personal/symfony/src/Symfony/Bundle/DoctrineBundle/Command/GenerateProxiesDoctrineCommand.php
[ERR: 13:54]: No Page-level DocBlock was found for /home/mvriel/Projects/Personal/symfony/src/Symfony/Bundle/DoctrineBundle/Command/GenerateProxiesDoctrineCommand.php
[ERR: 13:54]: No DocBlock was found for Method configure on line 31
[ERR: 13:54]: No DocBlock was found for Method execute on line 46
[INFO: 13:54]: Starting to parse file: /home/mvriel/Projects/Personal/symfony/src/Symfony/Bundle/DoctrineBundle/Command/GenerateRepositoriesDoctrineCommand.php
[ERR: 13:54]: No Page-level DocBlock was found for /home/mvriel/Projects/Personal/symfony/src/Symfony/Bundle/DoctrineBundle/Command/GenerateRepositoriesDoctrineCommand.php
[ERR: 13:54]: No DocBlock was found for Method configure on line 29
[ERR: 13:54]: No DocBlock was found for Method execute on line 42
[INFO: 13:54]: Starting to parse file: /home/mvriel/Projects/Personal/symfony/src/Symfony/Bundle/DoctrineBundle/Command/CreateDatabaseDoctrineCommand.php
[ERR: 13:54]: No Page-level DocBlock was found for /home/mvriel/Projects/Personal/symfony/src/Symfony/Bundle/DoctrineBundle/Command/CreateDatabaseDoctrineCommand.php
[ERR: 13:54]: No DocBlock was found for Method configure on line 34
[ERR: 13:54]: No DocBlock was found for Method execute on line 52
[ERR: 13:54]: No DocBlock was found for Method createDatabaseForConnection on line 72
[INFO: 13:54]: Starting to parse file: /home/mvriel/Projects/Personal/symfony/src/Symfony/Bundle/DoctrineBundle/Command/RunDqlDoctrineCommand.php
[ERR: 13:54]: No Page-level DocBlock was found for /home/mvriel/Projects/Personal/symfony/src/Symfony/Bundle/DoctrineBundle/Command/RunDqlDoctrineCommand.php
[ERR: 13:54]: No DocBlock was found for Method configure on line 31
[ERR: 13:54]: No DocBlock was found for Method execute on line 54
[INFO: 13:54]: Starting to parse file: /home/mvriel/Projects/Personal/symfony/src/Symfony/Bundle/DoctrineBundle/Command/ConvertDoctrine1SchemaDoctrineCommand.php
[ERR: 13:54]: No Page-level DocBlock was found for /home/mvriel/Projects/Personal/symfony/src/Symfony/Bundle/DoctrineBundle/Command/ConvertDoctrine1SchemaDoctrineCommand.php
[ERR: 13:54]: No DocBlock was found for Method configure on line 37
[INFO: 13:54]: Starting to parse file: /home/mvriel/Projects/Personal/symfony/src/Symfony/Bundle/DoctrineBundle/Command/UpdateSchemaDoctrineCommand.php
[ERR: 13:54]: No Page-level DocBlock was found for /home/mvriel/Projects/Personal/symfony/src/Symfony/Bundle/DoctrineBundle/Command/UpdateSchemaDoctrineCommand.php
[ERR: 13:54]: No DocBlock was found for Method configure on line 31
[ERR: 13:54]: No DocBlock was found for Method execute on line 50
[INFO: 13:54]: Starting to parse file: /home/mvriel/Projects/Personal/symfony/src/Symfony/Bundle/DoctrineBundle/Command/ClearMetadataCacheDoctrineCommand.php
[ERR: 13:54]: No Page-level DocBlock was found for /home/mvriel/Projects/Personal/symfony/src/Symfony/Bundle/DoctrineBundle/Command/ClearMetadataCacheDoctrineCommand.php
[ERR: 13:54]: No DocBlock was found for Method configure on line 29
[ERR: 13:54]: No DocBlock was found for Method execute on line 49
[INFO: 13:54]: Starting to parse file: /home/mvriel/Projects/Personal/symfony/src/Symfony/Bundle/DoctrineBundle/Command/RunSqlDoctrineCommand.php
[ERR: 13:54]: No Page-level DocBlock was found for /home/mvriel/Projects/Personal/symfony/src/Symfony/Bundle/DoctrineBundle/Command/RunSqlDoctrineCommand.php
[ERR: 13:54]: No DocBlock was found for Method configure on line 31
[ERR: 13:54]: No DocBlock was found for Method execute on line 46
[INFO: 13:54]: Starting to parse file: /home/mvriel/Projects/Personal/symfony/src/Symfony/Bundle/DoctrineBundle/Command/CreateSchemaDoctrineCommand.php
[ERR: 13:54]: No Page-level DocBlock was found for /home/mvriel/Projects/Personal/symfony/src/Symfony/Bundle/DoctrineBundle/Command/CreateSchemaDoctrineCommand.php
[ERR: 13:54]: No DocBlock was found for Method configure on line 31
[ERR: 13:54]: No DocBlock was found for Method execute on line 50
[INFO: 13:54]: Starting to parse file: /home/mvriel/Projects/Personal/symfony/src/Symfony/Bundle/DoctrineBundle/Command/ClearQueryCacheDoctrineCommand.php
[ERR: 13:54]: No Page-level DocBlock was found for /home/mvriel/Projects/Personal/symfony/src/Symfony/Bundle/DoctrineBundle/Command/ClearQueryCacheDoctrineCommand.php
[ERR: 13:54]: No DocBlock was found for Method configure on line 29
[ERR: 13:54]: No DocBlock was found for Method execute on line 49
[INFO: 13:54]: Starting to parse file: /home/mvriel/Projects/Personal/symfony/src/Symfony/Bundle/DoctrineBundle/Command/LoadDataFixturesDoctrineCommand.php
[ERR: 13:54]: No Page-level DocBlock was found for /home/mvriel/Projects/Personal/symfony/src/Symfony/Bundle/DoctrineBundle/Command/LoadDataFixturesDoctrineCommand.php
[ERR: 13:54]: No DocBlock was found for Method configure on line 36
[ERR: 13:54]: No DocBlock was found for Method execute on line 59
[ERR: 13:54]: No DocBlock was found for Method purgeEntityManager on line 141
[ERR: 13:54]: No DocBlock was found for Method getCommitOrder on line 163
[INFO: 13:54]: Starting to parse file: /home/mvriel/Projects/Personal/symfony/src/Symfony/Bundle/DoctrineBundle/Command/DropDatabaseDoctrineCommand.php
[ERR: 13:54]: No Page-level DocBlock was found for /home/mvriel/Projects/Personal/symfony/src/Symfony/Bundle/DoctrineBundle/Command/DropDatabaseDoctrineCommand.php
[ERR: 13:54]: No DocBlock was found for Method configure on line 34
[ERR: 13:54]: No DocBlock was found for Method execute on line 52
[ERR: 13:54]: No DocBlock was found for Method dropDatabaseForConnection on line 72
[INFO: 13:54]: Starting to parse file: /home/mvriel/Projects/Personal/symfony/src/Symfony/Bundle/DoctrineBundle/Command/GenerateEntitiesDoctrineCommand.php
[ERR: 13:54]: No Page-level DocBlock was found for /home/mvriel/Projects/Personal/symfony/src/Symfony/Bundle/DoctrineBundle/Command/GenerateEntitiesDoctrineCommand.php
[ERR: 13:54]: No DocBlock was found for Method configure on line 32
[ERR: 13:54]: No DocBlock was found for Method execute on line 57
[INFO: 13:54]: Starting to parse file: /home/mvriel/Projects/Personal/symfony/src/Symfony/Bundle/DoctrineBundle/Command/ClearResultCacheDoctrineCommand.php
[ERR: 13:54]: No Page-level DocBlock was found for /home/mvriel/Projects/Personal/symfony/src/Symfony/Bundle/DoctrineBundle/Command/ClearResultCacheDoctrineCommand.php
[ERR: 13:54]: No DocBlock was found for Method configure on line 29
[ERR: 13:54]: No DocBlock was found for Method execute on line 61
[INFO: 13:54]: Starting to parse file: /home/mvriel/Projects/Personal/symfony/src/Symfony/Bundle/DoctrineBundle/Command/DropSchemaDoctrineCommand.php
[ERR: 13:54]: No Page-level DocBlock was found for /home/mvriel/Projects/Personal/symfony/src/Symfony/Bundle/DoctrineBundle/Command/DropSchemaDoctrineCommand.php
[ERR: 13:54]: No DocBlock was found for Method configure on line 31
[ERR: 13:54]: No DocBlock was found for Method execute on line 50
[INFO: 13:54]: Starting to parse file: /home/mvriel/Projects/Personal/symfony/src/Symfony/Bundle/DoctrineBundle/Command/ConvertMappingDoctrineCommand.php
[ERR: 13:54]: No Page-level DocBlock was found for /home/mvriel/Projects/Personal/symfony/src/Symfony/Bundle/DoctrineBundle/Command/ConvertMappingDoctrineCommand.php
[ERR: 13:54]: No DocBlock was found for Method configure on line 32
[ERR: 13:54]: No DocBlock was found for Method execute on line 46
[INFO: 13:54]: Starting to parse file: /home/mvriel/Projects/Personal/symfony/src/Symfony/Bundle/DoctrineBundle/Command/ImportMappingDoctrineCommand.php
[ERR: 13:54]: No Page-level DocBlock was found for /home/mvriel/Projects/Personal/symfony/src/Symfony/Bundle/DoctrineBundle/Command/ImportMappingDoctrineCommand.php
[ERR: 13:54]: No DocBlock was found for Method configure on line 36
[ERR: 13:54]: No DocBlock was found for Method execute on line 56
[INFO: 13:54]: Starting to parse file: /home/mvriel/Projects/Personal/symfony/src/Symfony/Bundle/DoctrineBundle/Command/EnsureProductionSettingsDoctrineCommand.php
[ERR: 13:54]: No Page-level DocBlock was found for /home/mvriel/Projects/Personal/symfony/src/Symfony/Bundle/DoctrineBundle/Command/EnsureProductionSettingsDoctrineCommand.php
[ERR: 13:54]: No DocBlock was found for Method configure on line 31
[ERR: 13:54]: No DocBlock was found for Method execute on line 50
[INFO: 13:54]: Starting to parse file: /home/mvriel/Projects/Personal/symfony/src/Symfony/Bundle/DoctrineBundle/Command/DoctrineCommand.php
[ERR: 13:54]: No Page-level DocBlock was found for /home/mvriel/Projects/Personal/symfony/src/Symfony/Bundle/DoctrineBundle/Command/DoctrineCommand.php
[ERR: 13:54]: No DocBlock was found for Method setApplicationEntityManager on line 39
[ERR: 13:54]: No DocBlock was found for Method setApplicationConnection on line 54
[ERR: 13:54]: No DocBlock was found for Method getEntityGenerator on line 68
[ERR: 13:54]: No DocBlock was found for Method getEntityManager on line 80
[ERR: 13:54]: No DocBlock was found for Method runCommand on line 91
[ERR: 13:54]: No DocBlock was found for Method getDoctrineEntityManagers on line 121
[ERR: 13:54]: No DocBlock was found for Method getBundleMetadatas on line 135
[ERR: 13:54]: No DocBlock was found for Class SymfonyDisconnectedClassMetadataFactory on line 156
[INFO: 13:54]: Starting to parse file: /home/mvriel/Projects/Personal/symfony/src/Symfony/Bundle/DoctrineBundle/DependencyInjection/DoctrineExtension.php
[ERR: 13:54]: No Page-level DocBlock was found for /home/mvriel/Projects/Personal/symfony/src/Symfony/Bundle/DoctrineBundle/DependencyInjection/DoctrineExtension.php
[ERR: 13:54]: No DocBlock was found for Property $resources on line 31
[ERR: 13:54]: No DocBlock was found for Property $bundleDirs on line 35
[ERR: 13:54]: No DocBlock was found for Property $bundles on line 36
[ERR: 13:54]: No DocBlock was found for Property $kernelCacheDir on line 37
[ERR: 13:54]: No DocBlock was found for Method __construct on line 39
[INFO: 13:54]: Starting to parse file: /home/mvriel/Projects/Personal/symfony/src/Symfony/Bundle/DoctrineBundle/Tests/DependencyInjection/Fixtures/Bundles/XmlBundle/Entity/Test.php
[ERR: 13:54]: No Page-level DocBlock was found for /home/mvriel/Projects/Personal/symfony/src/Symfony/Bundle/DoctrineBundle/Tests/DependencyInjection/Fixtures/Bundles/XmlBundle/Entity/Test.php
[ERR: 13:54]: No DocBlock was found for Class Test on line 5
[INFO: 13:54]: Starting to parse file: /home/mvriel/Projects/Personal/symfony/src/Symfony/Bundle/DoctrineBundle/Tests/DependencyInjection/Fixtures/Bundles/XmlBundle/XmlBundle.php
[ERR: 13:54]: No Page-level DocBlock was found for /home/mvriel/Projects/Personal/symfony/src/Symfony/Bundle/DoctrineBundle/Tests/DependencyInjection/Fixtures/Bundles/XmlBundle/XmlBundle.php
[ERR: 13:54]: No DocBlock was found for Class XmlBundle on line 7
[INFO: 13:54]: Starting to parse file: /home/mvriel/Projects/Personal/symfony/src/Symfony/Bundle/DoctrineBundle/Tests/DependencyInjection/Fixtures/Bundles/YamlBundle/Entity/Test.php
[ERR: 13:54]: No Page-level DocBlock was found for /home/mvriel/Projects/Personal/symfony/src/Symfony/Bundle/DoctrineBundle/Tests/DependencyInjection/Fixtures/Bundles/YamlBundle/Entity/Test.php
[ERR: 13:54]: No DocBlock was found for Class Test on line 5
[INFO: 13:54]: Starting to parse file: /home/mvriel/Projects/Personal/symfony/src/Symfony/Bundle/DoctrineBundle/Tests/DependencyInjection/Fixtures/Bundles/YamlBundle/YamlBundle.php
[ERR: 13:54]: No Page-level DocBlock was found for /home/mvriel/Projects/Personal/symfony/src/Symfony/Bundle/DoctrineBundle/Tests/DependencyInjection/Fixtures/Bundles/YamlBundle/YamlBundle.php
[ERR: 13:54]: No DocBlock was found for Class YamlBundle on line 7
[INFO: 13:54]: Starting to parse file: /home/mvriel/Projects/Personal/symfony/src/Symfony/Bundle/DoctrineBundle/Tests/DependencyInjection/Fixtures/Bundles/AnnotationsBundle/Entity/Test.php
[ERR: 13:54]: No Page-level DocBlock was found for /home/mvriel/Projects/Personal/symfony/src/Symfony/Bundle/DoctrineBundle/Tests/DependencyInjection/Fixtures/Bundles/AnnotationsBundle/Entity/Test.php
[ERR: 13:54]: No DocBlock was found for Class Test on line 5
[INFO: 13:54]: Starting to parse file: /home/mvriel/Projects/Personal/symfony/src/Symfony/Bundle/DoctrineBundle/Tests/DependencyInjection/Fixtures/Bundles/AnnotationsBundle/AnnotationsBundle.php
[ERR: 13:54]: No Page-level DocBlock was found for /home/mvriel/Projects/Personal/symfony/src/Symfony/Bundle/DoctrineBundle/Tests/DependencyInjection/Fixtures/Bundles/AnnotationsBundle/AnnotationsBundle.php
[ERR: 13:54]: No DocBlock was found for Class AnnotationsBundle on line 7
[INFO: 13:54]: Starting to parse file: /home/mvriel/Projects/Personal/symfony/src/Symfony/Bundle/DoctrineBundle/Tests/DependencyInjection/AbstractDoctrineExtensionTest.php
[ERR: 13:54]: No Page-level DocBlock was found for /home/mvriel/Projects/Personal/symfony/src/Symfony/Bundle/DoctrineBundle/Tests/DependencyInjection/AbstractDoctrineExtensionTest.php
[ERR: 13:54]: No DocBlock was found for Class AbstractDoctrineExtensionTest on line 20
[ERR: 13:54]: No DocBlock was found for Method loadFromFile on line 22
[ERR: 13:54]: No DocBlock was found for Property $container on line 22
[ERR: 13:54]: No DocBlock was found for Property $file on line 22
[ERR: 13:54]: No DocBlock was found for Method testDbalLoad on line 24
[ERR: 13:54]: No DocBlock was found for Method testDbalLoadFromXmlMultipleConnections on line 54
[ERR: 13:54]: No DocBlock was found for Method testDependencyInjectionConfigurationDefaults on line 95
[ERR: 13:54]: No DocBlock was found for Method testSingleEntityManagerConfiguration on line 170
[ERR: 13:54]: No DocBlock was found for Method testLoadSimpleSingleConnection on line 192
[ERR: 13:54]: No DocBlock was found for Method testLoadSingleConnection on line 226
[ERR: 13:54]: No DocBlock was found for Method testLoadMultipleConnections on line 257
[ERR: 13:54]: No DocBlock was found for Method testBundleEntityAliases on line 319
[ERR: 13:54]: No DocBlock was found for Method testYamlBundleMappingDetection on line 333
[ERR: 13:54]: No DocBlock was found for Method testXmlBundleMappingDetection on line 351
[ERR: 13:54]: No DocBlock was found for Method testAnnotationsBundleMappingDetection on line 369
[ERR: 13:54]: No DocBlock was found for Method testEntityManagerMetadataCacheDriverConfiguration on line 387
[ERR: 13:54]: No DocBlock was found for Method testEntityManagerMemcacheMetadataCacheDriverConfiguration on line 404
[ERR: 13:54]: No DocBlock was found for Method getDoctrineExtensionLoader on line 430
[INFO: 13:54]: Starting to parse file: /home/mvriel/Projects/Personal/symfony/src/Symfony/Bundle/DoctrineBundle/Tests/DependencyInjection/XmlDoctrineExtensionTest.php
[ERR: 13:54]: No Page-level DocBlock was found for /home/mvriel/Projects/Personal/symfony/src/Symfony/Bundle/DoctrineBundle/Tests/DependencyInjection/XmlDoctrineExtensionTest.php
[ERR: 13:54]: No DocBlock was found for Class XmlDoctrineExtensionTest on line 17
[ERR: 13:54]: No DocBlock was found for Method loadFromFile on line 19
[INFO: 13:54]: Starting to parse file: /home/mvriel/Projects/Personal/symfony/src/Symfony/Bundle/DoctrineBundle/Tests/DependencyInjection/YamlDoctrineExtensionTest.php
[ERR: 13:54]: No Page-level DocBlock was found for /home/mvriel/Projects/Personal/symfony/src/Symfony/Bundle/DoctrineBundle/Tests/DependencyInjection/YamlDoctrineExtensionTest.php
[ERR: 13:54]: No DocBlock was found for Class YamlDoctrineExtensionTest on line 17
[ERR: 13:54]: No DocBlock was found for Method loadFromFile on line 19
[INFO: 13:54]: Starting to parse file: /home/mvriel/Projects/Personal/symfony/src/Symfony/Bundle/DoctrineBundle/Tests/TestCase.php
[ERR: 13:54]: No Page-level DocBlock was found for /home/mvriel/Projects/Personal/symfony/src/Symfony/Bundle/DoctrineBundle/Tests/TestCase.php
[ERR: 13:54]: No DocBlock was found for Class TestCase on line 14
[ERR: 13:54]: No DocBlock was found for Method setUp on line 16
[INFO: 13:54]: Starting to parse file: /home/mvriel/Projects/Personal/symfony/src/Symfony/Bundle/DoctrineBundle/DoctrineBundle.php
[ERR: 13:54]: No Page-level DocBlock was found for /home/mvriel/Projects/Personal/symfony/src/Symfony/Bundle/DoctrineBundle/DoctrineBundle.php
[INFO: 13:54]: Starting to parse file: /home/mvriel/Projects/Personal/symfony/src/Symfony/Bundle/DoctrineBundle/DataCollector/DoctrineDataCollector.php
[ERR: 13:54]: No Page-level DocBlock was found for /home/mvriel/Projects/Personal/symfony/src/Symfony/Bundle/DoctrineBundle/DataCollector/DoctrineDataCollector.php
[ERR: 13:54]: No DocBlock was found for Property $container on line 26
[ERR: 13:54]: No DocBlock was found for Method __construct on line 28
[ERR: 13:54]: No DocBlock was found for Method collect on line 33
[ERR: 13:54]: No DocBlock was found for Method getQueryCount on line 43
[ERR: 13:54]: No DocBlock was found for Method getQueries on line 48
[ERR: 13:54]: No DocBlock was found for Method getSummary on line 53
[ERR: 13:54]: No DocBlock was found for Method getName on line 63
[INFO: 13:54]: Starting to parse file: /home/mvriel/Projects/Personal/symfony/src/Symfony/Bundle/DoctrineMigrationsBundle/Command/MigrationsStatusDoctrineCommand.php
[ERR: 13:54]: No Page-level DocBlock was found for /home/mvriel/Projects/Personal/symfony/src/Symfony/Bundle/DoctrineMigrationsBundle/Command/MigrationsStatusDoctrineCommand.php
[ERR: 13:54]: No DocBlock was found for Method configure on line 29
[ERR: 13:54]: No DocBlock was found for Method execute on line 40
[INFO: 13:54]: Starting to parse file: /home/mvriel/Projects/Personal/symfony/src/Symfony/Bundle/DoctrineMigrationsBundle/Command/MigrationsVersionDoctrineCommand.php
[ERR: 13:54]: No Page-level DocBlock was found for /home/mvriel/Projects/Personal/symfony/src/Symfony/Bundle/DoctrineMigrationsBundle/Command/MigrationsVersionDoctrineCommand.php
[ERR: 13:54]: No DocBlock was found for Method configure on line 29
[ERR: 13:54]: No DocBlock was found for Method execute on line 40
[INFO: 13:54]: Starting to parse file: /home/mvriel/Projects/Personal/symfony/src/Symfony/Bundle/DoctrineMigrationsBundle/Command/MigrationsDiffDoctrineCommand.php
[ERR: 13:54]: No Page-level DocBlock was found for /home/mvriel/Projects/Personal/symfony/src/Symfony/Bundle/DoctrineMigrationsBundle/Command/MigrationsDiffDoctrineCommand.php
[ERR: 13:54]: No DocBlock was found for Method configure on line 30
[ERR: 13:54]: No DocBlock was found for Method execute on line 41
[INFO: 13:54]: Starting to parse file: /home/mvriel/Projects/Personal/symfony/src/Symfony/Bundle/DoctrineMigrationsBundle/Command/MigrationsGenerateDoctrineCommand.php
[ERR: 13:54]: No Page-level DocBlock was found for /home/mvriel/Projects/Personal/symfony/src/Symfony/Bundle/DoctrineMigrationsBundle/Command/MigrationsGenerateDoctrineCommand.php
[ERR: 13:54]: No DocBlock was found for Method configure on line 29
[ERR: 13:54]: No DocBlock was found for Method execute on line 40
[INFO: 13:54]: Starting to parse file: /home/mvriel/Projects/Personal/symfony/src/Symfony/Bundle/DoctrineMigrationsBundle/Command/MigrationsExecuteDoctrineCommand.php
[ERR: 13:54]: No Page-level DocBlock was found for /home/mvriel/Projects/Personal/symfony/src/Symfony/Bundle/DoctrineMigrationsBundle/Command/MigrationsExecuteDoctrineCommand.php
[ERR: 13:54]: No DocBlock was found for Method configure on line 29
[ERR: 13:54]: No DocBlock was found for Method execute on line 40
[INFO: 13:54]: Starting to parse file: /home/mvriel/Projects/Personal/symfony/src/Symfony/Bundle/DoctrineMigrationsBundle/Command/MigrationsMigrateDoctrineCommand.php
[ERR: 13:54]: No Page-level DocBlock was found for /home/mvriel/Projects/Personal/symfony/src/Symfony/Bundle/DoctrineMigrationsBundle/Command/MigrationsMigrateDoctrineCommand.php
[ERR: 13:54]: No DocBlock was found for Method configure on line 29
[ERR: 13:54]: No DocBlock was found for Method execute on line 40
[INFO: 13:54]: Starting to parse file: /home/mvriel/Projects/Personal/symfony/src/Symfony/Bundle/DoctrineMigrationsBundle/Command/DoctrineCommand.php
[ERR: 13:54]: No Page-level DocBlock was found for /home/mvriel/Projects/Personal/symfony/src/Symfony/Bundle/DoctrineMigrationsBundle/Command/DoctrineCommand.php
[ERR: 13:54]: No DocBlock was found for Method configureMigrationsForBundle on line 28
[INFO: 13:54]: Starting to parse file: /home/mvriel/Projects/Personal/symfony/src/Symfony/Bundle/DoctrineMigrationsBundle/DoctrineMigrationsBundle.php
[ERR: 13:54]: No Page-level DocBlock was found for /home/mvriel/Projects/Personal/symfony/src/Symfony/Bundle/DoctrineMigrationsBundle/DoctrineMigrationsBundle.php
[INFO: 13:54]: Starting to parse file: /home/mvriel/Projects/Personal/symfony/src/Symfony/Bundle/DoctrineMongoDBBundle/DependencyInjection/MongoDBExtension.php
[ERR: 13:54]: No Page-level DocBlock was found for /home/mvriel/Projects/Personal/symfony/src/Symfony/Bundle/DoctrineMongoDBBundle/DependencyInjection/MongoDBExtension.php
[ERR: 13:54]: No DocBlock was found for Property $resources on line 21
[ERR: 13:54]: No DocBlock was found for Property $bundleDirs on line 24
[ERR: 13:54]: No DocBlock was found for Property $bundles on line 25
[ERR: 13:54]: No DocBlock was found for Property $kernelCacheDir on line 26
[ERR: 13:54]: No DocBlock was found for Method __construct on line 28
[INFO: 13:54]: Starting to parse file: /home/mvriel/Projects/Personal/symfony/src/Symfony/Bundle/DoctrineMongoDBBundle/DoctrineMongoDBBundle.php
[ERR: 13:54]: No Page-level DocBlock was found for /home/mvriel/Projects/Personal/symfony/src/Symfony/Bundle/DoctrineMongoDBBundle/DoctrineMongoDBBundle.php
[INFO: 13:54]: Starting to parse file: /home/mvriel/Projects/Personal/symfony/src/Symfony/Bundle/DoctrineMongoDBBundle/Tests/DependencyInjection/Fixtures/Bundles/XmlBundle/XmlBundle.php
[ERR: 13:54]: No Page-level DocBlock was found for /home/mvriel/Projects/Personal/symfony/src/Symfony/Bundle/DoctrineMongoDBBundle/Tests/DependencyInjection/Fixtures/Bundles/XmlBundle/XmlBundle.php
[ERR: 13:54]: No DocBlock was found for Class XmlBundle on line 7
[INFO: 13:54]: Starting to parse file: /home/mvriel/Projects/Personal/symfony/src/Symfony/Bundle/DoctrineMongoDBBundle/Tests/DependencyInjection/Fixtures/Bundles/XmlBundle/Document/Test.php
[ERR: 13:54]: No Page-level DocBlock was found for /home/mvriel/Projects/Personal/symfony/src/Symfony/Bundle/DoctrineMongoDBBundle/Tests/DependencyInjection/Fixtures/Bundles/XmlBundle/Document/Test.php
[ERR: 13:54]: No DocBlock was found for Class Test on line 5
[INFO: 13:54]: Starting to parse file: /home/mvriel/Projects/Personal/symfony/src/Symfony/Bundle/DoctrineMongoDBBundle/Tests/DependencyInjection/Fixtures/Bundles/YamlBundle/Document/Test.php
[ERR: 13:54]: No Page-level DocBlock was found for /home/mvriel/Projects/Personal/symfony/src/Symfony/Bundle/DoctrineMongoDBBundle/Tests/DependencyInjection/Fixtures/Bundles/YamlBundle/Document/Test.php
[ERR: 13:54]: No DocBlock was found for Class Test on line 5
[INFO: 13:54]: Starting to parse file: /home/mvriel/Projects/Personal/symfony/src/Symfony/Bundle/DoctrineMongoDBBundle/Tests/DependencyInjection/Fixtures/Bundles/YamlBundle/YamlBundle.php
[ERR: 13:54]: No Page-level DocBlock was found for /home/mvriel/Projects/Personal/symfony/src/Symfony/Bundle/DoctrineMongoDBBundle/Tests/DependencyInjection/Fixtures/Bundles/YamlBundle/YamlBundle.php
[ERR: 13:54]: No DocBlock was found for Class YamlBundle on line 7
[INFO: 13:54]: Starting to parse file: /home/mvriel/Projects/Personal/symfony/src/Symfony/Bundle/DoctrineMongoDBBundle/Tests/DependencyInjection/Fixtures/Bundles/AnnotationsBundle/AnnotationsBundle.php
[ERR: 13:54]: No Page-level DocBlock was found for /home/mvriel/Projects/Personal/symfony/src/Symfony/Bundle/DoctrineMongoDBBundle/Tests/DependencyInjection/Fixtures/Bundles/AnnotationsBundle/AnnotationsBundle.php
[ERR: 13:54]: No DocBlock was found for Class AnnotationsBundle on line 7
[INFO: 13:54]: Starting to parse file: /home/mvriel/Projects/Personal/symfony/src/Symfony/Bundle/DoctrineMongoDBBundle/Tests/DependencyInjection/Fixtures/Bundles/AnnotationsBundle/Document/Test.php
[ERR: 13:54]: No Page-level DocBlock was found for /home/mvriel/Projects/Personal/symfony/src/Symfony/Bundle/DoctrineMongoDBBundle/Tests/DependencyInjection/Fixtures/Bundles/AnnotationsBundle/Document/Test.php
[ERR: 13:54]: No DocBlock was found for Class Test on line 5
[INFO: 13:54]: Starting to parse file: /home/mvriel/Projects/Personal/symfony/src/Symfony/Bundle/DoctrineMongoDBBundle/Tests/DependencyInjection/YamlMongoDBExtensionTest.php
[ERR: 13:54]: No Page-level DocBlock was found for /home/mvriel/Projects/Personal/symfony/src/Symfony/Bundle/DoctrineMongoDBBundle/Tests/DependencyInjection/YamlMongoDBExtensionTest.php
[ERR: 13:54]: No DocBlock was found for Class YamlMongoDBExtensionTest on line 17
[ERR: 13:54]: No DocBlock was found for Method loadFromFile on line 19
[INFO: 13:54]: Starting to parse file: /home/mvriel/Projects/Personal/symfony/src/Symfony/Bundle/DoctrineMongoDBBundle/Tests/DependencyInjection/XmlMongoDBExtensionTest.php
[ERR: 13:54]: No Page-level DocBlock was found for /home/mvriel/Projects/Personal/symfony/src/Symfony/Bundle/DoctrineMongoDBBundle/Tests/DependencyInjection/XmlMongoDBExtensionTest.php
[ERR: 13:54]: No DocBlock was found for Class XmlMongoDBExtensionTest on line 17
[ERR: 13:54]: No DocBlock was found for Method loadFromFile on line 19
[INFO: 13:54]: Starting to parse file: /home/mvriel/Projects/Personal/symfony/src/Symfony/Bundle/DoctrineMongoDBBundle/Tests/DependencyInjection/AbstractMongoDBExtensionTest.php
[ERR: 13:54]: No Page-level DocBlock was found for /home/mvriel/Projects/Personal/symfony/src/Symfony/Bundle/DoctrineMongoDBBundle/Tests/DependencyInjection/AbstractMongoDBExtensionTest.php
[ERR: 13:54]: No DocBlock was found for Class AbstractMongoDBExtensionTest on line 20
[ERR: 13:54]: No DocBlock was found for Method loadFromFile on line 22
[ERR: 13:54]: No DocBlock was found for Property $container on line 22
[ERR: 13:54]: No DocBlock was found for Property $file on line 22
[ERR: 13:54]: No DocBlock was found for Method testDependencyInjectionConfigurationDefaults on line 24
[ERR: 13:54]: No DocBlock was found for Method testSingleDocumentManagerConfiguration on line 74
[ERR: 13:54]: No DocBlock was found for Method testLoadSimpleSingleConnection on line 100
[ERR: 13:54]: No DocBlock was found for Method testLoadSingleConnection on line 125
[ERR: 13:54]: No DocBlock was found for Method testLoadMultipleConnections on line 150
[ERR: 13:54]: No DocBlock was found for Method testBundleDocumentAliases on line 191
[ERR: 13:54]: No DocBlock was found for Method testYamlBundleMappingDetection on line 204
[ERR: 13:54]: No DocBlock was found for Method testXmlBundleMappingDetection on line 221
[ERR: 13:54]: No DocBlock was found for Method testAnnotationsBundleMappingDetection on line 238
[ERR: 13:54]: No DocBlock was found for Method testDocumentManagerMetadataCacheDriverConfiguration on line 255
[ERR: 13:54]: No DocBlock was found for Method testDocumentManagerMemcacheMetadataCacheDriverConfiguration on line 272
[ERR: 13:54]: No DocBlock was found for Method getMongoDbExtensionLoader on line 298
[INFO: 13:54]: Starting to parse file: /home/mvriel/Projects/Personal/symfony/src/Symfony/Bundle/DoctrineMongoDBBundle/Tests/TestCase.php
[ERR: 13:54]: No Page-level DocBlock was found for /home/mvriel/Projects/Personal/symfony/src/Symfony/Bundle/DoctrineMongoDBBundle/Tests/TestCase.php
[ERR: 13:54]: No DocBlock was found for Class TestCase on line 14
[ERR: 13:54]: No DocBlock was found for Method setUp on line 16
[INFO: 13:54]: Starting to parse file: /home/mvriel/Projects/Personal/symfony/src/Symfony/Bundle/PropelBundle/Logger/PropelLogger.php
[ERR: 13:54]: No Page-level DocBlock was found for /home/mvriel/Projects/Personal/symfony/src/Symfony/Bundle/PropelBundle/Logger/PropelLogger.php
[ERR: 13:54]: No DocBlock was found for Property $logger on line 25
[INFO: 13:54]: Starting to parse file: /home/mvriel/Projects/Personal/symfony/src/Symfony/Bundle/PropelBundle/Command/Phing.php
[ERR: 13:54]: No Page-level DocBlock was found for /home/mvriel/Projects/Personal/symfony/src/Symfony/Bundle/PropelBundle/Command/Phing.php
[ERR: 13:54]: No DocBlock was found for Method getPhingVersion on line 15
[INFO: 13:54]: Starting to parse file: /home/mvriel/Projects/Personal/symfony/src/Symfony/Bundle/PropelBundle/Command/BuildSqlCommand.php
[ERR: 13:54]: No Page-level DocBlock was found for /home/mvriel/Projects/Personal/symfony/src/Symfony/Bundle/PropelBundle/Command/BuildSqlCommand.php
[INFO: 13:54]: Starting to parse file: /home/mvriel/Projects/Personal/symfony/src/Symfony/Bundle/PropelBundle/Command/PhingCommand.php
[ERR: 13:54]: No Page-level DocBlock was found for /home/mvriel/Projects/Personal/symfony/src/Symfony/Bundle/PropelBundle/Command/PhingCommand.php
[ERR: 13:54]: No DocBlock was found for Property $additionalPhingArgs on line 32
[ERR: 13:54]: No DocBlock was found for Property $tempSchemas on line 33
[ERR: 13:54]: No DocBlock was found for Method callPhing on line 35
[ERR: 13:54]: No DocBlock was found for Method getPhingPropertiesForConnection on line 172
[ERR: 13:54]: No DocBlock was found for Method getProperties on line 186
[INFO: 13:54]: Starting to parse file: /home/mvriel/Projects/Personal/symfony/src/Symfony/Bundle/PropelBundle/Command/BuildCommand.php
[ERR: 13:54]: No Page-level DocBlock was found for /home/mvriel/Projects/Personal/symfony/src/Symfony/Bundle/PropelBundle/Command/BuildCommand.php
[ERR: 13:54]: No DocBlock was found for Property $additionalPhingArgs on line 32
[INFO: 13:54]: Starting to parse file: /home/mvriel/Projects/Personal/symfony/src/Symfony/Bundle/PropelBundle/Command/BuildModelCommand.php
[ERR: 13:54]: No Page-level DocBlock was found for /home/mvriel/Projects/Personal/symfony/src/Symfony/Bundle/PropelBundle/Command/BuildModelCommand.php
[INFO: 13:54]: Starting to parse file: /home/mvriel/Projects/Personal/symfony/src/Symfony/Bundle/PropelBundle/DependencyInjection/PropelExtension.php
[ERR: 13:54]: No Page-level DocBlock was found for /home/mvriel/Projects/Personal/symfony/src/Symfony/Bundle/PropelBundle/DependencyInjection/PropelExtension.php
[ERR: 13:54]: No DocBlock was found for Class PropelExtension on line 11
[ERR: 13:54]: No DocBlock was found for Property $resources on line 13
[INFO: 13:54]: Starting to parse file: /home/mvriel/Projects/Personal/symfony/src/Symfony/Bundle/PropelBundle/Tests/DependencyInjection/PropelExtensionTest.php
[ERR: 13:54]: No Page-level DocBlock was found for /home/mvriel/Projects/Personal/symfony/src/Symfony/Bundle/PropelBundle/Tests/DependencyInjection/PropelExtensionTest.php
[ERR: 13:54]: No DocBlock was found for Class PropelExtensionTest on line 18
[ERR: 13:54]: No DocBlock was found for Method testConfigLoad on line 20
[ERR: 13:54]: No DocBlock was found for Method testDbalLoad on line 39
[INFO: 13:54]: Starting to parse file: /home/mvriel/Projects/Personal/symfony/src/Symfony/Bundle/PropelBundle/Tests/TestCase.php
[ERR: 13:54]: No Page-level DocBlock was found for /home/mvriel/Projects/Personal/symfony/src/Symfony/Bundle/PropelBundle/Tests/TestCase.php
[ERR: 13:54]: No DocBlock was found for Class TestCase on line 14
[ERR: 13:54]: No DocBlock was found for Method setUp on line 16
[INFO: 13:54]: Starting to parse file: /home/mvriel/Projects/Personal/symfony/src/Symfony/Bundle/PropelBundle/PropelBundle.php
[ERR: 13:54]: No Page-level DocBlock was found for /home/mvriel/Projects/Personal/symfony/src/Symfony/Bundle/PropelBundle/PropelBundle.php
[ERR: 13:54]: No DocBlock was found for Class PropelBundle on line 12
[ERR: 13:54]: No DocBlock was found for Method boot on line 26
[INFO: 13:54]: Starting to parse file: /home/mvriel/Projects/Personal/symfony/src/Symfony/Bundle/FrameworkBundle/Debug/ExceptionFormatter.php
[ERR: 13:54]: No Page-level DocBlock was found for /home/mvriel/Projects/Personal/symfony/src/Symfony/Bundle/FrameworkBundle/Debug/ExceptionFormatter.php
[INFO: 13:54]: Starting to parse file: /home/mvriel/Projects/Personal/symfony/src/Symfony/Bundle/FrameworkBundle/Test/WebTestCase.php
[ERR: 13:54]: No Page-level DocBlock was found for /home/mvriel/Projects/Personal/symfony/src/Symfony/Bundle/FrameworkBundle/Test/WebTestCase.php
[INFO: 13:54]: Starting to parse file: /home/mvriel/Projects/Personal/symfony/src/Symfony/Bundle/FrameworkBundle/Console/BootstrapApplication.php
[ERR: 13:54]: No Page-level DocBlock was found for /home/mvriel/Projects/Personal/symfony/src/Symfony/Bundle/FrameworkBundle/Console/BootstrapApplication.php
[INFO: 13:54]: Starting to parse file: /home/mvriel/Projects/Personal/symfony/src/Symfony/Bundle/FrameworkBundle/Console/Application.php
[ERR: 13:54]: No Page-level DocBlock was found for /home/mvriel/Projects/Personal/symfony/src/Symfony/Bundle/FrameworkBundle/Console/Application.php
[ERR: 13:54]: No DocBlock was found for Property $kernel on line 29
[ERR: 13:54]: No DocBlock was found for Method registerCommands on line 79
[INFO: 13:54]: Starting to parse file: /home/mvriel/Projects/Personal/symfony/src/Symfony/Bundle/FrameworkBundle/Console/Shell.php
[ERR: 13:54]: No Page-level DocBlock was found for /home/mvriel/Projects/Personal/symfony/src/Symfony/Bundle/FrameworkBundle/Console/Shell.php
[INFO: 13:54]: Starting to parse file: /home/mvriel/Projects/Personal/symfony/src/Symfony/Bundle/FrameworkBundle/Resources/skeleton/application/php/config/routing.php
[ERR: 13:54]: No Page-level DocBlock was found for /home/mvriel/Projects/Personal/symfony/src/Symfony/Bundle/FrameworkBundle/Resources/skeleton/application/php/config/routing.php
[INFO: 13:54]: Starting to parse file: /home/mvriel/Projects/Personal/symfony/src/Symfony/Bundle/FrameworkBundle/Resources/skeleton/application/php/config/config_dev.php
[ERR: 13:54]: No Page-level DocBlock was found for /home/mvriel/Projects/Personal/symfony/src/Symfony/Bundle/FrameworkBundle/Resources/skeleton/application/php/config/config_dev.php
[INFO: 13:54]: Starting to parse file: /home/mvriel/Projects/Personal/symfony/src/Symfony/Bundle/FrameworkBundle/Resources/skeleton/application/php/config/config.php
[ERR: 13:54]: No Page-level DocBlock was found for /home/mvriel/Projects/Personal/symfony/src/Symfony/Bundle/FrameworkBundle/Resources/skeleton/application/php/config/config.php
[INFO: 13:54]: Starting to parse file: /home/mvriel/Projects/Personal/symfony/src/Symfony/Bundle/FrameworkBundle/Resources/skeleton/application/php/config/config_prod.php
[ERR: 13:54]: No Page-level DocBlock was found for /home/mvriel/Projects/Personal/symfony/src/Symfony/Bundle/FrameworkBundle/Resources/skeleton/application/php/config/config_prod.php
[INFO: 13:54]: Starting to parse file: /home/mvriel/Projects/Personal/symfony/src/Symfony/Bundle/FrameworkBundle/Resources/skeleton/application/php/config/config_test.php
[ERR: 13:54]: No Page-level DocBlock was found for /home/mvriel/Projects/Personal/symfony/src/Symfony/Bundle/FrameworkBundle/Resources/skeleton/application/php/config/config_test.php
[INFO: 13:54]: Starting to parse file: /home/mvriel/Projects/Personal/symfony/src/Symfony/Bundle/FrameworkBundle/Resources/skeleton/application/generic/Cache.php
[ALERT: 13:54]: >>  Unable to parse file, an error was detected: The given file could not be interpreted as it contains errors: Errors parsing /home/mvriel/Projects/Personal/symfony/src/Symfony/Bundle/FrameworkBundle/Resources/skeleton/application/generic/Cache.php
[INFO: 13:54]: Starting to parse file: /home/mvriel/Projects/Personal/symfony/src/Symfony/Bundle/FrameworkBundle/Resources/skeleton/application/generic/Kernel.php
[ALERT: 13:54]: >>  Unable to parse file, an error was detected: The given file could not be interpreted as it contains errors: Errors parsing /home/mvriel/Projects/Personal/symfony/src/Symfony/Bundle/FrameworkBundle/Resources/skeleton/application/generic/Kernel.php
[INFO: 13:54]: Starting to parse file: /home/mvriel/Projects/Personal/symfony/src/Symfony/Bundle/FrameworkBundle/Resources/skeleton/bundle/Bundle.php
[ALERT: 13:54]: >>  Unable to parse file, an error was detected: The given file could not be interpreted as it contains errors: Errors parsing /home/mvriel/Projects/Personal/symfony/src/Symfony/Bundle/FrameworkBundle/Resources/skeleton/bundle/Bundle.php
[INFO: 13:54]: Starting to parse file: /home/mvriel/Projects/Personal/symfony/src/Symfony/Bundle/FrameworkBundle/Resources/skeleton/bundle/Resources/views/Default/index.php
[ERR: 13:54]: No Page-level DocBlock was found for /home/mvriel/Projects/Personal/symfony/src/Symfony/Bundle/FrameworkBundle/Resources/skeleton/bundle/Resources/views/Default/index.php
[INFO: 13:54]: Starting to parse file: /home/mvriel/Projects/Personal/symfony/src/Symfony/Bundle/FrameworkBundle/Resources/skeleton/bundle/Controller/DefaultController.php
[ALERT: 13:54]: >>  Unable to parse file, an error was detected: The given file could not be interpreted as it contains errors: Errors parsing /home/mvriel/Projects/Personal/symfony/src/Symfony/Bundle/FrameworkBundle/Resources/skeleton/bundle/Controller/DefaultController.php
[INFO: 13:54]: Starting to parse file: /home/mvriel/Projects/Personal/symfony/src/Symfony/Bundle/FrameworkBundle/Resources/skeleton/web/front_controller_debug.php
[ALERT: 13:54]: >>  Unable to parse file, an error was detected: The given file could not be interpreted as it contains errors: Errors parsing /home/mvriel/Projects/Personal/symfony/src/Symfony/Bundle/FrameworkBundle/Resources/skeleton/web/front_controller_debug.php
[INFO: 13:54]: Starting to parse file: /home/mvriel/Projects/Personal/symfony/src/Symfony/Bundle/FrameworkBundle/Resources/skeleton/web/front_controller.php
[ALERT: 13:54]: >>  Unable to parse file, an error was detected: The given file could not be interpreted as it contains errors: Errors parsing /home/mvriel/Projects/Personal/symfony/src/Symfony/Bundle/FrameworkBundle/Resources/skeleton/web/front_controller.php
[INFO: 13:54]: Starting to parse file: /home/mvriel/Projects/Personal/symfony/src/Symfony/Bundle/FrameworkBundle/Resources/views/Exception/error.txt.php
[ERR: 13:54]: No Page-level DocBlock was found for /home/mvriel/Projects/Personal/symfony/src/Symfony/Bundle/FrameworkBundle/Resources/views/Exception/error.txt.php
[INFO: 13:54]: Starting to parse file: /home/mvriel/Projects/Personal/symfony/src/Symfony/Bundle/FrameworkBundle/Resources/views/Exception/exception.json.php
[ERR: 13:54]: No Page-level DocBlock was found for /home/mvriel/Projects/Personal/symfony/src/Symfony/Bundle/FrameworkBundle/Resources/views/Exception/exception.json.php
[INFO: 13:54]: Starting to parse file: /home/mvriel/Projects/Personal/symfony/src/Symfony/Bundle/FrameworkBundle/Resources/views/Exception/error.json.php
[ERR: 13:54]: No Page-level DocBlock was found for /home/mvriel/Projects/Personal/symfony/src/Symfony/Bundle/FrameworkBundle/Resources/views/Exception/error.json.php
[INFO: 13:54]: Starting to parse file: /home/mvriel/Projects/Personal/symfony/src/Symfony/Bundle/FrameworkBundle/Resources/views/Exception/exception.html.php
[ERR: 13:54]: No Page-level DocBlock was found for /home/mvriel/Projects/Personal/symfony/src/Symfony/Bundle/FrameworkBundle/Resources/views/Exception/exception.html.php
[INFO: 13:54]: Starting to parse file: /home/mvriel/Projects/Personal/symfony/src/Symfony/Bundle/FrameworkBundle/Resources/views/Exception/exception.xml.php
[ERR: 13:54]: No Page-level DocBlock was found for /home/mvriel/Projects/Personal/symfony/src/Symfony/Bundle/FrameworkBundle/Resources/views/Exception/exception.xml.php
[INFO: 13:54]: Starting to parse file: /home/mvriel/Projects/Personal/symfony/src/Symfony/Bundle/FrameworkBundle/Resources/views/Exception/error.xml.php
[ERR: 13:54]: No Page-level DocBlock was found for /home/mvriel/Projects/Personal/symfony/src/Symfony/Bundle/FrameworkBundle/Resources/views/Exception/error.xml.php
[INFO: 13:54]: Starting to parse file: /home/mvriel/Projects/Personal/symfony/src/Symfony/Bundle/FrameworkBundle/Resources/views/Exception/exception.txt.php
[ERR: 13:54]: No Page-level DocBlock was found for /home/mvriel/Projects/Personal/symfony/src/Symfony/Bundle/FrameworkBundle/Resources/views/Exception/exception.txt.php
[INFO: 13:54]: Starting to parse file: /home/mvriel/Projects/Personal/symfony/src/Symfony/Bundle/FrameworkBundle/Resources/views/Exception/exception.css.php
[ERR: 13:54]: No Page-level DocBlock was found for /home/mvriel/Projects/Personal/symfony/src/Symfony/Bundle/FrameworkBundle/Resources/views/Exception/exception.css.php
[INFO: 13:54]: Starting to parse file: /home/mvriel/Projects/Personal/symfony/src/Symfony/Bundle/FrameworkBundle/Resources/views/Exception/error.html.php
[ERR: 13:54]: No Page-level DocBlock was found for /home/mvriel/Projects/Personal/symfony/src/Symfony/Bundle/FrameworkBundle/Resources/views/Exception/error.html.php
[INFO: 13:54]: Starting to parse file: /home/mvriel/Projects/Personal/symfony/src/Symfony/Bundle/FrameworkBundle/Resources/views/Exception/error.atom.php
[ERR: 13:54]: No Page-level DocBlock was found for /home/mvriel/Projects/Personal/symfony/src/Symfony/Bundle/FrameworkBundle/Resources/views/Exception/error.atom.php
[INFO: 13:54]: Starting to parse file: /home/mvriel/Projects/Personal/symfony/src/Symfony/Bundle/FrameworkBundle/Resources/views/Exception/error.rdf.php
[ERR: 13:54]: No Page-level DocBlock was found for /home/mvriel/Projects/Personal/symfony/src/Symfony/Bundle/FrameworkBundle/Resources/views/Exception/error.rdf.php
[INFO: 13:54]: Starting to parse file: /home/mvriel/Projects/Personal/symfony/src/Symfony/Bundle/FrameworkBundle/Resources/views/Exception/error.js.php
[ERR: 13:54]: No Page-level DocBlock was found for /home/mvriel/Projects/Personal/symfony/src/Symfony/Bundle/FrameworkBundle/Resources/views/Exception/error.js.php
[INFO: 13:54]: Starting to parse file: /home/mvriel/Projects/Personal/symfony/src/Symfony/Bundle/FrameworkBundle/Resources/views/Exception/exception.rdf.php
[ERR: 13:54]: No Page-level DocBlock was found for /home/mvriel/Projects/Personal/symfony/src/Symfony/Bundle/FrameworkBundle/Resources/views/Exception/exception.rdf.php
[INFO: 13:54]: Starting to parse file: /home/mvriel/Projects/Personal/symfony/src/Symfony/Bundle/FrameworkBundle/Resources/views/Exception/error.css.php
[ERR: 13:54]: No Page-level DocBlock was found for /home/mvriel/Projects/Personal/symfony/src/Symfony/Bundle/FrameworkBundle/Resources/views/Exception/error.css.php
[INFO: 13:54]: Starting to parse file: /home/mvriel/Projects/Personal/symfony/src/Symfony/Bundle/FrameworkBundle/Resources/views/Exception/exception.atom.php
[ERR: 13:54]: No Page-level DocBlock was found for /home/mvriel/Projects/Personal/symfony/src/Symfony/Bundle/FrameworkBundle/Resources/views/Exception/exception.atom.php
[INFO: 13:54]: Starting to parse file: /home/mvriel/Projects/Personal/symfony/src/Symfony/Bundle/FrameworkBundle/Resources/views/Exception/exception.js.php
[ERR: 13:54]: No Page-level DocBlock was found for /home/mvriel/Projects/Personal/symfony/src/Symfony/Bundle/FrameworkBundle/Resources/views/Exception/exception.js.php
[INFO: 13:54]: Starting to parse file: /home/mvriel/Projects/Personal/symfony/src/Symfony/Bundle/FrameworkBundle/Resources/views/Default/index.php
[ERR: 13:54]: No Page-level DocBlock was found for /home/mvriel/Projects/Personal/symfony/src/Symfony/Bundle/FrameworkBundle/Resources/views/Default/index.php
[INFO: 13:54]: Starting to parse file: /home/mvriel/Projects/Personal/symfony/src/Symfony/Bundle/FrameworkBundle/Command/RouterDebugCommand.php
[ERR: 13:54]: No Page-level DocBlock was found for /home/mvriel/Projects/Personal/symfony/src/Symfony/Bundle/FrameworkBundle/Command/RouterDebugCommand.php
[ERR: 13:54]: No DocBlock was found for Method outputRoutes on line 69
[ERR: 13:54]: No DocBlock was found for Method displayToken on line 152
[ERR: 13:54]: No DocBlock was found for Method formatValue on line 160
[INFO: 13:54]: Starting to parse file: /home/mvriel/Projects/Personal/symfony/src/Symfony/Bundle/FrameworkBundle/Command/RouterApacheDumperCommand.php
[ERR: 13:54]: No Page-level DocBlock was found for /home/mvriel/Projects/Personal/symfony/src/Symfony/Bundle/FrameworkBundle/Command/RouterApacheDumperCommand.php
[INFO: 13:54]: Starting to parse file: /home/mvriel/Projects/Personal/symfony/src/Symfony/Bundle/FrameworkBundle/Command/InitBundleCommand.php
[ERR: 13:54]: No Page-level DocBlock was found for /home/mvriel/Projects/Personal/symfony/src/Symfony/Bundle/FrameworkBundle/Command/InitBundleCommand.php
[INFO: 13:54]: Starting to parse file: /home/mvriel/Projects/Personal/symfony/src/Symfony/Bundle/FrameworkBundle/Command/Command.php
[ERR: 13:54]: No Page-level DocBlock was found for /home/mvriel/Projects/Personal/symfony/src/Symfony/Bundle/FrameworkBundle/Command/Command.php
[ERR: 13:54]: No DocBlock was found for Property $container on line 30
[ERR: 13:54]: No DocBlock was found for Method initialize on line 32
[INFO: 13:54]: Starting to parse file: /home/mvriel/Projects/Personal/symfony/src/Symfony/Bundle/FrameworkBundle/Command/AssetsInstallCommand.php
[ERR: 13:54]: No Page-level DocBlock was found for /home/mvriel/Projects/Personal/symfony/src/Symfony/Bundle/FrameworkBundle/Command/AssetsInstallCommand.php
[INFO: 13:54]: Starting to parse file: /home/mvriel/Projects/Personal/symfony/src/Symfony/Bundle/FrameworkBundle/Command/InitApplicationCommand.php
[ERR: 13:54]: No Page-level DocBlock was found for /home/mvriel/Projects/Personal/symfony/src/Symfony/Bundle/FrameworkBundle/Command/InitApplicationCommand.php
[INFO: 13:54]: Starting to parse file: /home/mvriel/Projects/Personal/symfony/src/Symfony/Bundle/FrameworkBundle/DependencyInjection/WebExtension.php
[ERR: 13:54]: No Page-level DocBlock was found for /home/mvriel/Projects/Personal/symfony/src/Symfony/Bundle/FrameworkBundle/DependencyInjection/WebExtension.php
[ERR: 13:54]: No DocBlock was found for Property $resources on line 30
[ERR: 13:54]: No DocBlock was found for Property $bundleDirs on line 39
[ERR: 13:54]: No DocBlock was found for Property $bundles on line 40
[ERR: 13:54]: No DocBlock was found for Method __construct on line 42
[ERR: 13:54]: No DocBlock was found for Method getNamespace on line 241
[ERR: 13:54]: No DocBlock was found for Method getAlias on line 246
[INFO: 13:54]: Starting to parse file: /home/mvriel/Projects/Personal/symfony/src/Symfony/Bundle/FrameworkBundle/FrameworkBundle.php
[ERR: 13:54]: No Page-level DocBlock was found for /home/mvriel/Projects/Personal/symfony/src/Symfony/Bundle/FrameworkBundle/FrameworkBundle.php
[INFO: 13:54]: Starting to parse file: /home/mvriel/Projects/Personal/symfony/src/Symfony/Bundle/FrameworkBundle/Tests/Command/InitApplicationCommandTest.php
[ERR: 13:54]: No Page-level DocBlock was found for /home/mvriel/Projects/Personal/symfony/src/Symfony/Bundle/FrameworkBundle/Tests/Command/InitApplicationCommandTest.php
[ERR: 13:54]: No DocBlock was found for Class InitApplicationCommandTest on line 22
[ERR: 13:54]: No DocBlock was found for Method getFormat on line 66
[ERR: 13:54]: No DocBlock was found for Method prepareTemplate on line 75
[INFO: 13:54]: Starting to parse file: /home/mvriel/Projects/Personal/symfony/src/Symfony/Bundle/FrameworkBundle/Tests/DependencyInjection/WebExtensionTest.php
[ERR: 13:54]: No Page-level DocBlock was found for /home/mvriel/Projects/Personal/symfony/src/Symfony/Bundle/FrameworkBundle/Tests/DependencyInjection/WebExtensionTest.php
[ERR: 13:54]: No DocBlock was found for Class WebExtensionTest on line 18
[ERR: 13:54]: No DocBlock was found for Method testConfigLoad on line 20
[ERR: 13:54]: No DocBlock was found for Method testTemplatingLoad on line 39
[ERR: 13:54]: No DocBlock was found for Method testValidationLoad on line 48
[ERR: 13:54]: No DocBlock was found for Method getWebExtension on line 61
[INFO: 13:54]: Starting to parse file: /home/mvriel/Projects/Personal/symfony/src/Symfony/Bundle/FrameworkBundle/Tests/Util/MustacheTest.php
[ERR: 13:54]: No Page-level DocBlock was found for /home/mvriel/Projects/Personal/symfony/src/Symfony/Bundle/FrameworkBundle/Tests/Util/MustacheTest.php
[ERR: 13:54]: No DocBlock was found for Class MustacheTest on line 18
[ERR: 13:54]: No DocBlock was found for Property $dir on line 20
[ERR: 13:54]: No DocBlock was found for Method setUp on line 22
[ERR: 13:54]: No DocBlock was found for Method tearDown on line 31
[ERR: 13:54]: No DocBlock was found for Method testRenderString on line 37
[ERR: 13:54]: No DocBlock was found for Method testRenderFile on line 45
[ERR: 13:54]: No DocBlock was found for Method testRenderDir on line 52
[INFO: 13:54]: Starting to parse file: /home/mvriel/Projects/Personal/symfony/src/Symfony/Bundle/FrameworkBundle/Tests/TestCase.php
[ERR: 13:54]: No Page-level DocBlock was found for /home/mvriel/Projects/Personal/symfony/src/Symfony/Bundle/FrameworkBundle/Tests/TestCase.php
[ERR: 13:54]: No DocBlock was found for Class TestCase on line 14
[INFO: 13:54]: Starting to parse file: /home/mvriel/Projects/Personal/symfony/src/Symfony/Bundle/FrameworkBundle/Controller/ControllerResolver.php
[ERR: 13:54]: No Page-level DocBlock was found for /home/mvriel/Projects/Personal/symfony/src/Symfony/Bundle/FrameworkBundle/Controller/ControllerResolver.php
[ERR: 13:54]: No DocBlock was found for Property $container on line 30
[ERR: 13:54]: No DocBlock was found for Property $logger on line 31
[ERR: 13:54]: No DocBlock was found for Property $esiSupport on line 32
[ERR: 13:54]: No DocBlock was found for Method __construct on line 34
[INFO: 13:54]: Starting to parse file: /home/mvriel/Projects/Personal/symfony/src/Symfony/Bundle/FrameworkBundle/Controller/TemplateController.php
[ERR: 13:54]: No Page-level DocBlock was found for /home/mvriel/Projects/Personal/symfony/src/Symfony/Bundle/FrameworkBundle/Controller/TemplateController.php
[ERR: 13:54]: No DocBlock was found for Method templateAction on line 25
[INFO: 13:54]: Starting to parse file: /home/mvriel/Projects/Personal/symfony/src/Symfony/Bundle/FrameworkBundle/Controller/RedirectController.php
[ERR: 13:54]: No Page-level DocBlock was found for /home/mvriel/Projects/Personal/symfony/src/Symfony/Bundle/FrameworkBundle/Controller/RedirectController.php
[ERR: 13:54]: No DocBlock was found for Method redirectAction on line 34
[INFO: 13:54]: Starting to parse file: /home/mvriel/Projects/Personal/symfony/src/Symfony/Bundle/FrameworkBundle/Controller/InternalController.php
[ERR: 13:54]: No Page-level DocBlock was found for /home/mvriel/Projects/Personal/symfony/src/Symfony/Bundle/FrameworkBundle/Controller/InternalController.php
[ERR: 13:54]: No DocBlock was found for Method indexAction on line 25
[INFO: 13:54]: Starting to parse file: /home/mvriel/Projects/Personal/symfony/src/Symfony/Bundle/FrameworkBundle/Controller/ExceptionController.php
[ERR: 13:54]: No Page-level DocBlock was found for /home/mvriel/Projects/Personal/symfony/src/Symfony/Bundle/FrameworkBundle/Controller/ExceptionController.php
[INFO: 13:54]: Starting to parse file: /home/mvriel/Projects/Personal/symfony/src/Symfony/Bundle/FrameworkBundle/Controller/DefaultController.php
[ERR: 13:54]: No Page-level DocBlock was found for /home/mvriel/Projects/Personal/symfony/src/Symfony/Bundle/FrameworkBundle/Controller/DefaultController.php
[ERR: 13:54]: No DocBlock was found for Method indexAction on line 25
[INFO: 13:54]: Starting to parse file: /home/mvriel/Projects/Personal/symfony/src/Symfony/Bundle/FrameworkBundle/Controller/ExceptionListener.php
[ERR: 13:54]: No Page-level DocBlock was found for /home/mvriel/Projects/Personal/symfony/src/Symfony/Bundle/FrameworkBundle/Controller/ExceptionListener.php
[ERR: 13:54]: No DocBlock was found for Property $controller on line 30
[ERR: 13:54]: No DocBlock was found for Property $logger on line 31
[ERR: 13:54]: No DocBlock was found for Method __construct on line 33
[ERR: 13:54]: No DocBlock was found for Method handle on line 51
[INFO: 13:54]: Starting to parse file: /home/mvriel/Projects/Personal/symfony/src/Symfony/Bundle/FrameworkBundle/Routing/LoaderResolver.php
[ERR: 13:54]: No Page-level DocBlock was found for /home/mvriel/Projects/Personal/symfony/src/Symfony/Bundle/FrameworkBundle/Routing/LoaderResolver.php
[ERR: 13:54]: No DocBlock was found for Property $services on line 29
[ERR: 13:54]: No DocBlock was found for Property $container on line 30
[INFO: 13:54]: Starting to parse file: /home/mvriel/Projects/Personal/symfony/src/Symfony/Bundle/FrameworkBundle/Util/Filesystem.php
[ERR: 13:54]: No Page-level DocBlock was found for /home/mvriel/Projects/Personal/symfony/src/Symfony/Bundle/FrameworkBundle/Util/Filesystem.php
[INFO: 13:54]: Starting to parse file: /home/mvriel/Projects/Personal/symfony/src/Symfony/Bundle/FrameworkBundle/Util/Mustache.php
[ERR: 13:54]: No Page-level DocBlock was found for /home/mvriel/Projects/Personal/symfony/src/Symfony/Bundle/FrameworkBundle/Util/Mustache.php
[ERR: 13:54]: No DocBlock was found for Method renderString on line 23
[ERR: 13:54]: No DocBlock was found for Method renderFile on line 33
[ERR: 13:54]: No DocBlock was found for Method renderDir on line 38
[INFO: 13:54]: Starting to parse file: /home/mvriel/Projects/Personal/symfony/src/Symfony/Bundle/FrameworkBundle/Profiler.php
[ERR: 13:54]: No Page-level DocBlock was found for /home/mvriel/Projects/Personal/symfony/src/Symfony/Bundle/FrameworkBundle/Profiler.php
[ERR: 13:54]: No DocBlock was found for Property $container on line 28
[ERR: 13:54]: No DocBlock was found for Method __construct on line 30
[ERR: 13:54]: No DocBlock was found for Method initCollectors on line 39
[INFO: 13:54]: Starting to parse file: /home/mvriel/Projects/Personal/symfony/src/Symfony/Bundle/FrameworkBundle/RequestListener.php
[ERR: 13:54]: No Page-level DocBlock was found for /home/mvriel/Projects/Personal/symfony/src/Symfony/Bundle/FrameworkBundle/RequestListener.php
[ERR: 13:54]: No DocBlock was found for Property $router on line 31
[ERR: 13:54]: No DocBlock was found for Property $logger on line 32
[ERR: 13:54]: No DocBlock was found for Method __construct on line 34
[ERR: 13:54]: No DocBlock was found for Method resolve on line 51
[INFO: 13:54]: Starting to parse file: /home/mvriel/Projects/Personal/symfony/src/Symfony/Bundle/FrameworkBundle/Templating/Debugger.php
[ERR: 13:54]: No Page-level DocBlock was found for /home/mvriel/Projects/Personal/symfony/src/Symfony/Bundle/FrameworkBundle/Templating/Debugger.php
[ERR: 13:54]: No DocBlock was found for Property $logger on line 26
[INFO: 13:54]: Starting to parse file: /home/mvriel/Projects/Personal/symfony/src/Symfony/Bundle/FrameworkBundle/Templating/Engine.php
[ERR: 13:54]: No Page-level DocBlock was found for /home/mvriel/Projects/Personal/symfony/src/Symfony/Bundle/FrameworkBundle/Templating/Engine.php
[ERR: 13:54]: No DocBlock was found for Property $container on line 29
[ERR: 13:54]: No DocBlock was found for Property $escaper on line 30
[ERR: 13:54]: No DocBlock was found for Property $level on line 31
[ERR: 13:54]: No DocBlock was found for Method render on line 63
[ERR: 13:54]: No DocBlock was found for Method has on line 83
[ERR: 13:54]: No DocBlock was found for Method escapeParameters on line 105
[ERR: 13:54]: No DocBlock was found for Method splitTemplateName on line 122
[INFO: 13:54]: Starting to parse file: /home/mvriel/Projects/Personal/symfony/src/Symfony/Bundle/FrameworkBundle/Templating/Helper/AssetsHelper.php
[ERR: 13:54]: No Page-level DocBlock was found for /home/mvriel/Projects/Personal/symfony/src/Symfony/Bundle/FrameworkBundle/Templating/Helper/AssetsHelper.php
[INFO: 13:54]: Starting to parse file: /home/mvriel/Projects/Personal/symfony/src/Symfony/Bundle/FrameworkBundle/Templating/Helper/RouterHelper.php
[ERR: 13:54]: No Page-level DocBlock was found for /home/mvriel/Projects/Personal/symfony/src/Symfony/Bundle/FrameworkBundle/Templating/Helper/RouterHelper.php
[ERR: 13:54]: No DocBlock was found for Property $generator on line 26
[INFO: 13:54]: Starting to parse file: /home/mvriel/Projects/Personal/symfony/src/Symfony/Bundle/FrameworkBundle/Templating/Helper/RequestHelper.php
[ERR: 13:54]: No Page-level DocBlock was found for /home/mvriel/Projects/Personal/symfony/src/Symfony/Bundle/FrameworkBundle/Templating/Helper/RequestHelper.php
[ERR: 13:54]: No DocBlock was found for Property $request on line 26
[INFO: 13:54]: Starting to parse file: /home/mvriel/Projects/Personal/symfony/src/Symfony/Bundle/FrameworkBundle/Templating/Helper/ActionsHelper.php
[ERR: 13:54]: No Page-level DocBlock was found for /home/mvriel/Projects/Personal/symfony/src/Symfony/Bundle/FrameworkBundle/Templating/Helper/ActionsHelper.php
[ERR: 13:54]: No DocBlock was found for Property $resolver on line 27
[INFO: 13:54]: Starting to parse file: /home/mvriel/Projects/Personal/symfony/src/Symfony/Bundle/FrameworkBundle/Templating/Helper/SessionHelper.php
[ERR: 13:54]: No Page-level DocBlock was found for /home/mvriel/Projects/Personal/symfony/src/Symfony/Bundle/FrameworkBundle/Templating/Helper/SessionHelper.php
[ERR: 13:54]: No DocBlock was found for Property $session on line 26
[ERR: 13:54]: No DocBlock was found for Method getFlash on line 61
[ERR: 13:54]: No DocBlock was found for Method hasFlash on line 66
[INFO: 13:54]: Starting to parse file: /home/mvriel/Projects/Personal/symfony/src/Symfony/Bundle/FrameworkBundle/DataCollector/AppDataCollector.php
[ERR: 13:54]: No Page-level DocBlock was found for /home/mvriel/Projects/Personal/symfony/src/Symfony/Bundle/FrameworkBundle/DataCollector/AppDataCollector.php
[ERR: 13:54]: No DocBlock was found for Property $container on line 26
[ERR: 13:54]: No DocBlock was found for Method __construct on line 28
[ERR: 13:54]: No DocBlock was found for Method collect on line 33
[ERR: 13:54]: No DocBlock was found for Method getRoute on line 45
[ERR: 13:54]: No DocBlock was found for Method getFormat on line 50
[ERR: 13:54]: No DocBlock was found for Method getSummary on line 55
[ERR: 13:54]: No DocBlock was found for Method getName on line 62
[INFO: 13:54]: Starting to parse file: /home/mvriel/Projects/Personal/symfony/src/Symfony/Bundle/FrameworkBundle/DataCollector/ConfigDataCollector.php
[ERR: 13:54]: No Page-level DocBlock was found for /home/mvriel/Projects/Personal/symfony/src/Symfony/Bundle/FrameworkBundle/DataCollector/ConfigDataCollector.php
[ERR: 13:54]: No DocBlock was found for Property $container on line 27
[ERR: 13:54]: No DocBlock was found for Method __construct on line 29
[ERR: 13:54]: No DocBlock was found for Method collect on line 34
[ERR: 13:54]: No DocBlock was found for Method getSummary on line 56
[ERR: 13:54]: No DocBlock was found for Method getName on line 67
[INFO: 13:54]: Starting to parse file: /home/mvriel/Projects/Personal/symfony/src/Symfony/Bundle/FrameworkBundle/DataCollector/TimerDataCollector.php
[ERR: 13:54]: No Page-level DocBlock was found for /home/mvriel/Projects/Personal/symfony/src/Symfony/Bundle/FrameworkBundle/DataCollector/TimerDataCollector.php
[ERR: 13:54]: No DocBlock was found for Property $container on line 26
[ERR: 13:54]: No DocBlock was found for Method __construct on line 28
[ERR: 13:54]: No DocBlock was found for Method collect on line 33
[ERR: 13:54]: No DocBlock was found for Method getTime on line 40
[ERR: 13:54]: No DocBlock was found for Method getSummary on line 45
[ERR: 13:54]: No DocBlock was found for Method getName on line 52
[INFO: 13:54]: Starting to parse file: /home/mvriel/Projects/Personal/symfony/src/Symfony/Bundle/FrameworkBundle/Controller.php
[ERR: 13:54]: No Page-level DocBlock was found for /home/mvriel/Projects/Personal/symfony/src/Symfony/Bundle/FrameworkBundle/Controller.php
[ERR: 13:54]: No DocBlock was found for Property $request on line 29
[ERR: 13:54]: No DocBlock was found for Method __construct on line 31
[ERR: 13:54]: No DocBlock was found for Method getRequest on line 36
[ERR: 13:54]: No DocBlock was found for Method setRequest on line 45
[ERR: 13:54]: No DocBlock was found for Method getMailer on line 50
[ERR: 13:54]: No DocBlock was found for Method createResponse on line 55
[ERR: 13:54]: No DocBlock was found for Method renderView on line 110
[INFO: 13:54]: Starting to parse file: /home/mvriel/Projects/Personal/symfony/src/Symfony/Bundle/SwiftmailerBundle/DependencyInjection/SwiftmailerExtension.php
[ERR: 13:54]: No Page-level DocBlock was found for /home/mvriel/Projects/Personal/symfony/src/Symfony/Bundle/SwiftmailerBundle/DependencyInjection/SwiftmailerExtension.php
[ERR: 13:54]: No DocBlock was found for Property $resources on line 28
[INFO: 13:54]: Starting to parse file: /home/mvriel/Projects/Personal/symfony/src/Symfony/Bundle/SwiftmailerBundle/Tests/DependencyInjection/SwiftmailerExtensionTest.php
[ERR: 13:54]: No Page-level DocBlock was found for /home/mvriel/Projects/Personal/symfony/src/Symfony/Bundle/SwiftmailerBundle/Tests/DependencyInjection/SwiftmailerExtensionTest.php
[ERR: 13:54]: No DocBlock was found for Class SwiftmailerExtensionTest on line 18
[ERR: 13:54]: No DocBlock was found for Method testMailerLoad on line 20
[INFO: 13:54]: Starting to parse file: /home/mvriel/Projects/Personal/symfony/src/Symfony/Bundle/SwiftmailerBundle/Tests/TestCase.php
[ERR: 13:54]: No Page-level DocBlock was found for /home/mvriel/Projects/Personal/symfony/src/Symfony/Bundle/SwiftmailerBundle/Tests/TestCase.php
[ERR: 13:54]: No DocBlock was found for Class TestCase on line 14
[ERR: 13:54]: No DocBlock was found for Method setUp on line 16
[INFO: 13:54]: Starting to parse file: /home/mvriel/Projects/Personal/symfony/src/Symfony/Bundle/SwiftmailerBundle/SwiftmailerBundle.php
[ERR: 13:54]: No Page-level DocBlock was found for /home/mvriel/Projects/Personal/symfony/src/Symfony/Bundle/SwiftmailerBundle/SwiftmailerBundle.php
[INFO: 13:54]: Starting to parse file: /home/mvriel/Projects/Personal/symfony/src/Symfony/Bundle/TwigBundle/Loader/Loader.php
[ERR: 13:54]: No Page-level DocBlock was found for /home/mvriel/Projects/Personal/symfony/src/Symfony/Bundle/TwigBundle/Loader/Loader.php
[ERR: 13:54]: No DocBlock was found for Property $engine on line 26
[ERR: 13:54]: No DocBlock was found for Method setEngine on line 28
[INFO: 13:54]: Starting to parse file: /home/mvriel/Projects/Personal/symfony/src/Symfony/Bundle/TwigBundle/TokenParser/HelperTokenParser.php
[ERR: 13:54]: No Page-level DocBlock was found for /home/mvriel/Projects/Personal/symfony/src/Symfony/Bundle/TwigBundle/TokenParser/HelperTokenParser.php
[ERR: 13:54]: No DocBlock was found for Property $helper on line 23
[ERR: 13:54]: No DocBlock was found for Property $method on line 24
[ERR: 13:54]: No DocBlock was found for Property $grammar on line 25
[ERR: 13:54]: No DocBlock was found for Property $tag on line 26
[ERR: 13:54]: No DocBlock was found for Method __construct on line 28
[ERR: 13:54]: No DocBlock was found for Method getNode on line 56
[INFO: 13:54]: Starting to parse file: /home/mvriel/Projects/Personal/symfony/src/Symfony/Bundle/TwigBundle/Environment.php
[ERR: 13:54]: No Page-level DocBlock was found for /home/mvriel/Projects/Personal/symfony/src/Symfony/Bundle/TwigBundle/Environment.php
[ERR: 13:54]: No DocBlock was found for Method __construct on line 25
[INFO: 13:54]: Starting to parse file: /home/mvriel/Projects/Personal/symfony/src/Symfony/Bundle/TwigBundle/DependencyInjection/TwigExtension.php
[ERR: 13:54]: No Page-level DocBlock was found for /home/mvriel/Projects/Personal/symfony/src/Symfony/Bundle/TwigBundle/DependencyInjection/TwigExtension.php
[ERR: 13:54]: No DocBlock was found for Method getNamespace on line 53
[ERR: 13:54]: No DocBlock was found for Method getAlias on line 58
[INFO: 13:54]: Starting to parse file: /home/mvriel/Projects/Personal/symfony/src/Symfony/Bundle/TwigBundle/Extension/Helpers.php
[ERR: 13:54]: No Page-level DocBlock was found for /home/mvriel/Projects/Personal/symfony/src/Symfony/Bundle/TwigBundle/Extension/Helpers.php
[INFO: 13:54]: Starting to parse file: /home/mvriel/Projects/Personal/symfony/src/Symfony/Bundle/TwigBundle/Tests/DependencyInjection/TwigExtensionTest.php
[ERR: 13:54]: No Page-level DocBlock was found for /home/mvriel/Projects/Personal/symfony/src/Symfony/Bundle/TwigBundle/Tests/DependencyInjection/TwigExtensionTest.php
[ERR: 13:54]: No DocBlock was found for Class TwigExtensionTest on line 18
[ERR: 13:54]: No DocBlock was found for Method testConfigLoad on line 20
[INFO: 13:54]: Starting to parse file: /home/mvriel/Projects/Personal/symfony/src/Symfony/Bundle/TwigBundle/Tests/TestCase.php
[ERR: 13:54]: No Page-level DocBlock was found for /home/mvriel/Projects/Personal/symfony/src/Symfony/Bundle/TwigBundle/Tests/TestCase.php
[ERR: 13:54]: No DocBlock was found for Class TestCase on line 14
[ERR: 13:54]: No DocBlock was found for Method setUp on line 16
[INFO: 13:54]: Starting to parse file: /home/mvriel/Projects/Personal/symfony/src/Symfony/Bundle/TwigBundle/Renderer/Renderer.php
[ERR: 13:54]: No Page-level DocBlock was found for /home/mvriel/Projects/Personal/symfony/src/Symfony/Bundle/TwigBundle/Renderer/Renderer.php
[ERR: 13:54]: No DocBlock was found for Property $environment on line 25
[ERR: 13:54]: No DocBlock was found for Method __construct on line 27
[INFO: 13:54]: Starting to parse file: /home/mvriel/Projects/Personal/symfony/src/Symfony/Bundle/TwigBundle/TwigBundle.php
[ERR: 13:54]: No Page-level DocBlock was found for /home/mvriel/Projects/Personal/symfony/src/Symfony/Bundle/TwigBundle/TwigBundle.php
[INFO: 13:54]: Starting to parse file: /home/mvriel/Projects/Personal/symfony/src/Symfony/Components/EventDispatcher/Event.php
[ERR: 13:54]: No Page-level DocBlock was found for /home/mvriel/Projects/Personal/symfony/src/Symfony/Components/EventDispatcher/Event.php
[ERR: 13:54]: No DocBlock was found for Property $value on line 22
[ERR: 13:54]: No DocBlock was found for Property $processed on line 23
[ERR: 13:54]: No DocBlock was found for Property $subject on line 24
[ERR: 13:54]: No DocBlock was found for Property $name on line 25
[ERR: 13:54]: No DocBlock was found for Property $parameters on line 26
[INFO: 13:54]: Starting to parse file: /home/mvriel/Projects/Personal/symfony/src/Symfony/Components/EventDispatcher/EventDispatcher.php
[ERR: 13:54]: No Page-level DocBlock was found for /home/mvriel/Projects/Personal/symfony/src/Symfony/Components/EventDispatcher/EventDispatcher.php
[INFO: 13:54]: Starting to parse file: /home/mvriel/Projects/Personal/symfony/src/Symfony/Components/Yaml/Exception.php
[ERR: 13:54]: No Page-level DocBlock was found for /home/mvriel/Projects/Personal/symfony/src/Symfony/Components/Yaml/Exception.php
[INFO: 13:54]: Starting to parse file: /home/mvriel/Projects/Personal/symfony/src/Symfony/Components/Yaml/Yaml.php
[ERR: 13:54]: No Page-level DocBlock was found for /home/mvriel/Projects/Personal/symfony/src/Symfony/Components/Yaml/Yaml.php
[ERR: 13:54]: No DocBlock was found for Property $spec on line 22
[INFO: 13:54]: Starting to parse file: /home/mvriel/Projects/Personal/symfony/src/Symfony/Components/Yaml/Inline.php
[ERR: 13:54]: No Page-level DocBlock was found for /home/mvriel/Projects/Personal/symfony/src/Symfony/Components/Yaml/Inline.php
[ERR: 13:54]: No DocBlock was found for Method getTimestampRegex on line 384
[INFO: 13:54]: Starting to parse file: /home/mvriel/Projects/Personal/symfony/src/Symfony/Components/Yaml/Dumper.php
[ERR: 13:54]: No Page-level DocBlock was found for /home/mvriel/Projects/Personal/symfony/src/Symfony/Components/Yaml/Dumper.php
[INFO: 13:54]: Starting to parse file: /home/mvriel/Projects/Personal/symfony/src/Symfony/Components/Yaml/Parser.php
[ERR: 13:54]: No Page-level DocBlock was found for /home/mvriel/Projects/Personal/symfony/src/Symfony/Components/Yaml/Parser.php
[ERR: 13:54]: No DocBlock was found for Property $lines on line 23
[ERR: 13:54]: No DocBlock was found for Property $currentLineNb on line 24
[ERR: 13:54]: No DocBlock was found for Property $currentLine on line 25
[ERR: 13:54]: No DocBlock was found for Property $refs on line 26
[INFO: 13:54]: Starting to parse file: /home/mvriel/Projects/Personal/symfony/src/Symfony/Components/Yaml/ParserException.php
[ERR: 13:54]: No Page-level DocBlock was found for /home/mvriel/Projects/Personal/symfony/src/Symfony/Components/Yaml/ParserException.php
[INFO: 13:54]: Starting to parse file: /home/mvriel/Projects/Personal/symfony/src/Symfony/Components/DomCrawler/Field/InputFormField.php
[ERR: 13:54]: No Page-level DocBlock was found for /home/mvriel/Projects/Personal/symfony/src/Symfony/Components/DomCrawler/Field/InputFormField.php
[INFO: 13:54]: Starting to parse file: /home/mvriel/Projects/Personal/symfony/src/Symfony/Components/DomCrawler/Field/ChoiceFormField.php
[ERR: 13:54]: No Page-level DocBlock was found for /home/mvriel/Projects/Personal/symfony/src/Symfony/Components/DomCrawler/Field/ChoiceFormField.php
[ERR: 13:54]: No DocBlock was found for Property $type on line 25
[ERR: 13:54]: No DocBlock was found for Property $multiple on line 26
[ERR: 13:54]: No DocBlock was found for Property $options on line 27
[INFO: 13:54]: Starting to parse file: /home/mvriel/Projects/Personal/symfony/src/Symfony/Components/DomCrawler/Field/FileFormField.php
[ERR: 13:54]: No Page-level DocBlock was found for /home/mvriel/Projects/Personal/symfony/src/Symfony/Components/DomCrawler/Field/FileFormField.php
[INFO: 13:54]: Starting to parse file: /home/mvriel/Projects/Personal/symfony/src/Symfony/Components/DomCrawler/Field/FormField.php
[ERR: 13:54]: No Page-level DocBlock was found for /home/mvriel/Projects/Personal/symfony/src/Symfony/Components/DomCrawler/Field/FormField.php
[ERR: 13:54]: No DocBlock was found for Property $node on line 23
[ERR: 13:54]: No DocBlock was found for Property $name on line 24
[ERR: 13:54]: No DocBlock was found for Property $value on line 25
[ERR: 13:54]: No DocBlock was found for Property $document on line 26
[ERR: 13:54]: No DocBlock was found for Property $xpath on line 27
[INFO: 13:54]: Starting to parse file: /home/mvriel/Projects/Personal/symfony/src/Symfony/Components/DomCrawler/Field/TextareaFormField.php
[ERR: 13:54]: No Page-level DocBlock was found for /home/mvriel/Projects/Personal/symfony/src/Symfony/Components/DomCrawler/Field/TextareaFormField.php
[INFO: 13:54]: Starting to parse file: /home/mvriel/Projects/Personal/symfony/src/Symfony/Components/DomCrawler/Form.php
[ERR: 13:54]: No Page-level DocBlock was found for /home/mvriel/Projects/Personal/symfony/src/Symfony/Components/DomCrawler/Form.php
[ERR: 13:54]: No DocBlock was found for Property $document on line 23
[ERR: 13:54]: No DocBlock was found for Property $button on line 24
[ERR: 13:54]: No DocBlock was found for Property $node on line 25
[ERR: 13:54]: No DocBlock was found for Property $fields on line 26
[ERR: 13:54]: No DocBlock was found for Property $method on line 27
[ERR: 13:54]: No DocBlock was found for Property $host on line 28
[ERR: 13:54]: No DocBlock was found for Property $path on line 29
[ERR: 13:54]: No DocBlock was found for Method initialize on line 258
[INFO: 13:54]: Starting to parse file: /home/mvriel/Projects/Personal/symfony/src/Symfony/Components/DomCrawler/Crawler.php
[ERR: 13:54]: No Page-level DocBlock was found for /home/mvriel/Projects/Personal/symfony/src/Symfony/Components/DomCrawler/Crawler.php
[ERR: 13:54]: No DocBlock was found for Property $uri on line 25
[ERR: 13:54]: No DocBlock was found for Property $host on line 26
[ERR: 13:54]: No DocBlock was found for Property $path on line 27
[ERR: 13:54]: No DocBlock was found for Method addContent on line 72
[ERR: 13:54]: No DocBlock was found for Method getNode on line 551
[ERR: 13:54]: No DocBlock was found for Method parseUri on line 564
[ERR: 13:54]: No DocBlock was found for Method sibling on line 579
[ERR: 13:54]: No DocBlock was found for Method xpathLiteral on line 592
[INFO: 13:54]: Starting to parse file: /home/mvriel/Projects/Personal/symfony/src/Symfony/Components/DomCrawler/Link.php
[ERR: 13:54]: No Page-level DocBlock was found for /home/mvriel/Projects/Personal/symfony/src/Symfony/Components/DomCrawler/Link.php
[ERR: 13:54]: No DocBlock was found for Property $method on line 24
[ERR: 13:54]: No DocBlock was found for Property $host on line 25
[ERR: 13:54]: No DocBlock was found for Property $path on line 26
[INFO: 13:54]: Starting to parse file: /home/mvriel/Projects/Personal/symfony/src/Symfony/Components/CssSelector/Node/OrNode.php
[ERR: 13:54]: No Page-level DocBlock was found for /home/mvriel/Projects/Personal/symfony/src/Symfony/Components/CssSelector/Node/OrNode.php
[ERR: 13:54]: No DocBlock was found for Property $items on line 28
[ERR: 13:54]: No DocBlock was found for Method __construct on line 30
[ERR: 13:54]: No DocBlock was found for Method __toString on line 35
[ERR: 13:54]: No DocBlock was found for Method toXpath on line 40
[INFO: 13:54]: Starting to parse file: /home/mvriel/Projects/Personal/symfony/src/Symfony/Components/CssSelector/Node/HashNode.php
[ERR: 13:54]: No Page-level DocBlock was found for /home/mvriel/Projects/Personal/symfony/src/Symfony/Components/CssSelector/Node/HashNode.php
[ERR: 13:54]: No DocBlock was found for Property $selector on line 28
[ERR: 13:54]: No DocBlock was found for Property $id on line 29
[ERR: 13:54]: No DocBlock was found for Method __construct on line 31
[ERR: 13:54]: No DocBlock was found for Method __toString on line 37
[ERR: 13:54]: No DocBlock was found for Method toXpath on line 42
[INFO: 13:54]: Starting to parse file: /home/mvriel/Projects/Personal/symfony/src/Symfony/Components/CssSelector/Node/CombinedSelectorNode.php
[ERR: 13:54]: No Page-level DocBlock was found for /home/mvriel/Projects/Personal/symfony/src/Symfony/Components/CssSelector/Node/CombinedSelectorNode.php
[ERR: 13:54]: No DocBlock was found for Property $_method_mapping on line 28
[ERR: 13:54]: No DocBlock was found for Property $selector on line 35
[ERR: 13:54]: No DocBlock was found for Property $combinator on line 36
[ERR: 13:54]: No DocBlock was found for Property $subselector on line 37
[ERR: 13:54]: No DocBlock was found for Method __construct on line 39
[ERR: 13:54]: No DocBlock was found for Method __toString on line 46
[ERR: 13:54]: No DocBlock was found for Method _xpath_descendant on line 68
[ERR: 13:54]: No DocBlock was found for Method _xpath_child on line 76
[ERR: 13:54]: No DocBlock was found for Method _xpath_direct_adjacent on line 84
[ERR: 13:54]: No DocBlock was found for Method _xpath_indirect_adjacent on line 94
[INFO: 13:54]: Starting to parse file: /home/mvriel/Projects/Personal/symfony/src/Symfony/Components/CssSelector/Node/NodeInterface.php
[ERR: 13:54]: No Page-level DocBlock was found for /home/mvriel/Projects/Personal/symfony/src/Symfony/Components/CssSelector/Node/NodeInterface.php
[INFO: 13:54]: Starting to parse file: /home/mvriel/Projects/Personal/symfony/src/Symfony/Components/CssSelector/Node/AttribNode.php
[ERR: 13:54]: No Page-level DocBlock was found for /home/mvriel/Projects/Personal/symfony/src/Symfony/Components/CssSelector/Node/AttribNode.php
[ERR: 13:54]: No DocBlock was found for Property $selector on line 29
[ERR: 13:54]: No DocBlock was found for Property $namespace on line 30
[ERR: 13:54]: No DocBlock was found for Property $attrib on line 31
[ERR: 13:54]: No DocBlock was found for Property $operator on line 32
[ERR: 13:54]: No DocBlock was found for Property $value on line 33
[ERR: 13:54]: No DocBlock was found for Method __construct on line 35
[ERR: 13:54]: No DocBlock was found for Method __toString on line 44
[ERR: 13:54]: No DocBlock was found for Method xpathAttrib on line 93
[ERR: 13:54]: No DocBlock was found for Method formatAttrib on line 103
[INFO: 13:54]: Starting to parse file: /home/mvriel/Projects/Personal/symfony/src/Symfony/Components/CssSelector/Node/FunctionNode.php
[ERR: 13:54]: No Page-level DocBlock was found for /home/mvriel/Projects/Personal/symfony/src/Symfony/Components/CssSelector/Node/FunctionNode.php
[ERR: 13:54]: No DocBlock was found for Property $unsupported on line 29
[ERR: 13:54]: No DocBlock was found for Property $selector on line 31
[ERR: 13:54]: No DocBlock was found for Property $type on line 32
[ERR: 13:54]: No DocBlock was found for Property $name on line 33
[ERR: 13:54]: No DocBlock was found for Property $expr on line 34
[ERR: 13:54]: No DocBlock was found for Method __construct on line 36
[ERR: 13:54]: No DocBlock was found for Method __toString on line 44
[ERR: 13:54]: No DocBlock was found for Method _xpath_nth_child on line 66
[ERR: 13:54]: No DocBlock was found for Method _xpath_nth_last_child on line 129
[ERR: 13:54]: No DocBlock was found for Method _xpath_nth_of_type on line 134
[ERR: 13:54]: No DocBlock was found for Method _xpath_nth_last_of_type on line 143
[ERR: 13:54]: No DocBlock was found for Method _xpath_contains on line 148
[ERR: 13:54]: No DocBlock was found for Method _xpath_not on line 164
[ERR: 13:54]: No DocBlock was found for Method parseSeries on line 176
[INFO: 13:54]: Starting to parse file: /home/mvriel/Projects/Personal/symfony/src/Symfony/Components/CssSelector/Node/ElementNode.php
[ERR: 13:54]: No Page-level DocBlock was found for /home/mvriel/Projects/Personal/symfony/src/Symfony/Components/CssSelector/Node/ElementNode.php
[ERR: 13:54]: No DocBlock was found for Property $namespace on line 28
[ERR: 13:54]: No DocBlock was found for Property $element on line 29
[ERR: 13:54]: No DocBlock was found for Method __construct on line 31
[ERR: 13:54]: No DocBlock was found for Method __toString on line 37
[ERR: 13:54]: No DocBlock was found for Method formatElement on line 42
[ERR: 13:54]: No DocBlock was found for Method toXpath on line 51
[INFO: 13:54]: Starting to parse file: /home/mvriel/Projects/Personal/symfony/src/Symfony/Components/CssSelector/Node/PseudoNode.php
[ERR: 13:54]: No Page-level DocBlock was found for /home/mvriel/Projects/Personal/symfony/src/Symfony/Components/CssSelector/Node/PseudoNode.php
[ERR: 13:54]: No DocBlock was found for Property $unsupported on line 28
[ERR: 13:54]: No DocBlock was found for Property $element on line 34
[ERR: 13:54]: No DocBlock was found for Property $type on line 35
[ERR: 13:54]: No DocBlock was found for Property $ident on line 36
[ERR: 13:54]: No DocBlock was found for Method __toString on line 53
[ERR: 13:54]: No DocBlock was found for Method xpath_checked on line 76
[ERR: 13:54]: No DocBlock was found for Method xpath_first_child on line 93
[ERR: 13:54]: No DocBlock was found for Method xpath_last_child on line 102
[ERR: 13:54]: No DocBlock was found for Method xpath_first_of_type on line 111
[ERR: 13:54]: No DocBlock was found for Method xpath_only_child on line 136
[ERR: 13:54]: No DocBlock was found for Method xpath_empty on line 158
[INFO: 13:54]: Starting to parse file: /home/mvriel/Projects/Personal/symfony/src/Symfony/Components/CssSelector/Node/ClassNode.php
[ERR: 13:54]: No Page-level DocBlock was found for /home/mvriel/Projects/Personal/symfony/src/Symfony/Components/CssSelector/Node/ClassNode.php
[ERR: 13:54]: No DocBlock was found for Property $selector on line 28
[ERR: 13:54]: No DocBlock was found for Property $className on line 29
[ERR: 13:54]: No DocBlock was found for Method __construct on line 31
[ERR: 13:54]: No DocBlock was found for Method __toString on line 37
[ERR: 13:54]: No DocBlock was found for Method toXpath on line 42
[INFO: 13:54]: Starting to parse file: /home/mvriel/Projects/Personal/symfony/src/Symfony/Components/CssSelector/TokenStream.php
[ERR: 13:54]: No Page-level DocBlock was found for /home/mvriel/Projects/Personal/symfony/src/Symfony/Components/CssSelector/TokenStream.php
[ERR: 13:54]: No DocBlock was found for Property $tokens on line 27
[ERR: 13:54]: No DocBlock was found for Property $source on line 28
[ERR: 13:54]: No DocBlock was found for Property $peeked on line 29
[ERR: 13:54]: No DocBlock was found for Property $peeking on line 30
[ERR: 13:54]: No DocBlock was found for Method __construct on line 32
[ERR: 13:54]: No DocBlock was found for Method getUsed on line 41
[ERR: 13:54]: No DocBlock was found for Method next on line 46
[ERR: 13:54]: No DocBlock was found for Method peek on line 65
[INFO: 13:54]: Starting to parse file: /home/mvriel/Projects/Personal/symfony/src/Symfony/Components/CssSelector/XPathExpr.php
[ERR: 13:54]: No Page-level DocBlock was found for /home/mvriel/Projects/Personal/symfony/src/Symfony/Components/CssSelector/XPathExpr.php
[ERR: 13:54]: No DocBlock was found for Property $path on line 27
[ERR: 13:54]: No DocBlock was found for Property $element on line 28
[ERR: 13:54]: No DocBlock was found for Property $condition on line 29
[ERR: 13:54]: No DocBlock was found for Property $starPrefix on line 30
[ERR: 13:54]: No DocBlock was found for Method __construct on line 32
[ERR: 13:54]: No DocBlock was found for Method getPrefix on line 41
[ERR: 13:54]: No DocBlock was found for Method getPath on line 46
[ERR: 13:54]: No DocBlock was found for Method hasStarPrefix on line 51
[ERR: 13:54]: No DocBlock was found for Method getElement on line 56
[ERR: 13:54]: No DocBlock was found for Method getCondition on line 61
[ERR: 13:54]: No DocBlock was found for Method __toString on line 66
[ERR: 13:54]: No DocBlock was found for Method addCondition on line 86
[ERR: 13:54]: No DocBlock was found for Method addPrefix on line 95
[ERR: 13:54]: No DocBlock was found for Method addNameTest on line 104
[ERR: 13:54]: No DocBlock was found for Method addStarPrefix on line 115
[ERR: 13:54]: No DocBlock was found for Method join on line 130
[ERR: 13:54]: No DocBlock was found for Method xpathLiteral on line 148
[INFO: 13:54]: Starting to parse file: /home/mvriel/Projects/Personal/symfony/src/Symfony/Components/CssSelector/Token.php
[ERR: 13:54]: No Page-level DocBlock was found for /home/mvriel/Projects/Personal/symfony/src/Symfony/Components/CssSelector/Token.php
[ERR: 13:54]: No DocBlock was found for Property $value on line 27
[ERR: 13:54]: No DocBlock was found for Property $position on line 28
[ERR: 13:54]: No DocBlock was found for Method __construct on line 30
[ERR: 13:54]: No DocBlock was found for Method __toString on line 37
[ERR: 13:54]: No DocBlock was found for Method isType on line 42
[ERR: 13:54]: No DocBlock was found for Method getPosition on line 47
[INFO: 13:54]: Starting to parse file: /home/mvriel/Projects/Personal/symfony/src/Symfony/Components/CssSelector/XPathExprOr.php
[ERR: 13:54]: No Page-level DocBlock was found for /home/mvriel/Projects/Personal/symfony/src/Symfony/Components/CssSelector/XPathExprOr.php
[ERR: 13:54]: No DocBlock was found for Method __construct on line 28
[ERR: 13:54]: No DocBlock was found for Method __toString on line 34
[INFO: 13:54]: Starting to parse file: /home/mvriel/Projects/Personal/symfony/src/Symfony/Components/CssSelector/SyntaxError.php
[ERR: 13:54]: No Page-level DocBlock was found for /home/mvriel/Projects/Personal/symfony/src/Symfony/Components/CssSelector/SyntaxError.php
[INFO: 13:54]: Starting to parse file: /home/mvriel/Projects/Personal/symfony/src/Symfony/Components/CssSelector/Parser.php
[ERR: 13:54]: No Page-level DocBlock was found for /home/mvriel/Projects/Personal/symfony/src/Symfony/Components/CssSelector/Parser.php
[ERR: 13:54]: No DocBlock was found for Method parseSelectorGroup on line 84
[INFO: 13:54]: Starting to parse file: /home/mvriel/Projects/Personal/symfony/src/Symfony/Components/CssSelector/Tokenizer.php
[ERR: 13:54]: No Page-level DocBlock was found for /home/mvriel/Projects/Personal/symfony/src/Symfony/Components/CssSelector/Tokenizer.php
[INFO: 13:54]: Starting to parse file: /home/mvriel/Projects/Personal/symfony/src/Symfony/Components/HttpFoundation/SessionStorage/SessionStorageInterface.php
[ERR: 13:54]: No Page-level DocBlock was found for /home/mvriel/Projects/Personal/symfony/src/Symfony/Components/HttpFoundation/SessionStorage/SessionStorageInterface.php
[INFO: 13:54]: Starting to parse file: /home/mvriel/Projects/Personal/symfony/src/Symfony/Components/HttpFoundation/SessionStorage/NativeSessionStorage.php
[ERR: 13:54]: No Page-level DocBlock was found for /home/mvriel/Projects/Personal/symfony/src/Symfony/Components/HttpFoundation/SessionStorage/NativeSessionStorage.php
[ERR: 13:54]: No DocBlock was found for Property $sessionIdRegenerated on line 23
[ERR: 13:54]: No DocBlock was found for Property $sessionStarted on line 24
[ERR: 13:54]: No DocBlock was found for Property $options on line 26
[INFO: 13:54]: Starting to parse file: /home/mvriel/Projects/Personal/symfony/src/Symfony/Components/HttpFoundation/SessionStorage/PdoSessionStorage.php
[ERR: 13:54]: No Page-level DocBlock was found for /home/mvriel/Projects/Personal/symfony/src/Symfony/Components/HttpFoundation/SessionStorage/PdoSessionStorage.php
[ERR: 13:54]: No DocBlock was found for Property $db on line 23
[INFO: 13:54]: Starting to parse file: /home/mvriel/Projects/Personal/symfony/src/Symfony/Components/HttpFoundation/Session.php
[ERR: 13:54]: No Page-level DocBlock was found for /home/mvriel/Projects/Personal/symfony/src/Symfony/Components/HttpFoundation/Session.php
[ERR: 13:54]: No DocBlock was found for Property $locale on line 26
[ERR: 13:54]: No DocBlock was found for Property $attributes on line 27
[ERR: 13:54]: No DocBlock was found for Property $oldFlashes on line 28
[ERR: 13:54]: No DocBlock was found for Property $started on line 29
[ERR: 13:54]: No DocBlock was found for Property $options on line 30
[ERR: 13:54]: No DocBlock was found for Method getFlashMessages on line 132
[ERR: 13:54]: No DocBlock was found for Method setFlashMessages on line 137
[ERR: 13:54]: No DocBlock was found for Method getFlash on line 142
[ERR: 13:54]: No DocBlock was found for Method setFlash on line 147
[ERR: 13:54]: No DocBlock was found for Method hasFlash on line 153
[ERR: 13:54]: No DocBlock was found for Method __destruct on line 158
[INFO: 13:54]: Starting to parse file: /home/mvriel/Projects/Personal/symfony/src/Symfony/Components/HttpFoundation/HeaderBag.php
[ERR: 13:54]: No Page-level DocBlock was found for /home/mvriel/Projects/Personal/symfony/src/Symfony/Components/HttpFoundation/HeaderBag.php
[ERR: 13:54]: No DocBlock was found for Property $cacheControl on line 24
[ERR: 13:54]: No DocBlock was found for Property $type on line 25
[INFO: 13:54]: Starting to parse file: /home/mvriel/Projects/Personal/symfony/src/Symfony/Components/HttpFoundation/ParameterBag.php
[ERR: 13:54]: No Page-level DocBlock was found for /home/mvriel/Projects/Personal/symfony/src/Symfony/Components/HttpFoundation/ParameterBag.php
[INFO: 13:54]: Starting to parse file: /home/mvriel/Projects/Personal/symfony/src/Symfony/Components/HttpFoundation/Response.php
[ERR: 13:54]: No Page-level DocBlock was found for /home/mvriel/Projects/Personal/symfony/src/Symfony/Components/HttpFoundation/Response.php
[ERR: 13:54]: No DocBlock was found for Property $content on line 28
[ERR: 13:54]: No DocBlock was found for Property $version on line 29
[ERR: 13:54]: No DocBlock was found for Property $statusCode on line 30
[ERR: 13:54]: No DocBlock was found for Property $statusText on line 31
[ERR: 13:54]: No DocBlock was found for Property $statusTexts on line 33
[ERR: 13:54]: No DocBlock was found for Method setEtag on line 508
[ERR: 13:54]: No DocBlock was found for Method isInvalid on line 593
[ERR: 13:54]: No DocBlock was found for Method isInformational on line 598
[ERR: 13:54]: No DocBlock was found for Method isSuccessful on line 603
[ERR: 13:54]: No DocBlock was found for Method isRedirection on line 608
[ERR: 13:54]: No DocBlock was found for Method isClientError on line 613
[ERR: 13:54]: No DocBlock was found for Method isServerError on line 618
[ERR: 13:54]: No DocBlock was found for Method isOk on line 623
[ERR: 13:54]: No DocBlock was found for Method isForbidden on line 628
[ERR: 13:54]: No DocBlock was found for Method isNotFound on line 633
[ERR: 13:54]: No DocBlock was found for Method isRedirect on line 638
[ERR: 13:54]: No DocBlock was found for Method isEmpty on line 643
[ERR: 13:54]: No DocBlock was found for Method isRedirected on line 648
[INFO: 13:54]: Starting to parse file: /home/mvriel/Projects/Personal/symfony/src/Symfony/Components/HttpFoundation/Request.php
[ERR: 13:54]: No Page-level DocBlock was found for /home/mvriel/Projects/Personal/symfony/src/Symfony/Components/HttpFoundation/Request.php
[ERR: 13:54]: No DocBlock was found for Property $languages on line 60
[ERR: 13:54]: No DocBlock was found for Property $charsets on line 61
[ERR: 13:54]: No DocBlock was found for Property $acceptableContentTypes on line 62
[ERR: 13:54]: No DocBlock was found for Property $pathInfo on line 63
[ERR: 13:54]: No DocBlock was found for Property $requestUri on line 64
[ERR: 13:54]: No DocBlock was found for Property $baseUrl on line 65
[ERR: 13:54]: No DocBlock was found for Property $basePath on line 66
[ERR: 13:54]: No DocBlock was found for Property $method on line 67
[ERR: 13:54]: No DocBlock was found for Property $format on line 68
[ERR: 13:54]: No DocBlock was found for Property $session on line 69
[ERR: 13:54]: No DocBlock was found for Property $formats on line 71
[ERR: 13:54]: No DocBlock was found for Method __clone on line 204
[ERR: 13:54]: No DocBlock was found for Method get on line 238
[ERR: 13:54]: No DocBlock was found for Method getSession on line 243
[ERR: 13:54]: No DocBlock was found for Method hasSession on line 253
[ERR: 13:54]: No DocBlock was found for Method setSession on line 258
[ERR: 13:54]: No DocBlock was found for Method getPathInfo on line 273
[ERR: 13:54]: No DocBlock was found for Method getBasePath on line 282
[ERR: 13:54]: No DocBlock was found for Method getBaseUrl on line 291
[ERR: 13:54]: No DocBlock was found for Method getScheme on line 300
[ERR: 13:54]: No DocBlock was found for Method getPort on line 305
[ERR: 13:54]: No DocBlock was found for Method getHttpHost on line 310
[ERR: 13:54]: No DocBlock was found for Method getRequestUri on line 328
[ERR: 13:54]: No DocBlock was found for Method isSecure on line 378
[ERR: 13:54]: No DocBlock was found for Method setMethod on line 405
[ERR: 13:54]: No DocBlock was found for Method isMethodSafe on line 517
[ERR: 13:54]: No DocBlock was found for Method getETags on line 522
[ERR: 13:54]: No DocBlock was found for Method isNoCache on line 527
[ERR: 13:54]: No DocBlock was found for Method prepareRequestUri on line 675
[ERR: 13:54]: No DocBlock was found for Method prepareBaseUrl on line 703
[ERR: 13:54]: No DocBlock was found for Method prepareBasePath on line 766
[ERR: 13:54]: No DocBlock was found for Method preparePathInfo on line 788
[ERR: 13:54]: No DocBlock was found for Method initializeHeaders on line 832
[ERR: 13:54]: No DocBlock was found for Method initializeFormats on line 844
[ERR: 13:54]: No DocBlock was found for Method fixPhpFilesArray on line 857
[INFO: 13:54]: Starting to parse file: /home/mvriel/Projects/Personal/symfony/src/Symfony/Components/HttpFoundation/CacheControl.php
[ERR: 13:54]: No Page-level DocBlock was found for /home/mvriel/Projects/Personal/symfony/src/Symfony/Components/HttpFoundation/CacheControl.php
[ERR: 13:54]: No DocBlock was found for Property $attributes on line 27
[ERR: 13:54]: No DocBlock was found for Property $type on line 28
[ERR: 13:54]: No DocBlock was found for Method __toString on line 48
[ERR: 13:54]: No DocBlock was found for Method getMaxStale on line 67
[ERR: 13:54]: No DocBlock was found for Method setMaxStale on line 74
[ERR: 13:54]: No DocBlock was found for Method getMinFresh on line 81
[ERR: 13:54]: No DocBlock was found for Method setMinFresh on line 88
[ERR: 13:54]: No DocBlock was found for Method isOnlyIfCached on line 95
[ERR: 13:54]: No DocBlock was found for Method setOnlyIfCached on line 102
[ERR: 13:54]: No DocBlock was found for Method isPublic on line 109
[ERR: 13:54]: No DocBlock was found for Method setPublic on line 116
[ERR: 13:54]: No DocBlock was found for Method isPrivate on line 123
[ERR: 13:54]: No DocBlock was found for Method getPrivate on line 130
[ERR: 13:54]: No DocBlock was found for Method setPrivate on line 137
[ERR: 13:54]: No DocBlock was found for Method isNoCache on line 144
[ERR: 13:54]: No DocBlock was found for Method getNoCache on line 149
[ERR: 13:54]: No DocBlock was found for Method setNoCache on line 154
[ERR: 13:54]: No DocBlock was found for Method isNoStore on line 159
[ERR: 13:54]: No DocBlock was found for Method setNoStore on line 164
[ERR: 13:54]: No DocBlock was found for Method isNoTransform on line 169
[ERR: 13:54]: No DocBlock was found for Method setNoTransform on line 174
[ERR: 13:54]: No DocBlock was found for Method getMaxAge on line 179
[ERR: 13:54]: No DocBlock was found for Method setMaxAge on line 184
[ERR: 13:54]: No DocBlock was found for Method getSharedMaxAge on line 189
[ERR: 13:54]: No DocBlock was found for Method setSharedMaxAge on line 196
[ERR: 13:54]: No DocBlock was found for Method setStaleWhileRevalidate on line 203
[ERR: 13:54]: No DocBlock was found for Method getStaleWhileRevalidate on line 210
[ERR: 13:54]: No DocBlock was found for Method setStaleIfError on line 217
[ERR: 13:54]: No DocBlock was found for Method getStaleIfError on line 222
[ERR: 13:54]: No DocBlock was found for Method mustRevalidate on line 227
[ERR: 13:54]: No DocBlock was found for Method setMustRevalidate on line 234
[ERR: 13:54]: No DocBlock was found for Method mustProxyRevalidate on line 241
[ERR: 13:54]: No DocBlock was found for Method setProxyRevalidate on line 248
[ERR: 13:54]: No DocBlock was found for Method setValue on line 273
[ERR: 13:54]: No DocBlock was found for Method checkAttribute on line 284
[INFO: 13:54]: Starting to parse file: /home/mvriel/Projects/Personal/symfony/src/Symfony/Components/Console/Output/StreamOutput.php
[ERR: 13:54]: No Page-level DocBlock was found for /home/mvriel/Projects/Personal/symfony/src/Symfony/Components/Console/Output/StreamOutput.php
[ERR: 13:54]: No DocBlock was found for Property $stream on line 31
[INFO: 13:54]: Starting to parse file: /home/mvriel/Projects/Personal/symfony/src/Symfony/Components/Console/Output/Output.php
[ERR: 13:54]: No Page-level DocBlock was found for /home/mvriel/Projects/Personal/symfony/src/Symfony/Components/Console/Output/Output.php
[ERR: 13:54]: No DocBlock was found for Constant VERBOSITY_QUIET on line 29
[ERR: 13:54]: No DocBlock was found for Constant VERBOSITY_NORMAL on line 30
[ERR: 13:54]: No DocBlock was found for Constant VERBOSITY_VERBOSE on line 31
[ERR: 13:54]: No DocBlock was found for Constant OUTPUT_NORMAL on line 33
[ERR: 13:54]: No DocBlock was found for Constant OUTPUT_RAW on line 34
[ERR: 13:54]: No DocBlock was found for Constant OUTPUT_PLAIN on line 35
[ERR: 13:54]: No DocBlock was found for Property $verbosity on line 37
[ERR: 13:54]: No DocBlock was found for Property $decorated on line 38
[ERR: 13:54]: No DocBlock was found for Property $styles on line 40
[ERR: 13:54]: No DocBlock was found for Property $options on line 46
[ERR: 13:54]: No DocBlock was found for Property $foreground on line 47
[ERR: 13:54]: No DocBlock was found for Property $background on line 48
[ERR: 13:54]: No DocBlock was found for Property $newline on line 167
[ERR: 13:54]: No DocBlock was found for Method replaceEndStyle on line 225
[INFO: 13:54]: Starting to parse file: /home/mvriel/Projects/Personal/symfony/src/Symfony/Components/Console/Output/OutputInterface.php
[ERR: 13:54]: No Page-level DocBlock was found for /home/mvriel/Projects/Personal/symfony/src/Symfony/Components/Console/Output/OutputInterface.php
[INFO: 13:54]: Starting to parse file: /home/mvriel/Projects/Personal/symfony/src/Symfony/Components/Console/Output/NullOutput.php
[ERR: 13:54]: No Page-level DocBlock was found for /home/mvriel/Projects/Personal/symfony/src/Symfony/Components/Console/Output/NullOutput.php
[INFO: 13:54]: Starting to parse file: /home/mvriel/Projects/Personal/symfony/src/Symfony/Components/Console/Output/ConsoleOutput.php
[ERR: 13:54]: No Page-level DocBlock was found for /home/mvriel/Projects/Personal/symfony/src/Symfony/Components/Console/Output/ConsoleOutput.php
[INFO: 13:54]: Starting to parse file: /home/mvriel/Projects/Personal/symfony/src/Symfony/Components/Console/Tester/ApplicationTester.php
[ERR: 13:54]: No Page-level DocBlock was found for /home/mvriel/Projects/Personal/symfony/src/Symfony/Components/Console/Tester/ApplicationTester.php
[ERR: 13:54]: No DocBlock was found for Property $display on line 26
[ERR: 13:54]: No DocBlock was found for Property $input on line 27
[ERR: 13:54]: No DocBlock was found for Property $output on line 28
[INFO: 13:54]: Starting to parse file: /home/mvriel/Projects/Personal/symfony/src/Symfony/Components/Console/Tester/CommandTester.php
[ERR: 13:54]: No Page-level DocBlock was found for /home/mvriel/Projects/Personal/symfony/src/Symfony/Components/Console/Tester/CommandTester.php
[ERR: 13:54]: No DocBlock was found for Property $display on line 26
[ERR: 13:54]: No DocBlock was found for Property $input on line 27
[ERR: 13:54]: No DocBlock was found for Property $output on line 28
[INFO: 13:54]: Starting to parse file: /home/mvriel/Projects/Personal/symfony/src/Symfony/Components/Console/Application.php
[ERR: 13:54]: No Page-level DocBlock was found for /home/mvriel/Projects/Personal/symfony/src/Symfony/Components/Console/Application.php
[ERR: 13:54]: No DocBlock was found for Property $aliases on line 50
[ERR: 13:54]: No DocBlock was found for Property $wantHelps on line 51
[ERR: 13:54]: No DocBlock was found for Property $runningCommand on line 52
[ERR: 13:54]: No DocBlock was found for Property $name on line 53
[ERR: 13:54]: No DocBlock was found for Property $version on line 54
[ERR: 13:54]: No DocBlock was found for Property $catchExceptions on line 55
[ERR: 13:54]: No DocBlock was found for Property $autoExit on line 56
[ERR: 13:54]: No DocBlock was found for Property $definition on line 57
[ERR: 13:54]: No DocBlock was found for Property $helperSet on line 58
[ERR: 13:54]: No DocBlock was found for Property $messages on line 596
[ERR: 13:54]: No DocBlock was found for Function getCommandName on line 712
[ERR: 13:54]: No DocBlock was found for Function sortCommands on line 717
[ERR: 13:54]: No DocBlock was found for Function getAbbreviationSuggestions on line 738
[INFO: 13:54]: Starting to parse file: /home/mvriel/Projects/Personal/symfony/src/Symfony/Components/Console/Command/HelpCommand.php
[ERR: 13:54]: No Page-level DocBlock was found for /home/mvriel/Projects/Personal/symfony/src/Symfony/Components/Console/Command/HelpCommand.php
[ERR: 13:54]: No DocBlock was found for Property $command on line 30
[ERR: 13:54]: No DocBlock was found for Method setCommand on line 59
[INFO: 13:54]: Starting to parse file: /home/mvriel/Projects/Personal/symfony/src/Symfony/Components/Console/Command/Command.php
[ERR: 13:54]: No Page-level DocBlock was found for /home/mvriel/Projects/Personal/symfony/src/Symfony/Components/Console/Command/Command.php
[ERR: 13:54]: No DocBlock was found for Property $namespace on line 31
[ERR: 13:54]: No DocBlock was found for Property $aliases on line 32
[ERR: 13:54]: No DocBlock was found for Property $definition on line 33
[ERR: 13:54]: No DocBlock was found for Property $help on line 34
[ERR: 13:54]: No DocBlock was found for Property $application on line 35
[ERR: 13:54]: No DocBlock was found for Property $description on line 36
[ERR: 13:54]: No DocBlock was found for Property $ignoreValidationErrors on line 37
[ERR: 13:54]: No DocBlock was found for Property $applicationDefinitionMerged on line 38
[ERR: 13:54]: No DocBlock was found for Property $code on line 39
[INFO: 13:54]: Starting to parse file: /home/mvriel/Projects/Personal/symfony/src/Symfony/Components/Console/Command/ListCommand.php
[ERR: 13:54]: No Page-level DocBlock was found for /home/mvriel/Projects/Personal/symfony/src/Symfony/Components/Console/Command/ListCommand.php
[INFO: 13:54]: Starting to parse file: /home/mvriel/Projects/Personal/symfony/src/Symfony/Components/Console/Shell.php
[ERR: 13:54]: No Page-level DocBlock was found for /home/mvriel/Projects/Personal/symfony/src/Symfony/Components/Console/Shell.php
[ERR: 13:54]: No DocBlock was found for Property $history on line 31
[ERR: 13:54]: No DocBlock was found for Property $output on line 32
[ERR: 13:54]: No DocBlock was found for Property $this on line 129
[INFO: 13:54]: Starting to parse file: /home/mvriel/Projects/Personal/symfony/src/Symfony/Components/Console/Helper/HelperSet.php
[ERR: 13:54]: No Page-level DocBlock was found for /home/mvriel/Projects/Personal/symfony/src/Symfony/Components/Console/Helper/HelperSet.php
[ERR: 13:54]: No DocBlock was found for Property $command on line 26
[INFO: 13:54]: Starting to parse file: /home/mvriel/Projects/Personal/symfony/src/Symfony/Components/Console/Helper/DialogHelper.php
[ERR: 13:54]: No Page-level DocBlock was found for /home/mvriel/Projects/Personal/symfony/src/Symfony/Components/Console/Helper/DialogHelper.php
[INFO: 13:54]: Starting to parse file: /home/mvriel/Projects/Personal/symfony/src/Symfony/Components/Console/Helper/Helper.php
[ERR: 13:54]: No Page-level DocBlock was found for /home/mvriel/Projects/Personal/symfony/src/Symfony/Components/Console/Helper/Helper.php
[ERR: 13:54]: No DocBlock was found for Property $helperSet on line 23
[INFO: 13:54]: Starting to parse file: /home/mvriel/Projects/Personal/symfony/src/Symfony/Components/Console/Helper/FormatterHelper.php
[ERR: 13:54]: No Page-level DocBlock was found for /home/mvriel/Projects/Personal/symfony/src/Symfony/Components/Console/Helper/FormatterHelper.php
[ERR: 13:54]: No DocBlock was found for Method strlen on line 72
[INFO: 13:54]: Starting to parse file: /home/mvriel/Projects/Personal/symfony/src/Symfony/Components/Console/Helper/HelperInterface.php
[ERR: 13:54]: No Page-level DocBlock was found for /home/mvriel/Projects/Personal/symfony/src/Symfony/Components/Console/Helper/HelperInterface.php
[INFO: 13:54]: Starting to parse file: /home/mvriel/Projects/Personal/symfony/src/Symfony/Components/Console/Input/InputDefinition.php
[ERR: 13:54]: No Page-level DocBlock was found for /home/mvriel/Projects/Personal/symfony/src/Symfony/Components/Console/Input/InputDefinition.php
[ERR: 13:54]: No DocBlock was found for Property $requiredCount on line 31
[ERR: 13:54]: No DocBlock was found for Property $hasAnArrayArgument on line 32
[ERR: 13:54]: No DocBlock was found for Property $hasOptional on line 33
[ERR: 13:54]: No DocBlock was found for Property $options on line 34
[ERR: 13:54]: No DocBlock was found for Property $shortcuts on line 35
[ERR: 13:54]: No DocBlock was found for Method setDefinition on line 47
[ERR: 13:54]: No DocBlock was found for Property $this on line 400
[ERR: 13:54]: No DocBlock was found for Property $text on line 401
[ERR: 13:54]: No DocBlock was found for Property $this on line 403
[ERR: 13:54]: No DocBlock was found for Property $option on line 403
[ERR: 13:54]: No DocBlock was found for Property $option on line 404
[ERR: 13:54]: No DocBlock was found for Property $option on line 404
[ERR: 13:54]: No DocBlock was found for Property $option on line 404
[ERR: 13:54]: No DocBlock was found for Property $option on line 404
[ERR: 13:54]: No DocBlock was found for Property $default on line 405
[ERR: 13:54]: No DocBlock was found for Property $option on line 405
[ERR: 13:54]: No DocBlock was found for Property $option on line 405
[ERR: 13:54]: No DocBlock was found for Property $option on line 405
[ERR: 13:54]: No DocBlock was found for Property $default on line 407
[ERR: 13:54]: No DocBlock was found for Property $multiple on line 410
[ERR: 13:54]: No DocBlock was found for Property $option on line 410
[ERR: 13:54]: No DocBlock was found for Property $text on line 411
[ERR: 13:54]: No DocBlock was found for Property $max on line 411
[ERR: 13:54]: No DocBlock was found for Property $option on line 411
[ERR: 13:54]: No DocBlock was found for Property $option on line 411
[ERR: 13:54]: No DocBlock was found for Property $option on line 411
[ERR: 13:54]: No DocBlock was found for Property $option on line 411
[ERR: 13:54]: No DocBlock was found for Property $default on line 411
[ERR: 13:54]: No DocBlock was found for Property $multiple on line 411
[ERR: 13:54]: No DocBlock was found for Property $text on line 414
[ERR: 13:54]: No DocBlock was found for Property $text on line 417
[INFO: 13:54]: Starting to parse file: /home/mvriel/Projects/Personal/symfony/src/Symfony/Components/Console/Input/ArgvInput.php
[ERR: 13:54]: No Page-level DocBlock was found for /home/mvriel/Projects/Personal/symfony/src/Symfony/Components/Console/Input/ArgvInput.php
[ERR: 13:54]: No DocBlock was found for Property $tokens on line 43
[ERR: 13:54]: No DocBlock was found for Property $parsed on line 44
[INFO: 13:54]: Starting to parse file: /home/mvriel/Projects/Personal/symfony/src/Symfony/Components/Console/Input/InputInterface.php
[ERR: 13:54]: No Page-level DocBlock was found for /home/mvriel/Projects/Personal/symfony/src/Symfony/Components/Console/Input/InputInterface.php
[INFO: 13:54]: Starting to parse file: /home/mvriel/Projects/Personal/symfony/src/Symfony/Components/Console/Input/StringInput.php
[ERR: 13:54]: No Page-level DocBlock was found for /home/mvriel/Projects/Personal/symfony/src/Symfony/Components/Console/Input/StringInput.php
[ERR: 13:54]: No DocBlock was found for Constant REGEX_STRING on line 27
[ERR: 13:54]: No DocBlock was found for Constant REGEX_QUOTED_STRING on line 28
[INFO: 13:54]: Starting to parse file: /home/mvriel/Projects/Personal/symfony/src/Symfony/Components/Console/Input/InputArgument.php
[ERR: 13:54]: No Page-level DocBlock was found for /home/mvriel/Projects/Personal/symfony/src/Symfony/Components/Console/Input/InputArgument.php
[ERR: 13:54]: No DocBlock was found for Constant OPTIONAL on line 24
[ERR: 13:54]: No DocBlock was found for Constant IS_ARRAY on line 25
[ERR: 13:54]: No DocBlock was found for Property $name on line 27
[ERR: 13:54]: No DocBlock was found for Property $mode on line 28
[ERR: 13:54]: No DocBlock was found for Property $default on line 29
[ERR: 13:54]: No DocBlock was found for Property $description on line 30
[INFO: 13:54]: Starting to parse file: /home/mvriel/Projects/Personal/symfony/src/Symfony/Components/Console/Input/ArrayInput.php
[ERR: 13:54]: No Page-level DocBlock was found for /home/mvriel/Projects/Personal/symfony/src/Symfony/Components/Console/Input/ArrayInput.php
[ERR: 13:54]: No DocBlock was found for Property $parameters on line 27
[INFO: 13:54]: Starting to parse file: /home/mvriel/Projects/Personal/symfony/src/Symfony/Components/Console/Input/InputOption.php
[ERR: 13:54]: No Page-level DocBlock was found for /home/mvriel/Projects/Personal/symfony/src/Symfony/Components/Console/Input/InputOption.php
[ERR: 13:54]: No DocBlock was found for Constant PARAMETER_REQUIRED on line 24
[ERR: 13:54]: No DocBlock was found for Constant PARAMETER_OPTIONAL on line 25
[ERR: 13:54]: No DocBlock was found for Constant PARAMETER_IS_ARRAY on line 26
[ERR: 13:54]: No DocBlock was found for Property $name on line 28
[ERR: 13:54]: No DocBlock was found for Property $shortcut on line 29
[ERR: 13:54]: No DocBlock was found for Property $mode on line 30
[ERR: 13:54]: No DocBlock was found for Property $default on line 31
[ERR: 13:54]: No DocBlock was found for Property $description on line 32
[INFO: 13:54]: Starting to parse file: /home/mvriel/Projects/Personal/symfony/src/Symfony/Components/Console/Input/Input.php
[ERR: 13:54]: No Page-level DocBlock was found for /home/mvriel/Projects/Personal/symfony/src/Symfony/Components/Console/Input/Input.php
[ERR: 13:54]: No DocBlock was found for Property $definition on line 29
[ERR: 13:54]: No DocBlock was found for Property $options on line 30
[ERR: 13:54]: No DocBlock was found for Property $arguments on line 31
[ERR: 13:54]: No DocBlock was found for Property $interactive on line 32
[ERR: 13:54]: No DocBlock was found for Method isInteractive on line 78
[ERR: 13:54]: No DocBlock was found for Method setInteractive on line 83
[INFO: 13:54]: Starting to parse file: /home/mvriel/Projects/Personal/symfony/src/Symfony/Components/DependencyInjection/ParameterBag/ParameterBagInterface.php
[ERR: 13:54]: No Page-level DocBlock was found for /home/mvriel/Projects/Personal/symfony/src/Symfony/Components/DependencyInjection/ParameterBag/ParameterBagInterface.php
[INFO: 13:54]: Starting to parse file: /home/mvriel/Projects/Personal/symfony/src/Symfony/Components/DependencyInjection/ParameterBag/ParameterBag.php
[ERR: 13:54]: No Page-level DocBlock was found for /home/mvriel/Projects/Personal/symfony/src/Symfony/Components/DependencyInjection/ParameterBag/ParameterBag.php
[ERR: 13:54]: No DocBlock was found for Property $parameters on line 22
[ERR: 13:54]: No DocBlock was found for Method resolveValueCallback on line 149
[INFO: 13:54]: Starting to parse file: /home/mvriel/Projects/Personal/symfony/src/Symfony/Components/DependencyInjection/ParameterBag/FrozenParameterBag.php
[ERR: 13:54]: No Page-level DocBlock was found for /home/mvriel/Projects/Personal/symfony/src/Symfony/Components/DependencyInjection/ParameterBag/FrozenParameterBag.php
[ERR: 13:54]: No DocBlock was found for Method clear on line 34
[INFO: 13:54]: Starting to parse file: /home/mvriel/Projects/Personal/symfony/src/Symfony/Components/DependencyInjection/Loader/Loader.php
[ERR: 13:54]: No Page-level DocBlock was found for /home/mvriel/Projects/Personal/symfony/src/Symfony/Components/DependencyInjection/Loader/Loader.php
[ERR: 13:54]: No DocBlock was found for Property $container on line 25
[ERR: 13:54]: No DocBlock was found for Property $resolver on line 26
[INFO: 13:54]: Starting to parse file: /home/mvriel/Projects/Personal/symfony/src/Symfony/Components/DependencyInjection/Loader/IniFileLoader.php
[ERR: 13:54]: No Page-level DocBlock was found for /home/mvriel/Projects/Personal/symfony/src/Symfony/Components/DependencyInjection/Loader/IniFileLoader.php
[INFO: 13:54]: Starting to parse file: /home/mvriel/Projects/Personal/symfony/src/Symfony/Components/DependencyInjection/Loader/XmlFileLoader.php
[ERR: 13:54]: No Page-level DocBlock was found for /home/mvriel/Projects/Personal/symfony/src/Symfony/Components/DependencyInjection/Loader/XmlFileLoader.php
[ERR: 13:54]: No DocBlock was found for Method parseParameters on line 70
[ERR: 13:54]: No DocBlock was found for Method parseImports on line 79
[ERR: 13:54]: No DocBlock was found for Method parseDefinitions on line 91
[ERR: 13:54]: No DocBlock was found for Method parseDefinition on line 102
[ERR: 13:54]: No DocBlock was found for Method processAnonymousServices on line 177
[ERR: 13:54]: No DocBlock was found for Method validate on line 205
[ERR: 13:54]: No DocBlock was found for Method getXmlErrors on line 284
[ERR: 13:54]: No DocBlock was found for Method loadFromExtensions on line 303
[INFO: 13:54]: Starting to parse file: /home/mvriel/Projects/Personal/symfony/src/Symfony/Components/DependencyInjection/Loader/FileLoader.php
[ERR: 13:54]: No Page-level DocBlock was found for /home/mvriel/Projects/Personal/symfony/src/Symfony/Components/DependencyInjection/Loader/FileLoader.php
[ERR: 13:54]: No DocBlock was found for Property $currentDir on line 25
[ERR: 13:54]: No DocBlock was found for Property $paths on line 26
[ERR: 13:54]: No DocBlock was found for Method getAbsolutePath on line 74
[ERR: 13:54]: No DocBlock was found for Method isAbsolutePath on line 91
[INFO: 13:54]: Starting to parse file: /home/mvriel/Projects/Personal/symfony/src/Symfony/Components/DependencyInjection/Loader/LoaderResolverInterface.php
[ERR: 13:54]: No Page-level DocBlock was found for /home/mvriel/Projects/Personal/symfony/src/Symfony/Components/DependencyInjection/Loader/LoaderResolverInterface.php
[INFO: 13:54]: Starting to parse file: /home/mvriel/Projects/Personal/symfony/src/Symfony/Components/DependencyInjection/Loader/YamlFileLoader.php
[ERR: 13:54]: No Page-level DocBlock was found for /home/mvriel/Projects/Personal/symfony/src/Symfony/Components/DependencyInjection/Loader/YamlFileLoader.php
[ERR: 13:54]: No DocBlock was found for Method parseImports on line 78
[ERR: 13:54]: No DocBlock was found for Method parseDefinitions on line 90
[ERR: 13:54]: No DocBlock was found for Method parseDefinition on line 101
[ERR: 13:54]: No DocBlock was found for Method loadFile on line 161
[ERR: 13:54]: No DocBlock was found for Method resolveServices on line 200
[ERR: 13:54]: No DocBlock was found for Method loadFromExtensions on line 213
[INFO: 13:54]: Starting to parse file: /home/mvriel/Projects/Personal/symfony/src/Symfony/Components/DependencyInjection/Loader/DelegatingLoader.php
[ERR: 13:54]: No Page-level DocBlock was found for /home/mvriel/Projects/Personal/symfony/src/Symfony/Components/DependencyInjection/Loader/DelegatingLoader.php
[ERR: 13:54]: No DocBlock was found for Property $resolver on line 23
[INFO: 13:54]: Starting to parse file: /home/mvriel/Projects/Personal/symfony/src/Symfony/Components/DependencyInjection/Loader/LoaderInterface.php
[ERR: 13:54]: No Page-level DocBlock was found for /home/mvriel/Projects/Personal/symfony/src/Symfony/Components/DependencyInjection/Loader/LoaderInterface.php
[INFO: 13:54]: Starting to parse file: /home/mvriel/Projects/Personal/symfony/src/Symfony/Components/DependencyInjection/Loader/ClosureLoader.php
[ERR: 13:54]: No Page-level DocBlock was found for /home/mvriel/Projects/Personal/symfony/src/Symfony/Components/DependencyInjection/Loader/ClosureLoader.php
[INFO: 13:54]: Starting to parse file: /home/mvriel/Projects/Personal/symfony/src/Symfony/Components/DependencyInjection/Loader/PhpFileLoader.php
[ERR: 13:54]: No Page-level DocBlock was found for /home/mvriel/Projects/Personal/symfony/src/Symfony/Components/DependencyInjection/Loader/PhpFileLoader.php
[INFO: 13:54]: Starting to parse file: /home/mvriel/Projects/Personal/symfony/src/Symfony/Components/DependencyInjection/Loader/LoaderResolver.php
[ERR: 13:54]: No Page-level DocBlock was found for /home/mvriel/Projects/Personal/symfony/src/Symfony/Components/DependencyInjection/Loader/LoaderResolver.php
[ERR: 13:54]: No DocBlock was found for Property $loaders on line 23
[INFO: 13:54]: Starting to parse file: /home/mvriel/Projects/Personal/symfony/src/Symfony/Components/DependencyInjection/SimpleXMLElement.php
[ERR: 13:54]: No Page-level DocBlock was found for /home/mvriel/Projects/Personal/symfony/src/Symfony/Components/DependencyInjection/SimpleXMLElement.php
[ERR: 13:54]: No DocBlock was found for Method getAttributeAsPhp on line 23
[ERR: 13:54]: No DocBlock was found for Method getArgumentsAsPhp on line 28
[ERR: 13:54]: No DocBlock was found for Method phpize on line 66
[INFO: 13:54]: Starting to parse file: /home/mvriel/Projects/Personal/symfony/src/Symfony/Components/DependencyInjection/Container.php
[ERR: 13:54]: No Page-level DocBlock was found for /home/mvriel/Projects/Personal/symfony/src/Symfony/Components/DependencyInjection/Container.php
[ERR: 13:54]: No DocBlock was found for Property $parameterBag on line 59
[ERR: 13:54]: No DocBlock was found for Property $services on line 60
[ERR: 13:54]: No DocBlock was found for Method camelize on line 275
[ERR: 13:54]: No DocBlock was found for Method underscore on line 280
[INFO: 13:54]: Starting to parse file: /home/mvriel/Projects/Personal/symfony/src/Symfony/Components/DependencyInjection/Dumper/GraphvizDumper.php
[ERR: 13:54]: No Page-level DocBlock was found for /home/mvriel/Projects/Personal/symfony/src/Symfony/Components/DependencyInjection/Dumper/GraphvizDumper.php
[ERR: 13:54]: No DocBlock was found for Property $nodes on line 32
[ERR: 13:54]: No DocBlock was found for Property $edges on line 33
[ERR: 13:54]: No DocBlock was found for Method addNodes on line 85
[ERR: 13:54]: No DocBlock was found for Method addEdges on line 97
[ERR: 13:54]: No DocBlock was found for Method findEdges on line 109
[ERR: 13:54]: No DocBlock was found for Method findNodes on line 133
[ERR: 13:54]: No DocBlock was found for Method startDot on line 160
[ERR: 13:54]: No DocBlock was found for Method endDot on line 171
[ERR: 13:54]: No DocBlock was found for Method addAttributes on line 176
[ERR: 13:54]: No DocBlock was found for Method addOptions on line 186
[ERR: 13:54]: No DocBlock was found for Method dotize on line 196
[ERR: 13:54]: No DocBlock was found for Method getAliases on line 201
[INFO: 13:54]: Starting to parse file: /home/mvriel/Projects/Personal/symfony/src/Symfony/Components/DependencyInjection/Dumper/PhpDumper.php
[ERR: 13:54]: No Page-level DocBlock was found for /home/mvriel/Projects/Personal/symfony/src/Symfony/Components/DependencyInjection/Dumper/PhpDumper.php
[ERR: 13:54]: No DocBlock was found for Method addServiceInclude on line 58
[ERR: 13:54]: No DocBlock was found for Method addServiceShared on line 65
[ERR: 13:54]: No DocBlock was found for Method addServiceReturn on line 76
[ERR: 13:54]: No DocBlock was found for Method addServiceInstance on line 86
[ERR: 13:54]: No DocBlock was found for Method addServiceMethodCalls on line 118
[ERR: 13:54]: No DocBlock was found for Method addServiceConfigurator on line 133
[ERR: 13:54]: No DocBlock was found for Method addService on line 150
[ERR: 13:54]: No DocBlock was found for Property $code on line 183
[ERR: 13:54]: No DocBlock was found for Property $this on line 184
[ERR: 13:54]: No DocBlock was found for Property $id on line 184
[ERR: 13:54]: No DocBlock was found for Property $definition on line 184
[ERR: 13:54]: No DocBlock was found for Property $this on line 185
[ERR: 13:54]: No DocBlock was found for Property $id on line 185
[ERR: 13:54]: No DocBlock was found for Property $definition on line 185
[ERR: 13:54]: No DocBlock was found for Property $this on line 186
[ERR: 13:54]: No DocBlock was found for Property $id on line 186
[ERR: 13:54]: No DocBlock was found for Property $definition on line 186
[ERR: 13:54]: No DocBlock was found for Property $this on line 187
[ERR: 13:54]: No DocBlock was found for Property $id on line 187
[ERR: 13:54]: No DocBlock was found for Property $definition on line 187
[ERR: 13:54]: No DocBlock was found for Property $this on line 188
[ERR: 13:54]: No DocBlock was found for Property $id on line 188
[ERR: 13:54]: No DocBlock was found for Property $definition on line 188
[ERR: 13:54]: No DocBlock was found for Property $this on line 189
[ERR: 13:54]: No DocBlock was found for Property $id on line 189
[ERR: 13:54]: No DocBlock was found for Property $definition on line 189
[ERR: 13:54]: No DocBlock was found for Property $code on line 192
[ERR: 13:54]: No DocBlock was found for Function addServiceAlias on line 195
[ERR: 13:54]: No DocBlock was found for Function addServices on line 220
[ERR: 13:54]: No DocBlock was found for Function addAnnotations on line 234
[ERR: 13:54]: No DocBlock was found for Function startClass on line 267
[ERR: 13:54]: No DocBlock was found for Function addConstructor on line 293
[ERR: 13:54]: No DocBlock was found for Function addDefaultParametersMethod on line 310
[ERR: 13:54]: No DocBlock was found for Function exportParameters on line 333
[ERR: 13:54]: No DocBlock was found for Function endClass on line 351
[ERR: 13:54]: No DocBlock was found for Function wrapServiceConditionals on line 359
[ERR: 13:54]: No DocBlock was found for Function dumpValue on line 376
[ERR: 13:54]: No DocBlock was found for Function dumpParameter on line 415
[ERR: 13:54]: No DocBlock was found for Function getServiceCall on line 424
[INFO: 13:54]: Starting to parse file: /home/mvriel/Projects/Personal/symfony/src/Symfony/Components/DependencyInjection/Dumper/Dumper.php
[ERR: 13:54]: No Page-level DocBlock was found for /home/mvriel/Projects/Personal/symfony/src/Symfony/Components/DependencyInjection/Dumper/Dumper.php
[ERR: 13:54]: No DocBlock was found for Property $container on line 25
[INFO: 13:54]: Starting to parse file: /home/mvriel/Projects/Personal/symfony/src/Symfony/Components/DependencyInjection/Dumper/XmlDumper.php
[ERR: 13:54]: No Page-level DocBlock was found for /home/mvriel/Projects/Personal/symfony/src/Symfony/Components/DependencyInjection/Dumper/XmlDumper.php
[ERR: 13:54]: No DocBlock was found for Method addParameters on line 39
[ERR: 13:54]: No DocBlock was found for Method addService on line 54
[ERR: 13:54]: No DocBlock was found for Method addServiceAlias on line 109
[ERR: 13:54]: No DocBlock was found for Method addServices on line 114
[ERR: 13:54]: No DocBlock was found for Method convertParameters on line 132
[ERR: 13:54]: No DocBlock was found for Method startXml on line 159
[ERR: 13:54]: No DocBlock was found for Method endXml on line 171
[ERR: 13:54]: No DocBlock was found for Method getXmlInvalidBehavior on line 176
[ERR: 13:54]: No DocBlock was found for Method escape on line 188
[INFO: 13:54]: Starting to parse file: /home/mvriel/Projects/Personal/symfony/src/Symfony/Components/DependencyInjection/Dumper/DumperInterface.php
[ERR: 13:54]: No Page-level DocBlock was found for /home/mvriel/Projects/Personal/symfony/src/Symfony/Components/DependencyInjection/Dumper/DumperInterface.php
[INFO: 13:54]: Starting to parse file: /home/mvriel/Projects/Personal/symfony/src/Symfony/Components/DependencyInjection/Dumper/YamlDumper.php
[ERR: 13:54]: No Page-level DocBlock was found for /home/mvriel/Projects/Personal/symfony/src/Symfony/Components/DependencyInjection/Dumper/YamlDumper.php
[ERR: 13:54]: No DocBlock was found for Method addService on line 40
[ERR: 13:54]: No DocBlock was found for Method addServiceAlias on line 102
[ERR: 13:54]: No DocBlock was found for Method addServices on line 107
[ERR: 13:54]: No DocBlock was found for Method addParameters on line 125
[ERR: 13:54]: No DocBlock was found for Method getServiceCall on line 163
[ERR: 13:54]: No DocBlock was found for Method getParameterCall on line 172
[ERR: 13:54]: No DocBlock was found for Method prepareParameters on line 177
[ERR: 13:54]: No DocBlock was found for Method escape on line 193
[INFO: 13:54]: Starting to parse file: /home/mvriel/Projects/Personal/symfony/src/Symfony/Components/DependencyInjection/Extension/Extension.php
[ERR: 13:54]: No Page-level DocBlock was found for /home/mvriel/Projects/Personal/symfony/src/Symfony/Components/DependencyInjection/Extension/Extension.php
[INFO: 13:54]: Starting to parse file: /home/mvriel/Projects/Personal/symfony/src/Symfony/Components/DependencyInjection/Extension/ExtensionInterface.php
[ERR: 13:54]: No Page-level DocBlock was found for /home/mvriel/Projects/Personal/symfony/src/Symfony/Components/DependencyInjection/Extension/ExtensionInterface.php
[INFO: 13:54]: Starting to parse file: /home/mvriel/Projects/Personal/symfony/src/Symfony/Components/DependencyInjection/Definition.php
[ERR: 13:54]: No Page-level DocBlock was found for /home/mvriel/Projects/Personal/symfony/src/Symfony/Components/DependencyInjection/Definition.php
[ERR: 13:54]: No DocBlock was found for Property $file on line 24
[ERR: 13:54]: No DocBlock was found for Property $factoryMethod on line 25
[ERR: 13:54]: No DocBlock was found for Property $factoryService on line 26
[ERR: 13:54]: No DocBlock was found for Property $shared on line 27
[ERR: 13:54]: No DocBlock was found for Property $arguments on line 28
[ERR: 13:54]: No DocBlock was found for Property $calls on line 29
[ERR: 13:54]: No DocBlock was found for Property $configurator on line 30
[ERR: 13:54]: No DocBlock was found for Property $annotations on line 31
[INFO: 13:55]: Starting to parse file: /home/mvriel/Projects/Personal/symfony/src/Symfony/Components/DependencyInjection/ContainerInterface.php
[ERR: 13:55]: No Page-level DocBlock was found for /home/mvriel/Projects/Personal/symfony/src/Symfony/Components/DependencyInjection/ContainerInterface.php
[ERR: 13:55]: No DocBlock was found for Constant NULL_ON_INVALID_REFERENCE on line 24
[ERR: 13:55]: No DocBlock was found for Constant IGNORE_ON_INVALID_REFERENCE on line 25
[INFO: 13:55]: Starting to parse file: /home/mvriel/Projects/Personal/symfony/src/Symfony/Components/DependencyInjection/AnnotatedContainerInterface.php
[ERR: 13:55]: No Page-level DocBlock was found for /home/mvriel/Projects/Personal/symfony/src/Symfony/Components/DependencyInjection/AnnotatedContainerInterface.php
[INFO: 13:55]: Starting to parse file: /home/mvriel/Projects/Personal/symfony/src/Symfony/Components/DependencyInjection/Reference.php
[ERR: 13:55]: No Page-level DocBlock was found for /home/mvriel/Projects/Personal/symfony/src/Symfony/Components/DependencyInjection/Reference.php
[ERR: 13:55]: No DocBlock was found for Property $invalidBehavior on line 24
[ERR: 13:55]: No DocBlock was found for Method getInvalidBehavior on line 50
[INFO: 13:55]: Starting to parse file: /home/mvriel/Projects/Personal/symfony/src/Symfony/Components/DependencyInjection/Resource/FileResource.php
[ERR: 13:55]: No Page-level DocBlock was found for /home/mvriel/Projects/Personal/symfony/src/Symfony/Components/DependencyInjection/Resource/FileResource.php
[ERR: 13:55]: No DocBlock was found for Property $resource on line 23
[INFO: 13:55]: Starting to parse file: /home/mvriel/Projects/Personal/symfony/src/Symfony/Components/DependencyInjection/Resource/ResourceInterface.php
[ERR: 13:55]: No Page-level DocBlock was found for /home/mvriel/Projects/Personal/symfony/src/Symfony/Components/DependencyInjection/Resource/ResourceInterface.php
[INFO: 13:55]: Starting to parse file: /home/mvriel/Projects/Personal/symfony/src/Symfony/Components/DependencyInjection/Parameter.php
[ERR: 13:55]: No Page-level DocBlock was found for /home/mvriel/Projects/Personal/symfony/src/Symfony/Components/DependencyInjection/Parameter.php
[INFO: 13:55]: Starting to parse file: /home/mvriel/Projects/Personal/symfony/src/Symfony/Components/DependencyInjection/ContainerBuilder.php
[ERR: 13:55]: No Page-level DocBlock was found for /home/mvriel/Projects/Personal/symfony/src/Symfony/Components/DependencyInjection/ContainerBuilder.php
[ERR: 13:55]: No DocBlock was found for Property $extensions on line 27
[ERR: 13:55]: No DocBlock was found for Property $definitions on line 29
[ERR: 13:55]: No DocBlock was found for Property $aliases on line 30
[ERR: 13:55]: No DocBlock was found for Property $loading on line 31
[ERR: 13:55]: No DocBlock was found for Property $resources on line 32
[ERR: 13:55]: No DocBlock was found for Property $extensionContainers on line 33
[ERR: 13:55]: No DocBlock was found for Method hasExtension on line 61
[ERR: 13:55]: No DocBlock was found for Method getServiceConditionals on line 593
[INFO: 13:55]: Starting to parse file: /home/mvriel/Projects/Personal/symfony/src/Symfony/Components/BrowserKit/Cookie.php
[ERR: 13:55]: No Page-level DocBlock was found for /home/mvriel/Projects/Personal/symfony/src/Symfony/Components/BrowserKit/Cookie.php
[ERR: 13:55]: No DocBlock was found for Property $name on line 25
[ERR: 13:55]: No DocBlock was found for Property $value on line 26
[ERR: 13:55]: No DocBlock was found for Property $expires on line 27
[ERR: 13:55]: No DocBlock was found for Property $path on line 28
[ERR: 13:55]: No DocBlock was found for Property $domain on line 29
[ERR: 13:55]: No DocBlock was found for Property $secure on line 30
[ERR: 13:55]: No DocBlock was found for Property $httponly on line 31
[INFO: 13:55]: Starting to parse file: /home/mvriel/Projects/Personal/symfony/src/Symfony/Components/BrowserKit/History.php
[ERR: 13:55]: No Page-level DocBlock was found for /home/mvriel/Projects/Personal/symfony/src/Symfony/Components/BrowserKit/History.php
[ERR: 13:55]: No DocBlock was found for Property $position on line 24
[INFO: 13:55]: Starting to parse file: /home/mvriel/Projects/Personal/symfony/src/Symfony/Components/BrowserKit/Response.php
[ERR: 13:55]: No Page-level DocBlock was found for /home/mvriel/Projects/Personal/symfony/src/Symfony/Components/BrowserKit/Response.php
[ERR: 13:55]: No DocBlock was found for Property $status on line 24
[ERR: 13:55]: No DocBlock was found for Property $headers on line 25
[ERR: 13:55]: No DocBlock was found for Method __toString on line 44
[INFO: 13:55]: Starting to parse file: /home/mvriel/Projects/Personal/symfony/src/Symfony/Components/BrowserKit/Request.php
[ERR: 13:55]: No Page-level DocBlock was found for /home/mvriel/Projects/Personal/symfony/src/Symfony/Components/BrowserKit/Request.php
[ERR: 13:55]: No DocBlock was found for Property $method on line 24
[ERR: 13:55]: No DocBlock was found for Property $parameters on line 25
[ERR: 13:55]: No DocBlock was found for Property $files on line 26
[ERR: 13:55]: No DocBlock was found for Property $cookies on line 27
[ERR: 13:55]: No DocBlock was found for Property $server on line 28
[INFO: 13:55]: Starting to parse file: /home/mvriel/Projects/Personal/symfony/src/Symfony/Components/BrowserKit/Client.php
[ERR: 13:55]: No Page-level DocBlock was found for /home/mvriel/Projects/Personal/symfony/src/Symfony/Components/BrowserKit/Client.php
[ERR: 13:55]: No DocBlock was found for Property $history on line 33
[ERR: 13:55]: No DocBlock was found for Property $cookieJar on line 34
[ERR: 13:55]: No DocBlock was found for Property $server on line 35
[ERR: 13:55]: No DocBlock was found for Property $request on line 36
[ERR: 13:55]: No DocBlock was found for Property $response on line 37
[ERR: 13:55]: No DocBlock was found for Property $crawler on line 38
[ERR: 13:55]: No DocBlock was found for Property $insulated on line 39
[ERR: 13:55]: No DocBlock was found for Property $redirect on line 40
[ERR: 13:55]: No DocBlock was found for Property $followRedirects on line 41
[ERR: 13:55]: No DocBlock was found for Method filterRequest on line 267
[ERR: 13:55]: No DocBlock was found for Method filterResponse on line 272
[ERR: 13:55]: No DocBlock was found for Method createCrawlerFromContent on line 277
[ERR: 13:55]: No DocBlock was found for Method getAbsoluteUri on line 336
[INFO: 13:55]: Starting to parse file: /home/mvriel/Projects/Personal/symfony/src/Symfony/Components/BrowserKit/CookieJar.php
[ERR: 13:55]: No Page-level DocBlock was found for /home/mvriel/Projects/Personal/symfony/src/Symfony/Components/BrowserKit/CookieJar.php
[INFO: 13:55]: Starting to parse file: /home/mvriel/Projects/Personal/symfony/src/Symfony/Components/OutputEscaper/ObjectDecorator.php
[ERR: 13:55]: No Page-level DocBlock was found for /home/mvriel/Projects/Personal/symfony/src/Symfony/Components/OutputEscaper/ObjectDecorator.php
[INFO: 13:55]: Starting to parse file: /home/mvriel/Projects/Personal/symfony/src/Symfony/Components/OutputEscaper/GetterDecorator.php
[ERR: 13:55]: No Page-level DocBlock was found for /home/mvriel/Projects/Personal/symfony/src/Symfony/Components/OutputEscaper/GetterDecorator.php
[INFO: 13:55]: Starting to parse file: /home/mvriel/Projects/Personal/symfony/src/Symfony/Components/OutputEscaper/ArrayDecorator.php
[ERR: 13:55]: No Page-level DocBlock was found for /home/mvriel/Projects/Personal/symfony/src/Symfony/Components/OutputEscaper/ArrayDecorator.php
[INFO: 13:55]: Starting to parse file: /home/mvriel/Projects/Personal/symfony/src/Symfony/Components/OutputEscaper/IteratorDecorator.php
[ERR: 13:55]: No Page-level DocBlock was found for /home/mvriel/Projects/Personal/symfony/src/Symfony/Components/OutputEscaper/IteratorDecorator.php
[INFO: 13:55]: Starting to parse file: /home/mvriel/Projects/Personal/symfony/src/Symfony/Components/OutputEscaper/Escaper.php
[ERR: 13:55]: No Page-level DocBlock was found for /home/mvriel/Projects/Personal/symfony/src/Symfony/Components/OutputEscaper/Escaper.php
[ERR: 13:55]: No DocBlock was found for Property $charset on line 39
[ERR: 13:55]: No DocBlock was found for Property $safeClasses on line 40
[ERR: 13:55]: No DocBlock was found for Property $escapers on line 41
[INFO: 13:55]: Starting to parse file: /home/mvriel/Projects/Personal/symfony/src/Symfony/Components/OutputEscaper/SafeDecorator.php
[ERR: 13:55]: No Page-level DocBlock was found for /home/mvriel/Projects/Personal/symfony/src/Symfony/Components/OutputEscaper/SafeDecorator.php
[ERR: 13:55]: No DocBlock was found for Property $value on line 23
[ERR: 13:55]: No DocBlock was found for Method __toString on line 39
[ERR: 13:55]: No DocBlock was found for Method __get on line 44
[ERR: 13:55]: No DocBlock was found for Method __set on line 49
[ERR: 13:55]: No DocBlock was found for Method __call on line 54
[ERR: 13:55]: No DocBlock was found for Method __isset on line 59
[ERR: 13:55]: No DocBlock was found for Method __unset on line 64
[INFO: 13:55]: Starting to parse file: /home/mvriel/Projects/Personal/symfony/src/Symfony/Components/Finder/Glob.php
[ERR: 13:55]: No Page-level DocBlock was found for /home/mvriel/Projects/Personal/symfony/src/Symfony/Components/Finder/Glob.php
[INFO: 13:55]: Starting to parse file: /home/mvriel/Projects/Personal/symfony/src/Symfony/Components/Finder/Finder.php
[ERR: 13:55]: No Page-level DocBlock was found for /home/mvriel/Projects/Personal/symfony/src/Symfony/Components/Finder/Finder.php
[ERR: 13:55]: No DocBlock was found for Property $mode on line 32
[ERR: 13:55]: No DocBlock was found for Property $names on line 33
[ERR: 13:55]: No DocBlock was found for Property $notNames on line 34
[ERR: 13:55]: No DocBlock was found for Property $exclude on line 35
[ERR: 13:55]: No DocBlock was found for Property $filters on line 36
[ERR: 13:55]: No DocBlock was found for Property $depths on line 37
[ERR: 13:55]: No DocBlock was found for Property $sizes on line 38
[ERR: 13:55]: No DocBlock was found for Property $followLinks on line 39
[ERR: 13:55]: No DocBlock was found for Property $sort on line 40
[ERR: 13:55]: No DocBlock was found for Property $ignoreVCS on line 41
[ERR: 13:55]: No DocBlock was found for Property $dirs on line 42
[ERR: 13:55]: No DocBlock was found for Property $dates on line 43
[ERR: 13:55]: No DocBlock was found for Method searchInDirectory on line 341
[INFO: 13:55]: Starting to parse file: /home/mvriel/Projects/Personal/symfony/src/Symfony/Components/Finder/Iterator/SizeRangeFilterIterator.php
[ERR: 13:55]: No Page-level DocBlock was found for /home/mvriel/Projects/Personal/symfony/src/Symfony/Components/Finder/Iterator/SizeRangeFilterIterator.php
[ERR: 13:55]: No DocBlock was found for Property $comparators on line 23
[INFO: 13:55]: Starting to parse file: /home/mvriel/Projects/Personal/symfony/src/Symfony/Components/Finder/Iterator/IgnoreVcsFilterIterator.php
[ERR: 13:55]: No Page-level DocBlock was found for /home/mvriel/Projects/Personal/symfony/src/Symfony/Components/Finder/Iterator/IgnoreVcsFilterIterator.php
[INFO: 13:55]: Starting to parse file: /home/mvriel/Projects/Personal/symfony/src/Symfony/Components/Finder/Iterator/DepthRangeFilterIterator.php
[ERR: 13:55]: No Page-level DocBlock was found for /home/mvriel/Projects/Personal/symfony/src/Symfony/Components/Finder/Iterator/DepthRangeFilterIterator.php
[ERR: 13:55]: No DocBlock was found for Property $minDepth on line 23
[INFO: 13:55]: Starting to parse file: /home/mvriel/Projects/Personal/symfony/src/Symfony/Components/Finder/Iterator/FilenameFilterIterator.php
[ERR: 13:55]: No Page-level DocBlock was found for /home/mvriel/Projects/Personal/symfony/src/Symfony/Components/Finder/Iterator/FilenameFilterIterator.php
[ERR: 13:55]: No DocBlock was found for Property $matchRegexps on line 25
[ERR: 13:55]: No DocBlock was found for Property $noMatchRegexps on line 26
[ERR: 13:55]: No DocBlock was found for Method toRegex on line 88
[INFO: 13:55]: Starting to parse file: /home/mvriel/Projects/Personal/symfony/src/Symfony/Components/Finder/Iterator/FileTypeFilterIterator.php
[ERR: 13:55]: No Page-level DocBlock was found for /home/mvriel/Projects/Personal/symfony/src/Symfony/Components/Finder/Iterator/FileTypeFilterIterator.php
[ERR: 13:55]: No DocBlock was found for Constant ONLY_FILES on line 23
[ERR: 13:55]: No DocBlock was found for Constant ONLY_DIRECTORIES on line 24
[ERR: 13:55]: No DocBlock was found for Property $mode on line 26
[INFO: 13:55]: Starting to parse file: /home/mvriel/Projects/Personal/symfony/src/Symfony/Components/Finder/Iterator/SortableIterator.php
[ERR: 13:55]: No Page-level DocBlock was found for /home/mvriel/Projects/Personal/symfony/src/Symfony/Components/Finder/Iterator/SortableIterator.php
[ERR: 13:55]: No DocBlock was found for Constant SORT_BY_NAME on line 23
[ERR: 13:55]: No DocBlock was found for Constant SORT_BY_TYPE on line 24
[INFO: 13:55]: Starting to parse file: /home/mvriel/Projects/Personal/symfony/src/Symfony/Components/Finder/Iterator/CustomFilterIterator.php
[ERR: 13:55]: No Page-level DocBlock was found for /home/mvriel/Projects/Personal/symfony/src/Symfony/Components/Finder/Iterator/CustomFilterIterator.php
[ERR: 13:55]: No DocBlock was found for Property $filters on line 26
[INFO: 13:55]: Starting to parse file: /home/mvriel/Projects/Personal/symfony/src/Symfony/Components/Finder/Iterator/ExcludeDirectoryFilterIterator.php
[ERR: 13:55]: No Page-level DocBlock was found for /home/mvriel/Projects/Personal/symfony/src/Symfony/Components/Finder/Iterator/ExcludeDirectoryFilterIterator.php
[ERR: 13:55]: No DocBlock was found for Property $patterns on line 23
[INFO: 13:55]: Starting to parse file: /home/mvriel/Projects/Personal/symfony/src/Symfony/Components/Finder/Iterator/DateRangeFilterIterator.php
[ERR: 13:55]: No Page-level DocBlock was found for /home/mvriel/Projects/Personal/symfony/src/Symfony/Components/Finder/Iterator/DateRangeFilterIterator.php
[ERR: 13:55]: No DocBlock was found for Property $comparators on line 23
[INFO: 13:55]: Starting to parse file: /home/mvriel/Projects/Personal/symfony/src/Symfony/Components/Finder/Comparator/DateComparator.php
[ERR: 13:55]: No Page-level DocBlock was found for /home/mvriel/Projects/Personal/symfony/src/Symfony/Components/Finder/Comparator/DateComparator.php
[ERR: 13:55]: No DocBlock was found for Property $target on line 23
[ERR: 13:55]: No DocBlock was found for Property $comparison on line 24
[INFO: 13:55]: Starting to parse file: /home/mvriel/Projects/Personal/symfony/src/Symfony/Components/Finder/Comparator/NumberComparator.php
[ERR: 13:55]: No Page-level DocBlock was found for /home/mvriel/Projects/Personal/symfony/src/Symfony/Components/Finder/Comparator/NumberComparator.php
[INFO: 13:55]: Starting to parse file: /home/mvriel/Projects/Personal/symfony/src/Symfony/Components/Finder/Comparator/Comparator.php
[ERR: 13:55]: No Page-level DocBlock was found for /home/mvriel/Projects/Personal/symfony/src/Symfony/Components/Finder/Comparator/Comparator.php
[ERR: 13:55]: No DocBlock was found for Property $operator on line 24
[INFO: 13:55]: Starting to parse file: /home/mvriel/Projects/Personal/symfony/src/Symfony/Components/Validator/ConstraintValidator.php
[ERR: 13:55]: No Page-level DocBlock was found for /home/mvriel/Projects/Personal/symfony/src/Symfony/Components/Validator/ConstraintValidator.php
[ERR: 13:55]: No DocBlock was found for Class ConstraintValidator on line 5
[ERR: 13:55]: No DocBlock was found for Property $context on line 7
[ERR: 13:55]: No DocBlock was found for Property $messageTemplate on line 8
[ERR: 13:55]: No DocBlock was found for Property $messageParameters on line 9
[ERR: 13:55]: No DocBlock was found for Method initialize on line 11
[ERR: 13:55]: No DocBlock was found for Method getMessageTemplate on line 18
[ERR: 13:55]: No DocBlock was found for Method getMessageParameters on line 23
[ERR: 13:55]: No DocBlock was found for Method setMessage on line 28
[INFO: 13:55]: Starting to parse file: /home/mvriel/Projects/Personal/symfony/src/Symfony/Components/Validator/ConstraintValidatorFactory.php
[ERR: 13:55]: No Page-level DocBlock was found for /home/mvriel/Projects/Personal/symfony/src/Symfony/Components/Validator/ConstraintValidatorFactory.php
[ERR: 13:55]: No DocBlock was found for Class ConstraintValidatorFactory on line 8
[ERR: 13:55]: No DocBlock was found for Property $validators on line 10
[ERR: 13:55]: No DocBlock was found for Method getInstance on line 12
[INFO: 13:55]: Starting to parse file: /home/mvriel/Projects/Personal/symfony/src/Symfony/Components/Validator/ConstraintValidatorInterface.php
[ERR: 13:55]: No Page-level DocBlock was found for /home/mvriel/Projects/Personal/symfony/src/Symfony/Components/Validator/ConstraintValidatorInterface.php
[ERR: 13:55]: No DocBlock was found for Interface ConstraintValidatorInterface on line 5
[ERR: 13:55]: No DocBlock was found for Method initialize on line 7
[INFO: 13:55]: Starting to parse file: /home/mvriel/Projects/Personal/symfony/src/Symfony/Components/Validator/Constraint.php
[ERR: 13:55]: No Page-level DocBlock was found for /home/mvriel/Projects/Personal/symfony/src/Symfony/Components/Validator/Constraint.php
[ERR: 13:55]: No DocBlock was found for Property $groups on line 24
[INFO: 13:55]: Starting to parse file: /home/mvriel/Projects/Personal/symfony/src/Symfony/Components/Validator/Validator.php
[ERR: 13:55]: No Page-level DocBlock was found for /home/mvriel/Projects/Personal/symfony/src/Symfony/Components/Validator/Validator.php
[ERR: 13:55]: No DocBlock was found for Class Validator on line 10
[ERR: 13:55]: No DocBlock was found for Property $metadataFactory on line 12
[ERR: 13:55]: No DocBlock was found for Property $validatorFactory on line 13
[ERR: 13:55]: No DocBlock was found for Property $messageInterpolator on line 14
[ERR: 13:55]: No DocBlock was found for Method __construct on line 16
[ERR: 13:55]: No DocBlock was found for Method validate on line 27
[ERR: 13:55]: No DocBlock was found for Method validateProperty on line 39
[ERR: 13:55]: No DocBlock was found for Method validatePropertyValue on line 51
[ERR: 13:55]: No DocBlock was found for Method validateValue on line 63
[ERR: 13:55]: No DocBlock was found for Method validateGraph on line 74
[ERR: 13:55]: No DocBlock was found for Method buildSimpleGroupChain on line 97
[ERR: 13:55]: No DocBlock was found for Method buildGroupChain on line 114
[INFO: 13:55]: Starting to parse file: /home/mvriel/Projects/Personal/symfony/src/Symfony/Components/Validator/ConstraintValidatorFactoryInterface.php
[ERR: 13:55]: No Page-level DocBlock was found for /home/mvriel/Projects/Personal/symfony/src/Symfony/Components/Validator/ConstraintValidatorFactoryInterface.php
[ERR: 13:55]: No DocBlock was found for Interface ConstraintValidatorFactoryInterface on line 7
[ERR: 13:55]: No DocBlock was found for Method getInstance on line 9
[INFO: 13:55]: Starting to parse file: /home/mvriel/Projects/Personal/symfony/src/Symfony/Components/Validator/Extension/DependencyInjectionValidatorFactory.php
[ERR: 13:55]: No Page-level DocBlock was found for /home/mvriel/Projects/Personal/symfony/src/Symfony/Components/Validator/Extension/DependencyInjectionValidatorFactory.php
[ERR: 13:55]: No DocBlock was found for Property $container on line 24
[INFO: 13:55]: Starting to parse file: /home/mvriel/Projects/Personal/symfony/src/Symfony/Components/Validator/ValidatorInterface.php
[ERR: 13:55]: No Page-level DocBlock was found for /home/mvriel/Projects/Personal/symfony/src/Symfony/Components/Validator/ValidatorInterface.php
[INFO: 13:55]: Starting to parse file: /home/mvriel/Projects/Personal/symfony/src/Symfony/Components/Validator/GroupChain.php
[ERR: 13:55]: No Page-level DocBlock was found for /home/mvriel/Projects/Personal/symfony/src/Symfony/Components/Validator/GroupChain.php
[ERR: 13:55]: No DocBlock was found for Class GroupChain on line 7
[ERR: 13:55]: No DocBlock was found for Property $groups on line 9
[ERR: 13:55]: No DocBlock was found for Property $groupSequences on line 10
[ERR: 13:55]: No DocBlock was found for Method addGroup on line 12
[ERR: 13:55]: No DocBlock was found for Method addGroupSequence on line 17
[ERR: 13:55]: No DocBlock was found for Method getGroups on line 28
[ERR: 13:55]: No DocBlock was found for Method getGroupSequences on line 33
[INFO: 13:55]: Starting to parse file: /home/mvriel/Projects/Personal/symfony/src/Symfony/Components/Validator/ConstraintViolation.php
[ERR: 13:55]: No Page-level DocBlock was found for /home/mvriel/Projects/Personal/symfony/src/Symfony/Components/Validator/ConstraintViolation.php
[ERR: 13:55]: No DocBlock was found for Class ConstraintViolation on line 5
[ERR: 13:55]: No DocBlock was found for Property $message on line 7
[ERR: 13:55]: No DocBlock was found for Property $root on line 8
[ERR: 13:55]: No DocBlock was found for Property $propertyPath on line 9
[ERR: 13:55]: No DocBlock was found for Property $invalidValue on line 10
[ERR: 13:55]: No DocBlock was found for Method __construct on line 12
[ERR: 13:55]: No DocBlock was found for Method getMessage on line 20
[ERR: 13:55]: No DocBlock was found for Method getRoot on line 25
[ERR: 13:55]: No DocBlock was found for Method getPropertyPath on line 30
[ERR: 13:55]: No DocBlock was found for Method getInvalidValue on line 35
[INFO: 13:55]: Starting to parse file: /home/mvriel/Projects/Personal/symfony/src/Symfony/Components/Validator/Exception/MissingOptionsException.php
[ERR: 13:55]: No Page-level DocBlock was found for /home/mvriel/Projects/Personal/symfony/src/Symfony/Components/Validator/Exception/MissingOptionsException.php
[ERR: 13:55]: No DocBlock was found for Class MissingOptionsException on line 5
[ERR: 13:55]: No DocBlock was found for Property $options on line 7
[ERR: 13:55]: No DocBlock was found for Method __construct on line 9
[ERR: 13:55]: No DocBlock was found for Method getOptions on line 16
[INFO: 13:55]: Starting to parse file: /home/mvriel/Projects/Personal/symfony/src/Symfony/Components/Validator/Exception/InvalidOptionsException.php
[ERR: 13:55]: No Page-level DocBlock was found for /home/mvriel/Projects/Personal/symfony/src/Symfony/Components/Validator/Exception/InvalidOptionsException.php
[ERR: 13:55]: No DocBlock was found for Class InvalidOptionsException on line 5
[ERR: 13:55]: No DocBlock was found for Property $options on line 7
[ERR: 13:55]: No DocBlock was found for Method __construct on line 9
[ERR: 13:55]: No DocBlock was found for Method getOptions on line 16
[INFO: 13:55]: Starting to parse file: /home/mvriel/Projects/Personal/symfony/src/Symfony/Components/Validator/Exception/ValidatorException.php
[ERR: 13:55]: No Page-level DocBlock was found for /home/mvriel/Projects/Personal/symfony/src/Symfony/Components/Validator/Exception/ValidatorException.php
[ERR: 13:55]: No DocBlock was found for Class ValidatorException on line 5
[INFO: 13:55]: Starting to parse file: /home/mvriel/Projects/Personal/symfony/src/Symfony/Components/Validator/Exception/UnexpectedTypeException.php
[ERR: 13:55]: No Page-level DocBlock was found for /home/mvriel/Projects/Personal/symfony/src/Symfony/Components/Validator/Exception/UnexpectedTypeException.php
[ERR: 13:55]: No DocBlock was found for Class UnexpectedTypeException on line 5
[ERR: 13:55]: No DocBlock was found for Method __construct on line 7
[INFO: 13:55]: Starting to parse file: /home/mvriel/Projects/Personal/symfony/src/Symfony/Components/Validator/Exception/MappingException.php
[ERR: 13:55]: No Page-level DocBlock was found for /home/mvriel/Projects/Personal/symfony/src/Symfony/Components/Validator/Exception/MappingException.php
[ERR: 13:55]: No DocBlock was found for Class MappingException on line 5
[INFO: 13:55]: Starting to parse file: /home/mvriel/Projects/Personal/symfony/src/Symfony/Components/Validator/Exception/ConstraintDefinitionException.php
[ERR: 13:55]: No Page-level DocBlock was found for /home/mvriel/Projects/Personal/symfony/src/Symfony/Components/Validator/Exception/ConstraintDefinitionException.php
[ERR: 13:55]: No DocBlock was found for Class ConstraintDefinitionException on line 5
[INFO: 13:55]: Starting to parse file: /home/mvriel/Projects/Personal/symfony/src/Symfony/Components/Validator/MessageInterpolator/MessageInterpolatorInterface.php
[ERR: 13:55]: No Page-level DocBlock was found for /home/mvriel/Projects/Personal/symfony/src/Symfony/Components/Validator/MessageInterpolator/MessageInterpolatorInterface.php
[ERR: 13:55]: No DocBlock was found for Interface MessageInterpolatorInterface on line 5
[INFO: 13:55]: Starting to parse file: /home/mvriel/Projects/Personal/symfony/src/Symfony/Components/Validator/MessageInterpolator/XliffMessageInterpolator.php
[ERR: 13:55]: No Page-level DocBlock was found for /home/mvriel/Projects/Personal/symfony/src/Symfony/Components/Validator/MessageInterpolator/XliffMessageInterpolator.php
[ERR: 13:55]: No DocBlock was found for Class XliffMessageInterpolator on line 5
[ERR: 13:55]: No DocBlock was found for Property $translations on line 7
[INFO: 13:55]: Starting to parse file: /home/mvriel/Projects/Personal/symfony/src/Symfony/Components/Validator/GraphWalker.php
[ERR: 13:55]: No Page-level DocBlock was found for /home/mvriel/Projects/Personal/symfony/src/Symfony/Components/Validator/GraphWalker.php
[ERR: 13:55]: No DocBlock was found for Class GraphWalker on line 15
[ERR: 13:55]: No DocBlock was found for Property $context on line 17
[ERR: 13:55]: No DocBlock was found for Property $validatorFactory on line 18
[ERR: 13:55]: No DocBlock was found for Property $metadataFactory on line 19
[ERR: 13:55]: No DocBlock was found for Method __construct on line 21
[ERR: 13:55]: No DocBlock was found for Method getViolations on line 28
[ERR: 13:55]: No DocBlock was found for Method walkClass on line 33
[ERR: 13:55]: No DocBlock was found for Method walkProperty on line 50
[ERR: 13:55]: No DocBlock was found for Method walkPropertyValue on line 57
[ERR: 13:55]: No DocBlock was found for Method walkMember on line 64
[ERR: 13:55]: No DocBlock was found for Method walkConstraint on line 73
[INFO: 13:55]: Starting to parse file: /home/mvriel/Projects/Personal/symfony/src/Symfony/Components/Validator/ValidationContext.php
[ERR: 13:55]: No Page-level DocBlock was found for /home/mvriel/Projects/Personal/symfony/src/Symfony/Components/Validator/ValidationContext.php
[ERR: 13:55]: No DocBlock was found for Class ValidationContext on line 8
[ERR: 13:55]: No DocBlock was found for Property $root on line 10
[ERR: 13:55]: No DocBlock was found for Property $propertyPath on line 11
[ERR: 13:55]: No DocBlock was found for Property $class on line 12
[ERR: 13:55]: No DocBlock was found for Property $property on line 13
[ERR: 13:55]: No DocBlock was found for Property $group on line 14
[ERR: 13:55]: No DocBlock was found for Property $violations on line 15
[ERR: 13:55]: No DocBlock was found for Property $graphWalker on line 16
[ERR: 13:55]: No DocBlock was found for Property $metadataFactory on line 17
[ERR: 13:55]: No DocBlock was found for Property $messageInterpolator on line 18
[ERR: 13:55]: No DocBlock was found for Method __construct on line 20
[ERR: 13:55]: No DocBlock was found for Method __clone on line 34
[ERR: 13:55]: No DocBlock was found for Method addViolation on line 39
[ERR: 13:55]: No DocBlock was found for Method getViolations on line 49
[ERR: 13:55]: No DocBlock was found for Method getRoot on line 54
[ERR: 13:55]: No DocBlock was found for Method setPropertyPath on line 59
[ERR: 13:55]: No DocBlock was found for Method getPropertyPath on line 64
[ERR: 13:55]: No DocBlock was found for Method setCurrentClass on line 69
[ERR: 13:55]: No DocBlock was found for Method getCurrentClass on line 74
[ERR: 13:55]: No DocBlock was found for Method setCurrentProperty on line 79
[ERR: 13:55]: No DocBlock was found for Method getCurrentProperty on line 84
[ERR: 13:55]: No DocBlock was found for Method setGroup on line 89
[ERR: 13:55]: No DocBlock was found for Method getGroup on line 94
[ERR: 13:55]: No DocBlock was found for Method getGraphWalker on line 99
[ERR: 13:55]: No DocBlock was found for Method getClassMetadataFactory on line 104
[INFO: 13:55]: Starting to parse file: /home/mvriel/Projects/Personal/symfony/src/Symfony/Components/Validator/ConstraintViolationList.php
[ERR: 13:55]: No Page-level DocBlock was found for /home/mvriel/Projects/Personal/symfony/src/Symfony/Components/Validator/ConstraintViolationList.php
[ERR: 13:55]: No DocBlock was found for Class ConstraintViolationList on line 5
[ERR: 13:55]: No DocBlock was found for Property $violations on line 7
[ERR: 13:55]: No DocBlock was found for Method __toString on line 9
[ERR: 13:55]: No DocBlock was found for Property $violation on line 18
[ERR: 13:55]: No DocBlock was found for Function add on line 26
[ERR: 13:55]: No DocBlock was found for Function addAll on line 31
[ERR: 13:55]: No DocBlock was found for Function getIterator on line 38
[ERR: 13:55]: No DocBlock was found for Function count on line 43
[INFO: 13:55]: Starting to parse file: /home/mvriel/Projects/Personal/symfony/src/Symfony/Components/Validator/Mapping/ClassMetadataFactory.php
[ERR: 13:55]: No Page-level DocBlock was found for /home/mvriel/Projects/Personal/symfony/src/Symfony/Components/Validator/Mapping/ClassMetadataFactory.php
[ERR: 13:55]: No DocBlock was found for Property $loadedClasses on line 27
[ERR: 13:55]: No DocBlock was found for Method __construct on line 29
[ERR: 13:55]: No DocBlock was found for Method getClassMetadata on line 35
[INFO: 13:55]: Starting to parse file: /home/mvriel/Projects/Personal/symfony/src/Symfony/Components/Validator/Mapping/Loader/AnnotationLoader.php
[ERR: 13:55]: No Page-level DocBlock was found for /home/mvriel/Projects/Personal/symfony/src/Symfony/Components/Validator/Mapping/Loader/AnnotationLoader.php
[ERR: 13:55]: No DocBlock was found for Class AnnotationLoader on line 9
[ERR: 13:55]: No DocBlock was found for Property $reader on line 11
[ERR: 13:55]: No DocBlock was found for Method __construct on line 13
[INFO: 13:55]: Starting to parse file: /home/mvriel/Projects/Personal/symfony/src/Symfony/Components/Validator/Mapping/Loader/XmlFileLoader.php
[ERR: 13:55]: No Page-level DocBlock was found for /home/mvriel/Projects/Personal/symfony/src/Symfony/Components/Validator/Mapping/Loader/XmlFileLoader.php
[ERR: 13:55]: No DocBlock was found for Class XmlFileLoader on line 8
[ERR: 13:55]: No DocBlock was found for Method getXmlErrors on line 171
[INFO: 13:55]: Starting to parse file: /home/mvriel/Projects/Personal/symfony/src/Symfony/Components/Validator/Mapping/Loader/FilesLoader.php
[ERR: 13:55]: No Page-level DocBlock was found for /home/mvriel/Projects/Personal/symfony/src/Symfony/Components/Validator/Mapping/Loader/FilesLoader.php
[INFO: 13:55]: Starting to parse file: /home/mvriel/Projects/Personal/symfony/src/Symfony/Components/Validator/Mapping/Loader/LoaderChain.php
[ERR: 13:55]: No Page-level DocBlock was found for /home/mvriel/Projects/Personal/symfony/src/Symfony/Components/Validator/Mapping/Loader/LoaderChain.php
[ERR: 13:55]: No DocBlock was found for Property $loaders on line 20
[INFO: 13:55]: Starting to parse file: /home/mvriel/Projects/Personal/symfony/src/Symfony/Components/Validator/Mapping/Loader/FileLoader.php
[ERR: 13:55]: No Page-level DocBlock was found for /home/mvriel/Projects/Personal/symfony/src/Symfony/Components/Validator/Mapping/Loader/FileLoader.php
[ERR: 13:55]: No DocBlock was found for Class FileLoader on line 9
[ERR: 13:55]: No DocBlock was found for Property $file on line 11
[ERR: 13:55]: No DocBlock was found for Method __construct on line 13
[INFO: 13:55]: Starting to parse file: /home/mvriel/Projects/Personal/symfony/src/Symfony/Components/Validator/Mapping/Loader/XmlFilesLoader.php
[ERR: 13:55]: No Page-level DocBlock was found for /home/mvriel/Projects/Personal/symfony/src/Symfony/Components/Validator/Mapping/Loader/XmlFilesLoader.php
[INFO: 13:55]: Starting to parse file: /home/mvriel/Projects/Personal/symfony/src/Symfony/Components/Validator/Mapping/Loader/YamlFilesLoader.php
[ERR: 13:55]: No Page-level DocBlock was found for /home/mvriel/Projects/Personal/symfony/src/Symfony/Components/Validator/Mapping/Loader/YamlFilesLoader.php
[INFO: 13:55]: Starting to parse file: /home/mvriel/Projects/Personal/symfony/src/Symfony/Components/Validator/Mapping/Loader/YamlFileLoader.php
[ERR: 13:55]: No Page-level DocBlock was found for /home/mvriel/Projects/Personal/symfony/src/Symfony/Components/Validator/Mapping/Loader/YamlFileLoader.php
[ERR: 13:55]: No DocBlock was found for Class YamlFileLoader on line 9
[INFO: 13:55]: Starting to parse file: /home/mvriel/Projects/Personal/symfony/src/Symfony/Components/Validator/Mapping/Loader/LoaderInterface.php
[ERR: 13:55]: No Page-level DocBlock was found for /home/mvriel/Projects/Personal/symfony/src/Symfony/Components/Validator/Mapping/Loader/LoaderInterface.php
[ERR: 13:55]: No DocBlock was found for Interface LoaderInterface on line 7
[INFO: 13:55]: Starting to parse file: /home/mvriel/Projects/Personal/symfony/src/Symfony/Components/Validator/Mapping/Loader/StaticMethodLoader.php
[ERR: 13:55]: No Page-level DocBlock was found for /home/mvriel/Projects/Personal/symfony/src/Symfony/Components/Validator/Mapping/Loader/StaticMethodLoader.php
[ERR: 13:55]: No DocBlock was found for Class StaticMethodLoader on line 8
[ERR: 13:55]: No DocBlock was found for Property $methodName on line 10
[ERR: 13:55]: No DocBlock was found for Method __construct on line 12
[INFO: 13:55]: Starting to parse file: /home/mvriel/Projects/Personal/symfony/src/Symfony/Components/Validator/Mapping/PropertyMetadata.php
[ERR: 13:55]: No Page-level DocBlock was found for /home/mvriel/Projects/Personal/symfony/src/Symfony/Components/Validator/Mapping/PropertyMetadata.php
[ERR: 13:55]: No DocBlock was found for Class PropertyMetadata on line 7
[INFO: 13:55]: Starting to parse file: /home/mvriel/Projects/Personal/symfony/src/Symfony/Components/Validator/Mapping/GetterMetadata.php
[ERR: 13:55]: No Page-level DocBlock was found for /home/mvriel/Projects/Personal/symfony/src/Symfony/Components/Validator/Mapping/GetterMetadata.php
[ERR: 13:55]: No DocBlock was found for Class GetterMetadata on line 7
[INFO: 13:55]: Starting to parse file: /home/mvriel/Projects/Personal/symfony/src/Symfony/Components/Validator/Mapping/Cache/CacheInterface.php
[ERR: 13:55]: No Page-level DocBlock was found for /home/mvriel/Projects/Personal/symfony/src/Symfony/Components/Validator/Mapping/Cache/CacheInterface.php
[INFO: 13:55]: Starting to parse file: /home/mvriel/Projects/Personal/symfony/src/Symfony/Components/Validator/Mapping/MemberMetadata.php
[ERR: 13:55]: No Page-level DocBlock was found for /home/mvriel/Projects/Personal/symfony/src/Symfony/Components/Validator/Mapping/MemberMetadata.php
[ERR: 13:55]: No DocBlock was found for Class MemberMetadata on line 7
[ERR: 13:55]: No DocBlock was found for Property $class on line 9
[ERR: 13:55]: No DocBlock was found for Property $name on line 10
[ERR: 13:55]: No DocBlock was found for Property $property on line 11
[ERR: 13:55]: No DocBlock was found for Property $reflMember on line 12
[INFO: 13:55]: Starting to parse file: /home/mvriel/Projects/Personal/symfony/src/Symfony/Components/Validator/Mapping/ElementMetadata.php
[ERR: 13:55]: No Page-level DocBlock was found for /home/mvriel/Projects/Personal/symfony/src/Symfony/Components/Validator/Mapping/ElementMetadata.php
[ERR: 13:55]: No DocBlock was found for Class ElementMetadata on line 7
[ERR: 13:55]: No DocBlock was found for Property $constraints on line 9
[ERR: 13:55]: No DocBlock was found for Property $constraintsByGroup on line 10
[INFO: 13:55]: Starting to parse file: /home/mvriel/Projects/Personal/symfony/src/Symfony/Components/Validator/Mapping/ClassMetadata.php
[ERR: 13:55]: No Page-level DocBlock was found for /home/mvriel/Projects/Personal/symfony/src/Symfony/Components/Validator/Mapping/ClassMetadata.php
[ERR: 13:55]: No DocBlock was found for Class ClassMetadata on line 8
[ERR: 13:55]: No DocBlock was found for Property $name on line 10
[ERR: 13:55]: No DocBlock was found for Property $shortName on line 11
[ERR: 13:55]: No DocBlock was found for Property $members on line 12
[ERR: 13:55]: No DocBlock was found for Property $properties on line 13
[ERR: 13:55]: No DocBlock was found for Property $getters on line 14
[ERR: 13:55]: No DocBlock was found for Property $groupSequence on line 15
[ERR: 13:55]: No DocBlock was found for Property $reflClass on line 16
[INFO: 13:55]: Starting to parse file: /home/mvriel/Projects/Personal/symfony/src/Symfony/Components/Validator/Mapping/ClassMetadataFactoryInterface.php
[ERR: 13:55]: No Page-level DocBlock was found for /home/mvriel/Projects/Personal/symfony/src/Symfony/Components/Validator/Mapping/ClassMetadataFactoryInterface.php
[ERR: 13:55]: No DocBlock was found for Interface ClassMetadataFactoryInterface on line 5
[ERR: 13:55]: No DocBlock was found for Method getClassMetadata on line 7
[INFO: 13:55]: Starting to parse file: /home/mvriel/Projects/Personal/symfony/src/Symfony/Components/Validator/Constraints/AssertFalse.php
[ERR: 13:55]: No Page-level DocBlock was found for /home/mvriel/Projects/Personal/symfony/src/Symfony/Components/Validator/Constraints/AssertFalse.php
[ERR: 13:55]: No DocBlock was found for Class AssertFalse on line 5
[ERR: 13:55]: No DocBlock was found for Property $message on line 7
[INFO: 13:55]: Starting to parse file: /home/mvriel/Projects/Personal/symfony/src/Symfony/Components/Validator/Constraints/Null.php
[ERR: 13:55]: No Page-level DocBlock was found for /home/mvriel/Projects/Personal/symfony/src/Symfony/Components/Validator/Constraints/Null.php
[ERR: 13:55]: No DocBlock was found for Class Null on line 5
[ERR: 13:55]: No DocBlock was found for Property $message on line 7
[INFO: 13:55]: Starting to parse file: /home/mvriel/Projects/Personal/symfony/src/Symfony/Components/Validator/Constraints/MinLengthValidator.php
[ERR: 13:55]: No Page-level DocBlock was found for /home/mvriel/Projects/Personal/symfony/src/Symfony/Components/Validator/Constraints/MinLengthValidator.php
[ERR: 13:55]: No DocBlock was found for Class MinLengthValidator on line 9
[ERR: 13:55]: No DocBlock was found for Method isValid on line 11
[INFO: 13:55]: Starting to parse file: /home/mvriel/Projects/Personal/symfony/src/Symfony/Components/Validator/Constraints/DateTimeValidator.php
[ERR: 13:55]: No Page-level DocBlock was found for /home/mvriel/Projects/Personal/symfony/src/Symfony/Components/Validator/Constraints/DateTimeValidator.php
[ERR: 13:55]: No DocBlock was found for Class DateTimeValidator on line 9
[ERR: 13:55]: No DocBlock was found for Constant PATTERN on line 11
[ERR: 13:55]: No DocBlock was found for Method isValid on line 13
[INFO: 13:55]: Starting to parse file: /home/mvriel/Projects/Personal/symfony/src/Symfony/Components/Validator/Constraints/TimeValidator.php
[ERR: 13:55]: No Page-level DocBlock was found for /home/mvriel/Projects/Personal/symfony/src/Symfony/Components/Validator/Constraints/TimeValidator.php
[ERR: 13:55]: No DocBlock was found for Class TimeValidator on line 9
[ERR: 13:55]: No DocBlock was found for Constant PATTERN on line 11
[ERR: 13:55]: No DocBlock was found for Method isValid on line 13
[INFO: 13:55]: Starting to parse file: /home/mvriel/Projects/Personal/symfony/src/Symfony/Components/Validator/Constraints/MinLength.php
[ERR: 13:55]: No Page-level DocBlock was found for /home/mvriel/Projects/Personal/symfony/src/Symfony/Components/Validator/Constraints/MinLength.php
[ERR: 13:55]: No DocBlock was found for Class MinLength on line 5
[ERR: 13:55]: No DocBlock was found for Property $message on line 7
[ERR: 13:55]: No DocBlock was found for Property $limit on line 8
[ERR: 13:55]: No DocBlock was found for Property $charset on line 9
[INFO: 13:55]: Starting to parse file: /home/mvriel/Projects/Personal/symfony/src/Symfony/Components/Validator/Constraints/Collection.php
[ERR: 13:55]: No Page-level DocBlock was found for /home/mvriel/Projects/Personal/symfony/src/Symfony/Components/Validator/Constraints/Collection.php
[ERR: 13:55]: No DocBlock was found for Class Collection on line 5
[ERR: 13:55]: No DocBlock was found for Property $fields on line 7
[ERR: 13:55]: No DocBlock was found for Property $allowExtraFields on line 8
[ERR: 13:55]: No DocBlock was found for Property $allowMissingFields on line 9
[ERR: 13:55]: No DocBlock was found for Property $extraFieldsMessage on line 10
[ERR: 13:55]: No DocBlock was found for Property $missingFieldsMessage on line 11
[ERR: 13:55]: No DocBlock was found for Method requiredOptions on line 13
[INFO: 13:55]: Starting to parse file: /home/mvriel/Projects/Personal/symfony/src/Symfony/Components/Validator/Constraints/AssertTrue.php
[ERR: 13:55]: No Page-level DocBlock was found for /home/mvriel/Projects/Personal/symfony/src/Symfony/Components/Validator/Constraints/AssertTrue.php
[ERR: 13:55]: No DocBlock was found for Class AssertTrue on line 5
[ERR: 13:55]: No DocBlock was found for Property $message on line 7
[INFO: 13:55]: Starting to parse file: /home/mvriel/Projects/Personal/symfony/src/Symfony/Components/Validator/Constraints/MaxValidator.php
[ERR: 13:55]: No Page-level DocBlock was found for /home/mvriel/Projects/Personal/symfony/src/Symfony/Components/Validator/Constraints/MaxValidator.php
[ERR: 13:55]: No DocBlock was found for Class MaxValidator on line 9
[ERR: 13:55]: No DocBlock was found for Method isValid on line 11
[INFO: 13:55]: Starting to parse file: /home/mvriel/Projects/Personal/symfony/src/Symfony/Components/Validator/Constraints/Regex.php
[ERR: 13:55]: No Page-level DocBlock was found for /home/mvriel/Projects/Personal/symfony/src/Symfony/Components/Validator/Constraints/Regex.php
[ERR: 13:55]: No DocBlock was found for Class Regex on line 5
[ERR: 13:55]: No DocBlock was found for Property $message on line 7
[ERR: 13:55]: No DocBlock was found for Property $pattern on line 8
[ERR: 13:55]: No DocBlock was found for Property $match on line 9
[INFO: 13:55]: Starting to parse file: /home/mvriel/Projects/Personal/symfony/src/Symfony/Components/Validator/Constraints/ChoiceValidator.php
[ERR: 13:55]: No Page-level DocBlock was found for /home/mvriel/Projects/Personal/symfony/src/Symfony/Components/Validator/Constraints/ChoiceValidator.php
[ERR: 13:55]: No DocBlock was found for Method isValid on line 27
[INFO: 13:55]: Starting to parse file: /home/mvriel/Projects/Personal/symfony/src/Symfony/Components/Validator/Constraints/All.php
[ERR: 13:55]: No Page-level DocBlock was found for /home/mvriel/Projects/Personal/symfony/src/Symfony/Components/Validator/Constraints/All.php
[ERR: 13:55]: No DocBlock was found for Class All on line 5
[ERR: 13:55]: No DocBlock was found for Property $constraints on line 7
[ERR: 13:55]: No DocBlock was found for Method defaultOption on line 9
[ERR: 13:55]: No DocBlock was found for Method requiredOptions on line 14
[INFO: 13:55]: Starting to parse file: /home/mvriel/Projects/Personal/symfony/src/Symfony/Components/Validator/Constraints/Valid.php
[ERR: 13:55]: No Page-level DocBlock was found for /home/mvriel/Projects/Personal/symfony/src/Symfony/Components/Validator/Constraints/Valid.php
[ERR: 13:55]: No DocBlock was found for Class Valid on line 5
[ERR: 13:55]: No DocBlock was found for Property $message on line 7
[ERR: 13:55]: No DocBlock was found for Property $class on line 8
[INFO: 13:55]: Starting to parse file: /home/mvriel/Projects/Personal/symfony/src/Symfony/Components/Validator/Constraints/UrlValidator.php
[ERR: 13:55]: No Page-level DocBlock was found for /home/mvriel/Projects/Personal/symfony/src/Symfony/Components/Validator/Constraints/UrlValidator.php
[ERR: 13:55]: No DocBlock was found for Class UrlValidator on line 9
[ERR: 13:55]: No DocBlock was found for Constant PATTERN on line 11
[ERR: 13:55]: No DocBlock was found for Method isValid on line 22
[INFO: 13:55]: Starting to parse file: /home/mvriel/Projects/Personal/symfony/src/Symfony/Components/Validator/Constraints/MaxLengthValidator.php
[ERR: 13:55]: No Page-level DocBlock was found for /home/mvriel/Projects/Personal/symfony/src/Symfony/Components/Validator/Constraints/MaxLengthValidator.php
[ERR: 13:55]: No DocBlock was found for Class MaxLengthValidator on line 9
[ERR: 13:55]: No DocBlock was found for Method isValid on line 11
[INFO: 13:55]: Starting to parse file: /home/mvriel/Projects/Personal/symfony/src/Symfony/Components/Validator/Constraints/Min.php
[ERR: 13:55]: No Page-level DocBlock was found for /home/mvriel/Projects/Personal/symfony/src/Symfony/Components/Validator/Constraints/Min.php
[ERR: 13:55]: No DocBlock was found for Class Min on line 5
[ERR: 13:55]: No DocBlock was found for Property $message on line 7
[ERR: 13:55]: No DocBlock was found for Property $limit on line 8
[INFO: 13:55]: Starting to parse file: /home/mvriel/Projects/Personal/symfony/src/Symfony/Components/Validator/Constraints/DateValidator.php
[ERR: 13:55]: No Page-level DocBlock was found for /home/mvriel/Projects/Personal/symfony/src/Symfony/Components/Validator/Constraints/DateValidator.php
[ERR: 13:55]: No DocBlock was found for Class DateValidator on line 9
[ERR: 13:55]: No DocBlock was found for Constant PATTERN on line 11
[ERR: 13:55]: No DocBlock was found for Method isValid on line 13
[INFO: 13:55]: Starting to parse file: /home/mvriel/Projects/Personal/symfony/src/Symfony/Components/Validator/Constraints/Time.php
[ERR: 13:55]: No Page-level DocBlock was found for /home/mvriel/Projects/Personal/symfony/src/Symfony/Components/Validator/Constraints/Time.php
[ERR: 13:55]: No DocBlock was found for Class Time on line 5
[ERR: 13:55]: No DocBlock was found for Property $message on line 7
[INFO: 13:55]: Starting to parse file: /home/mvriel/Projects/Personal/symfony/src/Symfony/Components/Validator/Constraints/MaxLength.php
[ERR: 13:55]: No Page-level DocBlock was found for /home/mvriel/Projects/Personal/symfony/src/Symfony/Components/Validator/Constraints/MaxLength.php
[ERR: 13:55]: No DocBlock was found for Class MaxLength on line 5
[ERR: 13:55]: No DocBlock was found for Property $message on line 7
[ERR: 13:55]: No DocBlock was found for Property $limit on line 8
[ERR: 13:55]: No DocBlock was found for Property $charset on line 9
[INFO: 13:55]: Starting to parse file: /home/mvriel/Projects/Personal/symfony/src/Symfony/Components/Validator/Constraints/NotNullValidator.php
[ERR: 13:55]: No Page-level DocBlock was found for /home/mvriel/Projects/Personal/symfony/src/Symfony/Components/Validator/Constraints/NotNullValidator.php
[ERR: 13:55]: No DocBlock was found for Class NotNullValidator on line 8
[ERR: 13:55]: No DocBlock was found for Method isValid on line 10
[INFO: 13:55]: Starting to parse file: /home/mvriel/Projects/Personal/symfony/src/Symfony/Components/Validator/Constraints/AssertType.php
[ERR: 13:55]: No Page-level DocBlock was found for /home/mvriel/Projects/Personal/symfony/src/Symfony/Components/Validator/Constraints/AssertType.php
[ERR: 13:55]: No DocBlock was found for Class AssertType on line 5
[ERR: 13:55]: No DocBlock was found for Property $message on line 7
[ERR: 13:55]: No DocBlock was found for Property $type on line 8
[INFO: 13:55]: Starting to parse file: /home/mvriel/Projects/Personal/symfony/src/Symfony/Components/Validator/Constraints/Email.php
[ERR: 13:55]: No Page-level DocBlock was found for /home/mvriel/Projects/Personal/symfony/src/Symfony/Components/Validator/Constraints/Email.php
[ERR: 13:55]: No DocBlock was found for Class Email on line 5
[ERR: 13:55]: No DocBlock was found for Property $message on line 7
[ERR: 13:55]: No DocBlock was found for Property $checkMX on line 8
[INFO: 13:55]: Starting to parse file: /home/mvriel/Projects/Personal/symfony/src/Symfony/Components/Validator/Constraints/AllValidator.php
[ERR: 13:55]: No Page-level DocBlock was found for /home/mvriel/Projects/Personal/symfony/src/Symfony/Components/Validator/Constraints/AllValidator.php
[ERR: 13:55]: No DocBlock was found for Class AllValidator on line 9
[ERR: 13:55]: No DocBlock was found for Method isValid on line 11
[INFO: 13:55]: Starting to parse file: /home/mvriel/Projects/Personal/symfony/src/Symfony/Components/Validator/Constraints/NullValidator.php
[ERR: 13:55]: No Page-level DocBlock was found for /home/mvriel/Projects/Personal/symfony/src/Symfony/Components/Validator/Constraints/NullValidator.php
[ERR: 13:55]: No DocBlock was found for Class NullValidator on line 8
[ERR: 13:55]: No DocBlock was found for Method isValid on line 10
[INFO: 13:55]: Starting to parse file: /home/mvriel/Projects/Personal/symfony/src/Symfony/Components/Validator/Constraints/MinValidator.php
[ERR: 13:55]: No Page-level DocBlock was found for /home/mvriel/Projects/Personal/symfony/src/Symfony/Components/Validator/Constraints/MinValidator.php
[ERR: 13:55]: No DocBlock was found for Class MinValidator on line 9
[ERR: 13:55]: No DocBlock was found for Method isValid on line 11
[INFO: 13:55]: Starting to parse file: /home/mvriel/Projects/Personal/symfony/src/Symfony/Components/Validator/Constraints/CollectionValidator.php
[ERR: 13:55]: No Page-level DocBlock was found for /home/mvriel/Projects/Personal/symfony/src/Symfony/Components/Validator/Constraints/CollectionValidator.php
[ERR: 13:55]: No DocBlock was found for Class CollectionValidator on line 10
[ERR: 13:55]: No DocBlock was found for Method isValid on line 12
[INFO: 13:55]: Starting to parse file: /home/mvriel/Projects/Personal/symfony/src/Symfony/Components/Validator/Constraints/Choice.php
[ERR: 13:55]: No Page-level DocBlock was found for /home/mvriel/Projects/Personal/symfony/src/Symfony/Components/Validator/Constraints/Choice.php
[ERR: 13:55]: No DocBlock was found for Class Choice on line 13
[ERR: 13:55]: No DocBlock was found for Property $choices on line 15
[ERR: 13:55]: No DocBlock was found for Property $callback on line 16
[ERR: 13:55]: No DocBlock was found for Property $multiple on line 17
[ERR: 13:55]: No DocBlock was found for Property $min on line 18
[ERR: 13:55]: No DocBlock was found for Property $max on line 19
[ERR: 13:55]: No DocBlock was found for Property $message on line 20
[ERR: 13:55]: No DocBlock was found for Property $minMessage on line 21
[ERR: 13:55]: No DocBlock was found for Property $maxMessage on line 22
[INFO: 13:55]: Starting to parse file: /home/mvriel/Projects/Personal/symfony/src/Symfony/Components/Validator/Constraints/NotBlank.php
[ERR: 13:55]: No Page-level DocBlock was found for /home/mvriel/Projects/Personal/symfony/src/Symfony/Components/Validator/Constraints/NotBlank.php
[ERR: 13:55]: No DocBlock was found for Class NotBlank on line 5
[ERR: 13:55]: No DocBlock was found for Property $message on line 7
[INFO: 13:55]: Starting to parse file: /home/mvriel/Projects/Personal/symfony/src/Symfony/Components/Validator/Constraints/Validation.php
[ERR: 13:55]: No Page-level DocBlock was found for /home/mvriel/Projects/Personal/symfony/src/Symfony/Components/Validator/Constraints/Validation.php
[ERR: 13:55]: No DocBlock was found for Class Validation on line 5
[ERR: 13:55]: No DocBlock was found for Property $constraints on line 7
[ERR: 13:55]: No DocBlock was found for Method __construct on line 9
[INFO: 13:55]: Starting to parse file: /home/mvriel/Projects/Personal/symfony/src/Symfony/Components/Validator/Constraints/Max.php
[ERR: 13:55]: No Page-level DocBlock was found for /home/mvriel/Projects/Personal/symfony/src/Symfony/Components/Validator/Constraints/Max.php
[ERR: 13:55]: No DocBlock was found for Class Max on line 5
[ERR: 13:55]: No DocBlock was found for Property $message on line 7
[ERR: 13:55]: No DocBlock was found for Property $limit on line 8
[INFO: 13:55]: Starting to parse file: /home/mvriel/Projects/Personal/symfony/src/Symfony/Components/Validator/Constraints/RegexValidator.php
[ERR: 13:55]: No Page-level DocBlock was found for /home/mvriel/Projects/Personal/symfony/src/Symfony/Components/Validator/Constraints/RegexValidator.php
[ERR: 13:55]: No DocBlock was found for Class RegexValidator on line 9
[ERR: 13:55]: No DocBlock was found for Method isValid on line 11
[INFO: 13:55]: Starting to parse file: /home/mvriel/Projects/Personal/symfony/src/Symfony/Components/Validator/Constraints/Blank.php
[ERR: 13:55]: No Page-level DocBlock was found for /home/mvriel/Projects/Personal/symfony/src/Symfony/Components/Validator/Constraints/Blank.php
[ERR: 13:55]: No DocBlock was found for Class Blank on line 5
[ERR: 13:55]: No DocBlock was found for Property $message on line 7
[INFO: 13:55]: Starting to parse file: /home/mvriel/Projects/Personal/symfony/src/Symfony/Components/Validator/Constraints/File.php
[ERR: 13:55]: No Page-level DocBlock was found for /home/mvriel/Projects/Personal/symfony/src/Symfony/Components/Validator/Constraints/File.php
[ERR: 13:55]: No DocBlock was found for Class File on line 5
[ERR: 13:55]: No DocBlock was found for Property $maxSize on line 7
[ERR: 13:55]: No DocBlock was found for Property $mimeTypes on line 8
[ERR: 13:55]: No DocBlock was found for Property $notFoundMessage on line 9
[ERR: 13:55]: No DocBlock was found for Property $notReadableMessage on line 10
[ERR: 13:55]: No DocBlock was found for Property $maxSizeMessage on line 11
[ERR: 13:55]: No DocBlock was found for Property $mimeTypesMessage on line 12
[INFO: 13:55]: Starting to parse file: /home/mvriel/Projects/Personal/symfony/src/Symfony/Components/Validator/Constraints/EmailValidator.php
[ERR: 13:55]: No Page-level DocBlock was found for /home/mvriel/Projects/Personal/symfony/src/Symfony/Components/Validator/Constraints/EmailValidator.php
[ERR: 13:55]: No DocBlock was found for Class EmailValidator on line 9
[ERR: 13:55]: No DocBlock was found for Constant PATTERN on line 11
[ERR: 13:55]: No DocBlock was found for Method isValid on line 13
[INFO: 13:55]: Starting to parse file: /home/mvriel/Projects/Personal/symfony/src/Symfony/Components/Validator/Constraints/AssertFalseValidator.php
[ERR: 13:55]: No Page-level DocBlock was found for /home/mvriel/Projects/Personal/symfony/src/Symfony/Components/Validator/Constraints/AssertFalseValidator.php
[ERR: 13:55]: No DocBlock was found for Class AssertFalseValidator on line 8
[ERR: 13:55]: No DocBlock was found for Method isValid on line 10
[INFO: 13:55]: Starting to parse file: /home/mvriel/Projects/Personal/symfony/src/Symfony/Components/Validator/Constraints/Url.php
[ERR: 13:55]: No Page-level DocBlock was found for /home/mvriel/Projects/Personal/symfony/src/Symfony/Components/Validator/Constraints/Url.php
[ERR: 13:55]: No DocBlock was found for Class Url on line 5
[ERR: 13:55]: No DocBlock was found for Property $message on line 7
[ERR: 13:55]: No DocBlock was found for Property $protocols on line 8
[INFO: 13:55]: Starting to parse file: /home/mvriel/Projects/Personal/symfony/src/Symfony/Components/Validator/Constraints/AssertTrueValidator.php
[ERR: 13:55]: No Page-level DocBlock was found for /home/mvriel/Projects/Personal/symfony/src/Symfony/Components/Validator/Constraints/AssertTrueValidator.php
[ERR: 13:55]: No DocBlock was found for Class AssertTrueValidator on line 8
[ERR: 13:55]: No DocBlock was found for Method isValid on line 10
[INFO: 13:55]: Starting to parse file: /home/mvriel/Projects/Personal/symfony/src/Symfony/Components/Validator/Constraints/BlankValidator.php
[ERR: 13:55]: No Page-level DocBlock was found for /home/mvriel/Projects/Personal/symfony/src/Symfony/Components/Validator/Constraints/BlankValidator.php
[ERR: 13:55]: No DocBlock was found for Class BlankValidator on line 8
[ERR: 13:55]: No DocBlock was found for Method isValid on line 10
[INFO: 13:55]: Starting to parse file: /home/mvriel/Projects/Personal/symfony/src/Symfony/Components/Validator/Constraints/Date.php
[ERR: 13:55]: No Page-level DocBlock was found for /home/mvriel/Projects/Personal/symfony/src/Symfony/Components/Validator/Constraints/Date.php
[ERR: 13:55]: No DocBlock was found for Class Date on line 5
[ERR: 13:55]: No DocBlock was found for Property $message on line 7
[INFO: 13:55]: Starting to parse file: /home/mvriel/Projects/Personal/symfony/src/Symfony/Components/Validator/Constraints/ValidValidator.php
[ERR: 13:55]: No Page-level DocBlock was found for /home/mvriel/Projects/Personal/symfony/src/Symfony/Components/Validator/Constraints/ValidValidator.php
[ERR: 13:55]: No DocBlock was found for Class ValidValidator on line 10
[ERR: 13:55]: No DocBlock was found for Method isValid on line 12
[INFO: 13:55]: Starting to parse file: /home/mvriel/Projects/Personal/symfony/src/Symfony/Components/Validator/Constraints/NotBlankValidator.php
[ERR: 13:55]: No Page-level DocBlock was found for /home/mvriel/Projects/Personal/symfony/src/Symfony/Components/Validator/Constraints/NotBlankValidator.php
[ERR: 13:55]: No DocBlock was found for Class NotBlankValidator on line 8
[ERR: 13:55]: No DocBlock was found for Method isValid on line 10
[INFO: 13:55]: Starting to parse file: /home/mvriel/Projects/Personal/symfony/src/Symfony/Components/Validator/Constraints/DateTime.php
[ERR: 13:55]: No Page-level DocBlock was found for /home/mvriel/Projects/Personal/symfony/src/Symfony/Components/Validator/Constraints/DateTime.php
[ERR: 13:55]: No DocBlock was found for Class DateTime on line 5
[ERR: 13:55]: No DocBlock was found for Property $message on line 7
[INFO: 13:55]: Starting to parse file: /home/mvriel/Projects/Personal/symfony/src/Symfony/Components/Validator/Constraints/NotNull.php
[ERR: 13:55]: No Page-level DocBlock was found for /home/mvriel/Projects/Personal/symfony/src/Symfony/Components/Validator/Constraints/NotNull.php
[ERR: 13:55]: No DocBlock was found for Class NotNull on line 5
[ERR: 13:55]: No DocBlock was found for Property $message on line 7
[INFO: 13:55]: Starting to parse file: /home/mvriel/Projects/Personal/symfony/src/Symfony/Components/Validator/Constraints/AssertTypeValidator.php
[ERR: 13:55]: No Page-level DocBlock was found for /home/mvriel/Projects/Personal/symfony/src/Symfony/Components/Validator/Constraints/AssertTypeValidator.php
[ERR: 13:55]: No DocBlock was found for Class AssertTypeValidator on line 8
[ERR: 13:55]: No DocBlock was found for Method isValid on line 10
[INFO: 13:55]: Starting to parse file: /home/mvriel/Projects/Personal/symfony/src/Symfony/Components/Validator/Constraints/FileValidator.php
[ERR: 13:55]: No Page-level DocBlock was found for /home/mvriel/Projects/Personal/symfony/src/Symfony/Components/Validator/Constraints/FileValidator.php
[ERR: 13:55]: No DocBlock was found for Class FileValidator on line 11
[ERR: 13:55]: No DocBlock was found for Method isValid on line 13
[INFO: 13:55]: Starting to parse file: /home/mvriel/Projects/Personal/symfony/src/Symfony/Components/I18N/TranslatorInterface.php
[ERR: 13:55]: No Page-level DocBlock was found for /home/mvriel/Projects/Personal/symfony/src/Symfony/Components/I18N/TranslatorInterface.php
[INFO: 13:55]: Starting to parse file: /home/mvriel/Projects/Personal/symfony/src/Symfony/Components/File/Exception/FileNotFoundException.php
[ERR: 13:55]: No Page-level DocBlock was found for /home/mvriel/Projects/Personal/symfony/src/Symfony/Components/File/Exception/FileNotFoundException.php
[INFO: 13:55]: Starting to parse file: /home/mvriel/Projects/Personal/symfony/src/Symfony/Components/File/Exception/AccessDeniedException.php
[ERR: 13:55]: No Page-level DocBlock was found for /home/mvriel/Projects/Personal/symfony/src/Symfony/Components/File/Exception/AccessDeniedException.php
[INFO: 13:55]: Starting to parse file: /home/mvriel/Projects/Personal/symfony/src/Symfony/Components/File/Exception/FileException.php
[ERR: 13:55]: No Page-level DocBlock was found for /home/mvriel/Projects/Personal/symfony/src/Symfony/Components/File/Exception/FileException.php
[INFO: 13:55]: Starting to parse file: /home/mvriel/Projects/Personal/symfony/src/Symfony/Components/File/File.php
[ERR: 13:55]: No Page-level DocBlock was found for /home/mvriel/Projects/Personal/symfony/src/Symfony/Components/File/File.php
[INFO: 13:55]: Starting to parse file: /home/mvriel/Projects/Personal/symfony/src/Symfony/Components/File/UploadedFile.php
[ERR: 13:55]: No Page-level DocBlock was found for /home/mvriel/Projects/Personal/symfony/src/Symfony/Components/File/UploadedFile.php
[ERR: 13:55]: No DocBlock was found for Property $originalName on line 23
[ERR: 13:55]: No DocBlock was found for Property $mimeType on line 24
[ERR: 13:55]: No DocBlock was found for Property $size on line 25
[ERR: 13:55]: No DocBlock was found for Property $error on line 26
[ERR: 13:55]: No DocBlock was found for Property $moved on line 27
[INFO: 13:55]: Starting to parse file: /home/mvriel/Projects/Personal/symfony/src/Symfony/Components/File/MimeType/ContentTypeMimeTypeGuesser.php
[ERR: 13:55]: No Page-level DocBlock was found for /home/mvriel/Projects/Personal/symfony/src/Symfony/Components/File/MimeType/ContentTypeMimeTypeGuesser.php
[INFO: 13:55]: Starting to parse file: /home/mvriel/Projects/Personal/symfony/src/Symfony/Components/File/MimeType/MimeTypeGuesser.php
[ERR: 13:55]: No Page-level DocBlock was found for /home/mvriel/Projects/Personal/symfony/src/Symfony/Components/File/MimeType/MimeTypeGuesser.php
[INFO: 13:55]: Starting to parse file: /home/mvriel/Projects/Personal/symfony/src/Symfony/Components/File/MimeType/MimeTypeGuesserInterface.php
[ERR: 13:55]: No Page-level DocBlock was found for /home/mvriel/Projects/Personal/symfony/src/Symfony/Components/File/MimeType/MimeTypeGuesserInterface.php
[INFO: 13:55]: Starting to parse file: /home/mvriel/Projects/Personal/symfony/src/Symfony/Components/File/MimeType/FileinfoMimeTypeGuesser.php
[ERR: 13:55]: No Page-level DocBlock was found for /home/mvriel/Projects/Personal/symfony/src/Symfony/Components/File/MimeType/FileinfoMimeTypeGuesser.php
[INFO: 13:55]: Starting to parse file: /home/mvriel/Projects/Personal/symfony/src/Symfony/Components/File/MimeType/FileBinaryMimeTypeGuesser.php
[ERR: 13:55]: No Page-level DocBlock was found for /home/mvriel/Projects/Personal/symfony/src/Symfony/Components/File/MimeType/FileBinaryMimeTypeGuesser.php
[INFO: 13:55]: Starting to parse file: /home/mvriel/Projects/Personal/symfony/src/Symfony/Components/Routing/RouteCompilerInterface.php
[ERR: 13:55]: No Page-level DocBlock was found for /home/mvriel/Projects/Personal/symfony/src/Symfony/Components/Routing/RouteCompilerInterface.php
[INFO: 13:55]: Starting to parse file: /home/mvriel/Projects/Personal/symfony/src/Symfony/Components/Routing/RouteCompiler.php
[ERR: 13:55]: No Page-level DocBlock was found for /home/mvriel/Projects/Personal/symfony/src/Symfony/Components/Routing/RouteCompiler.php
[ERR: 13:55]: No DocBlock was found for Property $options on line 23
[ERR: 13:55]: No DocBlock was found for Property $route on line 24
[ERR: 13:55]: No DocBlock was found for Property $variables on line 25
[ERR: 13:55]: No DocBlock was found for Property $firstOptional on line 26
[ERR: 13:55]: No DocBlock was found for Property $segments on line 27
[ERR: 13:55]: No DocBlock was found for Property $tokens on line 28
[ERR: 13:55]: No DocBlock was found for Property $staticPrefix on line 29
[ERR: 13:55]: No DocBlock was found for Property $regex on line 30
[ERR: 13:55]: No DocBlock was found for Method compileForText on line 201
[ERR: 13:55]: No DocBlock was found for Method compileForVariable on line 208
[ERR: 13:55]: No DocBlock was found for Method compileForSeparator on line 222
[ERR: 13:55]: No DocBlock was found for Method getOptions on line 226
[INFO: 13:55]: Starting to parse file: /home/mvriel/Projects/Personal/symfony/src/Symfony/Components/Routing/Loader/Loader.php
[ERR: 13:55]: No Page-level DocBlock was found for /home/mvriel/Projects/Personal/symfony/src/Symfony/Components/Routing/Loader/Loader.php
[ERR: 13:55]: No DocBlock was found for Property $resolver on line 23
[INFO: 13:55]: Starting to parse file: /home/mvriel/Projects/Personal/symfony/src/Symfony/Components/Routing/Loader/XmlFileLoader.php
[ERR: 13:55]: No Page-level DocBlock was found for /home/mvriel/Projects/Personal/symfony/src/Symfony/Components/Routing/Loader/XmlFileLoader.php
[ERR: 13:55]: No DocBlock was found for Method parseRoute on line 81
[ERR: 13:55]: No DocBlock was found for Method getXmlErrors on line 146
[INFO: 13:55]: Starting to parse file: /home/mvriel/Projects/Personal/symfony/src/Symfony/Components/Routing/Loader/FileLoader.php
[ERR: 13:55]: No Page-level DocBlock was found for /home/mvriel/Projects/Personal/symfony/src/Symfony/Components/Routing/Loader/FileLoader.php
[ERR: 13:55]: No DocBlock was found for Property $currentDir on line 23
[ERR: 13:55]: No DocBlock was found for Property $paths on line 24
[ERR: 13:55]: No DocBlock was found for Method getAbsolutePath on line 70
[ERR: 13:55]: No DocBlock was found for Method isAbsolutePath on line 87
[INFO: 13:55]: Starting to parse file: /home/mvriel/Projects/Personal/symfony/src/Symfony/Components/Routing/Loader/LoaderResolverInterface.php
[ERR: 13:55]: No Page-level DocBlock was found for /home/mvriel/Projects/Personal/symfony/src/Symfony/Components/Routing/Loader/LoaderResolverInterface.php
[INFO: 13:55]: Starting to parse file: /home/mvriel/Projects/Personal/symfony/src/Symfony/Components/Routing/Loader/YamlFileLoader.php
[ERR: 13:55]: No Page-level DocBlock was found for /home/mvriel/Projects/Personal/symfony/src/Symfony/Components/Routing/Loader/YamlFileLoader.php
[ERR: 13:55]: No DocBlock was found for Method loadFile on line 91
[INFO: 13:55]: Starting to parse file: /home/mvriel/Projects/Personal/symfony/src/Symfony/Components/Routing/Loader/DelegatingLoader.php
[ERR: 13:55]: No Page-level DocBlock was found for /home/mvriel/Projects/Personal/symfony/src/Symfony/Components/Routing/Loader/DelegatingLoader.php
[ERR: 13:55]: No DocBlock was found for Property $resolver on line 23
[INFO: 13:55]: Starting to parse file: /home/mvriel/Projects/Personal/symfony/src/Symfony/Components/Routing/Loader/LoaderInterface.php
[ERR: 13:55]: No Page-level DocBlock was found for /home/mvriel/Projects/Personal/symfony/src/Symfony/Components/Routing/Loader/LoaderInterface.php
[INFO: 13:55]: Starting to parse file: /home/mvriel/Projects/Personal/symfony/src/Symfony/Components/Routing/Loader/ClosureLoader.php
[ERR: 13:55]: No Page-level DocBlock was found for /home/mvriel/Projects/Personal/symfony/src/Symfony/Components/Routing/Loader/ClosureLoader.php
[INFO: 13:55]: Starting to parse file: /home/mvriel/Projects/Personal/symfony/src/Symfony/Components/Routing/Loader/PhpFileLoader.php
[ERR: 13:55]: No Page-level DocBlock was found for /home/mvriel/Projects/Personal/symfony/src/Symfony/Components/Routing/Loader/PhpFileLoader.php
[INFO: 13:55]: Starting to parse file: /home/mvriel/Projects/Personal/symfony/src/Symfony/Components/Routing/Loader/LoaderResolver.php
[ERR: 13:55]: No Page-level DocBlock was found for /home/mvriel/Projects/Personal/symfony/src/Symfony/Components/Routing/Loader/LoaderResolver.php
[ERR: 13:55]: No DocBlock was found for Property $loaders on line 23
[INFO: 13:55]: Starting to parse file: /home/mvriel/Projects/Personal/symfony/src/Symfony/Components/Routing/Matcher/UrlMatcherInterface.php
[ERR: 13:55]: No Page-level DocBlock was found for /home/mvriel/Projects/Personal/symfony/src/Symfony/Components/Routing/Matcher/UrlMatcherInterface.php
[INFO: 13:55]: Starting to parse file: /home/mvriel/Projects/Personal/symfony/src/Symfony/Components/Routing/Matcher/Dumper/MatcherDumperInterface.php
[ERR: 13:55]: No Page-level DocBlock was found for /home/mvriel/Projects/Personal/symfony/src/Symfony/Components/Routing/Matcher/Dumper/MatcherDumperInterface.php
[INFO: 13:55]: Starting to parse file: /home/mvriel/Projects/Personal/symfony/src/Symfony/Components/Routing/Matcher/Dumper/PhpMatcherDumper.php
[ERR: 13:55]: No Page-level DocBlock was found for /home/mvriel/Projects/Personal/symfony/src/Symfony/Components/Routing/Matcher/Dumper/PhpMatcherDumper.php
[ERR: 13:55]: No DocBlock was found for Method addMatcher on line 52
[ERR: 13:55]: No DocBlock was found for Method startClass on line 99
[ERR: 13:55]: No DocBlock was found for Method addConstructor on line 116
[ERR: 13:55]: No DocBlock was found for Method endClass on line 131
[INFO: 13:55]: Starting to parse file: /home/mvriel/Projects/Personal/symfony/src/Symfony/Components/Routing/Matcher/Dumper/MatcherDumper.php
[ERR: 13:55]: No Page-level DocBlock was found for /home/mvriel/Projects/Personal/symfony/src/Symfony/Components/Routing/Matcher/Dumper/MatcherDumper.php
[ERR: 13:55]: No DocBlock was found for Property $routes on line 26
[INFO: 13:55]: Starting to parse file: /home/mvriel/Projects/Personal/symfony/src/Symfony/Components/Routing/Matcher/Dumper/ApacheMatcherDumper.php
[ERR: 13:55]: No Page-level DocBlock was found for /home/mvriel/Projects/Personal/symfony/src/Symfony/Components/Routing/Matcher/Dumper/ApacheMatcherDumper.php
[INFO: 13:55]: Starting to parse file: /home/mvriel/Projects/Personal/symfony/src/Symfony/Components/Routing/Matcher/UrlMatcher.php
[ERR: 13:55]: No Page-level DocBlock was found for /home/mvriel/Projects/Personal/symfony/src/Symfony/Components/Routing/Matcher/UrlMatcher.php
[ERR: 13:55]: No DocBlock was found for Property $routes on line 26
[ERR: 13:55]: No DocBlock was found for Property $defaults on line 27
[ERR: 13:55]: No DocBlock was found for Property $context on line 28
[ERR: 13:55]: No DocBlock was found for Method mergeDefaults on line 80
[ERR: 13:55]: No DocBlock was found for Method normalizeUrl on line 92
[INFO: 13:55]: Starting to parse file: /home/mvriel/Projects/Personal/symfony/src/Symfony/Components/Routing/Matcher/ApacheUrlMatcher.php
[ERR: 13:55]: No Page-level DocBlock was found for /home/mvriel/Projects/Personal/symfony/src/Symfony/Components/Routing/Matcher/ApacheUrlMatcher.php
[ERR: 13:55]: No DocBlock was found for Property $defaults on line 26
[ERR: 13:55]: No DocBlock was found for Property $context on line 27
[INFO: 13:55]: Starting to parse file: /home/mvriel/Projects/Personal/symfony/src/Symfony/Components/Routing/RouteCollection.php
[ERR: 13:55]: No Page-level DocBlock was found for /home/mvriel/Projects/Personal/symfony/src/Symfony/Components/Routing/RouteCollection.php
[ERR: 13:55]: No DocBlock was found for Property $resources on line 26
[INFO: 13:55]: Starting to parse file: /home/mvriel/Projects/Personal/symfony/src/Symfony/Components/Routing/CompiledRoute.php
[ERR: 13:55]: No Page-level DocBlock was found for /home/mvriel/Projects/Personal/symfony/src/Symfony/Components/Routing/CompiledRoute.php
[ERR: 13:55]: No DocBlock was found for Property $variables on line 24
[ERR: 13:55]: No DocBlock was found for Property $tokens on line 25
[ERR: 13:55]: No DocBlock was found for Property $staticPrefix on line 26
[ERR: 13:55]: No DocBlock was found for Property $regex on line 27
[INFO: 13:55]: Starting to parse file: /home/mvriel/Projects/Personal/symfony/src/Symfony/Components/Routing/Generator/Dumper/GeneratorDumperInterface.php
[ERR: 13:55]: No Page-level DocBlock was found for /home/mvriel/Projects/Personal/symfony/src/Symfony/Components/Routing/Generator/Dumper/GeneratorDumperInterface.php
[INFO: 13:55]: Starting to parse file: /home/mvriel/Projects/Personal/symfony/src/Symfony/Components/Routing/Generator/Dumper/PhpGeneratorDumper.php
[ERR: 13:55]: No Page-level DocBlock was found for /home/mvriel/Projects/Personal/symfony/src/Symfony/Components/Routing/Generator/Dumper/PhpGeneratorDumper.php
[ERR: 13:55]: No DocBlock was found for Method addGenerator on line 52
[ERR: 13:55]: No DocBlock was found for Property $methods on line 74
[ERR: 13:55]: No DocBlock was found for Property $methods on line 74
[ERR: 13:55]: No DocBlock was found for Property $methods on line 89
[ERR: 13:55]: No DocBlock was found for Function startClass on line 93
[ERR: 13:55]: No DocBlock was found for Function addConstructor on line 110
[ERR: 13:55]: No DocBlock was found for Function endClass on line 125
[INFO: 13:55]: Starting to parse file: /home/mvriel/Projects/Personal/symfony/src/Symfony/Components/Routing/Generator/Dumper/GeneratorDumper.php
[ERR: 13:55]: No Page-level DocBlock was found for /home/mvriel/Projects/Personal/symfony/src/Symfony/Components/Routing/Generator/Dumper/GeneratorDumper.php
[ERR: 13:55]: No DocBlock was found for Property $routes on line 26
[INFO: 13:55]: Starting to parse file: /home/mvriel/Projects/Personal/symfony/src/Symfony/Components/Routing/Generator/UrlGenerator.php
[ERR: 13:55]: No Page-level DocBlock was found for /home/mvriel/Projects/Personal/symfony/src/Symfony/Components/Routing/Generator/UrlGenerator.php
[ERR: 13:55]: No DocBlock was found for Property $routes on line 26
[ERR: 13:55]: No DocBlock was found for Property $defaults on line 27
[ERR: 13:55]: No DocBlock was found for Property $context on line 28
[ERR: 13:55]: No DocBlock was found for Property $cache on line 29
[INFO: 13:55]: Starting to parse file: /home/mvriel/Projects/Personal/symfony/src/Symfony/Components/Routing/Generator/UrlGeneratorInterface.php
[ERR: 13:55]: No Page-level DocBlock was found for /home/mvriel/Projects/Personal/symfony/src/Symfony/Components/Routing/Generator/UrlGeneratorInterface.php
[INFO: 13:55]: Starting to parse file: /home/mvriel/Projects/Personal/symfony/src/Symfony/Components/Routing/Route.php
[ERR: 13:55]: No Page-level DocBlock was found for /home/mvriel/Projects/Personal/symfony/src/Symfony/Components/Routing/Route.php
[ERR: 13:55]: No DocBlock was found for Property $defaults on line 24
[ERR: 13:55]: No DocBlock was found for Property $requirements on line 25
[ERR: 13:55]: No DocBlock was found for Property $options on line 26
[ERR: 13:55]: No DocBlock was found for Property $compiled on line 27
[ERR: 13:55]: No DocBlock was found for Property $compilers on line 29
[INFO: 13:55]: Starting to parse file: /home/mvriel/Projects/Personal/symfony/src/Symfony/Components/Routing/Router.php
[ERR: 13:55]: No Page-level DocBlock was found for /home/mvriel/Projects/Personal/symfony/src/Symfony/Components/Routing/Router.php
[ERR: 13:55]: No DocBlock was found for Property $matcher on line 26
[ERR: 13:55]: No DocBlock was found for Property $generator on line 27
[ERR: 13:55]: No DocBlock was found for Property $options on line 28
[ERR: 13:55]: No DocBlock was found for Property $defaults on line 29
[ERR: 13:55]: No DocBlock was found for Property $context on line 30
[ERR: 13:55]: No DocBlock was found for Property $loader on line 31
[ERR: 13:55]: No DocBlock was found for Property $collection on line 32
[ERR: 13:55]: No DocBlock was found for Property $resource on line 33
[ERR: 13:55]: No DocBlock was found for Method updateCache on line 204
[ERR: 13:55]: No DocBlock was found for Method needsReload on line 213
[ERR: 13:55]: No DocBlock was found for Method getCacheFile on line 240
[INFO: 13:55]: Starting to parse file: /home/mvriel/Projects/Personal/symfony/src/Symfony/Components/Routing/Resource/FileResource.php
[ERR: 13:55]: No Page-level DocBlock was found for /home/mvriel/Projects/Personal/symfony/src/Symfony/Components/Routing/Resource/FileResource.php
[ERR: 13:55]: No DocBlock was found for Property $resource on line 23
[INFO: 13:55]: Starting to parse file: /home/mvriel/Projects/Personal/symfony/src/Symfony/Components/Routing/Resource/ResourceInterface.php
[ERR: 13:55]: No Page-level DocBlock was found for /home/mvriel/Projects/Personal/symfony/src/Symfony/Components/Routing/Resource/ResourceInterface.php
[INFO: 13:55]: Starting to parse file: /home/mvriel/Projects/Personal/symfony/src/Symfony/Components/Routing/RouterInterface.php
[ERR: 13:55]: No Page-level DocBlock was found for /home/mvriel/Projects/Personal/symfony/src/Symfony/Components/Routing/RouterInterface.php
[INFO: 13:55]: Starting to parse file: /home/mvriel/Projects/Personal/symfony/src/Symfony/Components/HttpKernel/HttpKernel.php
[ERR: 13:55]: No Page-level DocBlock was found for /home/mvriel/Projects/Personal/symfony/src/Symfony/Components/HttpKernel/HttpKernel.php
[ERR: 13:55]: No DocBlock was found for Property $dispatcher on line 30
[ERR: 13:55]: No DocBlock was found for Property $resolver on line 31
[ERR: 13:55]: No DocBlock was found for Property $request on line 32
[INFO: 13:55]: Starting to parse file: /home/mvriel/Projects/Personal/symfony/src/Symfony/Components/HttpKernel/ResponseListener.php
[ERR: 13:55]: No Page-level DocBlock was found for /home/mvriel/Projects/Personal/symfony/src/Symfony/Components/HttpKernel/ResponseListener.php
[INFO: 13:55]: Starting to parse file: /home/mvriel/Projects/Personal/symfony/src/Symfony/Components/HttpKernel/Profiler/ProfilerListener.php
[ERR: 13:55]: No Page-level DocBlock was found for /home/mvriel/Projects/Personal/symfony/src/Symfony/Components/HttpKernel/Profiler/ProfilerListener.php
[ERR: 13:55]: No DocBlock was found for Method __construct on line 30
[ERR: 13:55]: No DocBlock was found for Method handle on line 45
[INFO: 13:55]: Starting to parse file: /home/mvriel/Projects/Personal/symfony/src/Symfony/Components/HttpKernel/Profiler/WebDebugToolbarListener.php
[ERR: 13:55]: No Page-level DocBlock was found for /home/mvriel/Projects/Personal/symfony/src/Symfony/Components/HttpKernel/Profiler/WebDebugToolbarListener.php
[ERR: 13:55]: No DocBlock was found for Method __construct on line 31
[ERR: 13:55]: No DocBlock was found for Method handle on line 46
[INFO: 13:55]: Starting to parse file: /home/mvriel/Projects/Personal/symfony/src/Symfony/Components/HttpKernel/Profiler/Profiler.php
[ERR: 13:55]: No Page-level DocBlock was found for /home/mvriel/Projects/Personal/symfony/src/Symfony/Components/HttpKernel/Profiler/Profiler.php
[ERR: 13:55]: No DocBlock was found for Property $profilerStorage on line 28
[ERR: 13:55]: No DocBlock was found for Property $collectors on line 29
[ERR: 13:55]: No DocBlock was found for Property $response on line 30
[ERR: 13:55]: No DocBlock was found for Property $logger on line 31
[ERR: 13:55]: No DocBlock was found for Method __construct on line 33
[INFO: 13:55]: Starting to parse file: /home/mvriel/Projects/Personal/symfony/src/Symfony/Components/HttpKernel/Profiler/ProfilerStorage.php
[ERR: 13:55]: No Page-level DocBlock was found for /home/mvriel/Projects/Personal/symfony/src/Symfony/Components/HttpKernel/Profiler/ProfilerStorage.php
[ERR: 13:55]: No DocBlock was found for Property $data on line 24
[ERR: 13:55]: No DocBlock was found for Property $store on line 25
[ERR: 13:55]: No DocBlock was found for Property $lifetime on line 26
[ERR: 13:55]: No DocBlock was found for Method __construct on line 28
[ERR: 13:55]: No DocBlock was found for Method hasData on line 36
[ERR: 13:55]: No DocBlock was found for Method getData on line 41
[ERR: 13:55]: No DocBlock was found for Method setToken on line 54
[ERR: 13:55]: No DocBlock was found for Method getToken on line 60
[ERR: 13:55]: No DocBlock was found for Method read on line 65
[ERR: 13:55]: No DocBlock was found for Method write on line 76
[ERR: 13:55]: No DocBlock was found for Method exec on line 112
[ERR: 13:55]: No DocBlock was found for Method fetch on line 130
[ERR: 13:55]: No DocBlock was found for Method close on line 156
[ERR: 13:55]: No DocBlock was found for Method purge on line 163
[INFO: 13:55]: Starting to parse file: /home/mvriel/Projects/Personal/symfony/src/Symfony/Components/HttpKernel/Profiler/DataCollector/DataCollectorInterface.php
[ERR: 13:55]: No Page-level DocBlock was found for /home/mvriel/Projects/Personal/symfony/src/Symfony/Components/HttpKernel/Profiler/DataCollector/DataCollectorInterface.php
[INFO: 13:55]: Starting to parse file: /home/mvriel/Projects/Personal/symfony/src/Symfony/Components/HttpKernel/Profiler/DataCollector/MemoryDataCollector.php
[ERR: 13:55]: No Page-level DocBlock was found for /home/mvriel/Projects/Personal/symfony/src/Symfony/Components/HttpKernel/Profiler/DataCollector/MemoryDataCollector.php
[ERR: 13:55]: No DocBlock was found for Method collect on line 23
[ERR: 13:55]: No DocBlock was found for Method getMemory on line 30
[ERR: 13:55]: No DocBlock was found for Method getSummary on line 35
[ERR: 13:55]: No DocBlock was found for Method getName on line 42
[INFO: 13:55]: Starting to parse file: /home/mvriel/Projects/Personal/symfony/src/Symfony/Components/HttpKernel/Profiler/DataCollector/DataCollector.php
[ERR: 13:55]: No Page-level DocBlock was found for /home/mvriel/Projects/Personal/symfony/src/Symfony/Components/HttpKernel/Profiler/DataCollector/DataCollector.php
[ERR: 13:55]: No DocBlock was found for Property $profiler on line 25
[ERR: 13:55]: No DocBlock was found for Property $data on line 26
[ERR: 13:55]: No DocBlock was found for Method getData on line 28
[ERR: 13:55]: No DocBlock was found for Method setData on line 33
[ERR: 13:55]: No DocBlock was found for Method setProfiler on line 38
[INFO: 13:55]: Starting to parse file: /home/mvriel/Projects/Personal/symfony/src/Symfony/Components/HttpKernel/Test/WebTestCase.php
[ERR: 13:55]: No Page-level DocBlock was found for /home/mvriel/Projects/Personal/symfony/src/Symfony/Components/HttpKernel/Test/WebTestCase.php
[ERR: 13:55]: No DocBlock was found for Property $options on line 35
[ERR: 13:55]: No DocBlock was found for Property $server on line 35
[INFO: 13:55]: Starting to parse file: /home/mvriel/Projects/Personal/symfony/src/Symfony/Components/HttpKernel/LoggerInterface.php
[ERR: 13:55]: No Page-level DocBlock was found for /home/mvriel/Projects/Personal/symfony/src/Symfony/Components/HttpKernel/LoggerInterface.php
[INFO: 13:55]: Starting to parse file: /home/mvriel/Projects/Personal/symfony/src/Symfony/Components/HttpKernel/Controller/ControllerResolverInterface.php
[ERR: 13:55]: No Page-level DocBlock was found for /home/mvriel/Projects/Personal/symfony/src/Symfony/Components/HttpKernel/Controller/ControllerResolverInterface.php
[INFO: 13:55]: Starting to parse file: /home/mvriel/Projects/Personal/symfony/src/Symfony/Components/HttpKernel/Cache/Cache.php
[ERR: 13:55]: No Page-level DocBlock was found for /home/mvriel/Projects/Personal/symfony/src/Symfony/Components/HttpKernel/Cache/Cache.php
[ERR: 13:55]: No DocBlock was found for Property $kernel on line 31
[ERR: 13:55]: No DocBlock was found for Property $traces on line 32
[ERR: 13:55]: No DocBlock was found for Property $store on line 33
[ERR: 13:55]: No DocBlock was found for Property $request on line 34
[ERR: 13:55]: No DocBlock was found for Property $esi on line 35
[ERR: 13:55]: No DocBlock was found for Method processResponseBody on line 545
[INFO: 13:55]: Starting to parse file: /home/mvriel/Projects/Personal/symfony/src/Symfony/Components/HttpKernel/Cache/Esi.php
[ERR: 13:55]: No Page-level DocBlock was found for /home/mvriel/Projects/Personal/symfony/src/Symfony/Components/HttpKernel/Cache/Esi.php
[INFO: 13:55]: Starting to parse file: /home/mvriel/Projects/Personal/symfony/src/Symfony/Components/HttpKernel/Cache/Store.php
[ERR: 13:55]: No Page-level DocBlock was found for /home/mvriel/Projects/Personal/symfony/src/Symfony/Components/HttpKernel/Cache/Store.php
[ERR: 13:55]: No DocBlock was found for Property $keyCache on line 31
[ERR: 13:55]: No DocBlock was found for Property $locks on line 32
[ERR: 13:55]: No DocBlock was found for Method __destruct on line 49
[ERR: 13:55]: No DocBlock was found for Method getPath on line 337
[INFO: 13:55]: Starting to parse file: /home/mvriel/Projects/Personal/symfony/src/Symfony/Components/HttpKernel/Cache/EsiListener.php
[ERR: 13:55]: No Page-level DocBlock was found for /home/mvriel/Projects/Personal/symfony/src/Symfony/Components/HttpKernel/Cache/EsiListener.php
[ERR: 13:55]: No DocBlock was found for Property $esi on line 28
[INFO: 13:55]: Starting to parse file: /home/mvriel/Projects/Personal/symfony/src/Symfony/Components/HttpKernel/Exception/NotFoundHttpException.php
[ERR: 13:55]: No Page-level DocBlock was found for /home/mvriel/Projects/Personal/symfony/src/Symfony/Components/HttpKernel/Exception/NotFoundHttpException.php
[ERR: 13:55]: No DocBlock was found for Method __construct on line 23
[INFO: 13:55]: Starting to parse file: /home/mvriel/Projects/Personal/symfony/src/Symfony/Components/HttpKernel/Exception/ForbiddenHttpException.php
[ERR: 13:55]: No Page-level DocBlock was found for /home/mvriel/Projects/Personal/symfony/src/Symfony/Components/HttpKernel/Exception/ForbiddenHttpException.php
[ERR: 13:55]: No DocBlock was found for Method __construct on line 23
[INFO: 13:55]: Starting to parse file: /home/mvriel/Projects/Personal/symfony/src/Symfony/Components/HttpKernel/Exception/HttpException.php
[ERR: 13:55]: No Page-level DocBlock was found for /home/mvriel/Projects/Personal/symfony/src/Symfony/Components/HttpKernel/Exception/HttpException.php
[INFO: 13:55]: Starting to parse file: /home/mvriel/Projects/Personal/symfony/src/Symfony/Components/HttpKernel/Exception/UnauthorizedHttpException.php
[ERR: 13:55]: No Page-level DocBlock was found for /home/mvriel/Projects/Personal/symfony/src/Symfony/Components/HttpKernel/Exception/UnauthorizedHttpException.php
[ERR: 13:55]: No DocBlock was found for Method __construct on line 23
[INFO: 13:55]: Starting to parse file: /home/mvriel/Projects/Personal/symfony/src/Symfony/Components/HttpKernel/Client.php
[ERR: 13:55]: No Page-level DocBlock was found for /home/mvriel/Projects/Personal/symfony/src/Symfony/Components/HttpKernel/Client.php
[ERR: 13:55]: No DocBlock was found for Property $kernel on line 31
[INFO: 13:55]: Starting to parse file: /home/mvriel/Projects/Personal/symfony/src/Symfony/Components/HttpKernel/HttpKernelInterface.php
[ERR: 13:55]: No Page-level DocBlock was found for /home/mvriel/Projects/Personal/symfony/src/Symfony/Components/HttpKernel/HttpKernelInterface.php
[ERR: 13:55]: No DocBlock was found for Constant FORWARDED_REQUEST on line 26
[ERR: 13:55]: No DocBlock was found for Constant EMBEDDED_REQUEST on line 27
[INFO: 13:55]: Starting to parse file: /home/mvriel/Projects/Personal/symfony/src/Symfony/Components/Form/HybridField.php
[ERR: 13:55]: No Page-level DocBlock was found for /home/mvriel/Projects/Personal/symfony/src/Symfony/Components/Form/HybridField.php
[ERR: 13:55]: No DocBlock was found for Constant FIELD on line 17
[ERR: 13:55]: No DocBlock was found for Constant GROUP on line 18
[ERR: 13:55]: No DocBlock was found for Property $mode on line 20
[INFO: 13:55]: Starting to parse file: /home/mvriel/Projects/Personal/symfony/src/Symfony/Components/Form/HtmlGeneratorInterface.php
[ERR: 13:55]: No Page-level DocBlock was found for /home/mvriel/Projects/Personal/symfony/src/Symfony/Components/Form/HtmlGeneratorInterface.php
[INFO: 13:55]: Starting to parse file: /home/mvriel/Projects/Personal/symfony/src/Symfony/Components/Form/FieldGroupInterface.php
[ERR: 13:55]: No Page-level DocBlock was found for /home/mvriel/Projects/Personal/symfony/src/Symfony/Components/Form/FieldGroupInterface.php
[INFO: 13:55]: Starting to parse file: /home/mvriel/Projects/Personal/symfony/src/Symfony/Components/Form/IntegerField.php
[ERR: 13:55]: No Page-level DocBlock was found for /home/mvriel/Projects/Personal/symfony/src/Symfony/Components/Form/IntegerField.php
[INFO: 13:55]: Starting to parse file: /home/mvriel/Projects/Personal/symfony/src/Symfony/Components/Form/ToggleField.php
[ERR: 13:55]: No Page-level DocBlock was found for /home/mvriel/Projects/Personal/symfony/src/Symfony/Components/Form/ToggleField.php
[INFO: 13:55]: Starting to parse file: /home/mvriel/Projects/Personal/symfony/src/Symfony/Components/Form/HiddenField.php
[ERR: 13:55]: No Page-level DocBlock was found for /home/mvriel/Projects/Personal/symfony/src/Symfony/Components/Form/HiddenField.php
[INFO: 13:55]: Starting to parse file: /home/mvriel/Projects/Personal/symfony/src/Symfony/Components/Form/TimezoneField.php
[ERR: 13:55]: No Page-level DocBlock was found for /home/mvriel/Projects/Personal/symfony/src/Symfony/Components/Form/TimezoneField.php
[ERR: 13:55]: No DocBlock was found for Class TimezoneField on line 5
[INFO: 13:55]: Starting to parse file: /home/mvriel/Projects/Personal/symfony/src/Symfony/Components/Form/MoneyField.php
[ERR: 13:55]: No Page-level DocBlock was found for /home/mvriel/Projects/Personal/symfony/src/Symfony/Components/Form/MoneyField.php
[INFO: 13:55]: Starting to parse file: /home/mvriel/Projects/Personal/symfony/src/Symfony/Components/Form/BirthdayField.php
[ERR: 13:55]: No Page-level DocBlock was found for /home/mvriel/Projects/Personal/symfony/src/Symfony/Components/Form/BirthdayField.php
[INFO: 13:55]: Starting to parse file: /home/mvriel/Projects/Personal/symfony/src/Symfony/Components/Form/FieldInterface.php
[ERR: 13:55]: No Page-level DocBlock was found for /home/mvriel/Projects/Personal/symfony/src/Symfony/Components/Form/FieldInterface.php
[INFO: 13:55]: Starting to parse file: /home/mvriel/Projects/Personal/symfony/src/Symfony/Components/Form/TextareaField.php
[ERR: 13:55]: No Page-level DocBlock was found for /home/mvriel/Projects/Personal/symfony/src/Symfony/Components/Form/TextareaField.php
[INFO: 13:55]: Starting to parse file: /home/mvriel/Projects/Personal/symfony/src/Symfony/Components/Form/Localizable.php
[ERR: 13:55]: No Page-level DocBlock was found for /home/mvriel/Projects/Personal/symfony/src/Symfony/Components/Form/Localizable.php
[INFO: 13:55]: Starting to parse file: /home/mvriel/Projects/Personal/symfony/src/Symfony/Components/Form/Renderer/Renderer.php
[ERR: 13:55]: No Page-level DocBlock was found for /home/mvriel/Projects/Personal/symfony/src/Symfony/Components/Form/Renderer/Renderer.php
[INFO: 13:55]: Starting to parse file: /home/mvriel/Projects/Personal/symfony/src/Symfony/Components/Form/Renderer/RendererInterface.php
[ERR: 13:55]: No Page-level DocBlock was found for /home/mvriel/Projects/Personal/symfony/src/Symfony/Components/Form/Renderer/RendererInterface.php
[INFO: 13:55]: Starting to parse file: /home/mvriel/Projects/Personal/symfony/src/Symfony/Components/Form/Renderer/TableRenderer.php
[ERR: 13:55]: No Page-level DocBlock was found for /home/mvriel/Projects/Personal/symfony/src/Symfony/Components/Form/Renderer/TableRenderer.php
[ERR: 13:55]: No DocBlock was found for Property $html on line 44
[ERR: 13:55]: No DocBlock was found for Property $html on line 46
[ERR: 13:55]: No DocBlock was found for Function humanize on line 49
[INFO: 13:55]: Starting to parse file: /home/mvriel/Projects/Personal/symfony/src/Symfony/Components/Form/PasswordField.php
[ERR: 13:55]: No Page-level DocBlock was found for /home/mvriel/Projects/Personal/symfony/src/Symfony/Components/Form/PasswordField.php
[INFO: 13:55]: Starting to parse file: /home/mvriel/Projects/Personal/symfony/src/Symfony/Components/Form/Configurator/ConfiguratorInterface.php
[ERR: 13:55]: No Page-level DocBlock was found for /home/mvriel/Projects/Personal/symfony/src/Symfony/Components/Form/Configurator/ConfiguratorInterface.php
[ERR: 13:55]: No DocBlock was found for Interface ConfiguratorInterface on line 5
[ERR: 13:55]: No DocBlock was found for Method initialize on line 7
[INFO: 13:55]: Starting to parse file: /home/mvriel/Projects/Personal/symfony/src/Symfony/Components/Form/Configurator/ValidatorConfigurator.php
[ERR: 13:55]: No Page-level DocBlock was found for /home/mvriel/Projects/Personal/symfony/src/Symfony/Components/Form/Configurator/ValidatorConfigurator.php
[ERR: 13:55]: No DocBlock was found for Class ValidatorConfigurator on line 5
[ERR: 13:55]: No DocBlock was found for Property $metaData on line 7
[ERR: 13:55]: No DocBlock was found for Property $classMetaData on line 8
[ERR: 13:55]: No DocBlock was found for Method __construct on line 10
[ERR: 13:55]: No DocBlock was found for Method initialize on line 15
[ERR: 13:55]: No DocBlock was found for Method getClass on line 20
[ERR: 13:55]: No DocBlock was found for Method getOptions on line 25
[ERR: 13:55]: No DocBlock was found for Method isRequired on line 30
[INFO: 13:55]: Starting to parse file: /home/mvriel/Projects/Personal/symfony/src/Symfony/Components/Form/Form.php
[ERR: 13:55]: No Page-level DocBlock was found for /home/mvriel/Projects/Personal/symfony/src/Symfony/Components/Form/Form.php
[ERR: 13:55]: No DocBlock was found for Property $defaultCsrfSecret on line 37
[ERR: 13:55]: No DocBlock was found for Property $defaultCsrfProtection on line 38
[ERR: 13:55]: No DocBlock was found for Property $defaultCsrfFieldName on line 39
[ERR: 13:55]: No DocBlock was found for Property $defaultLocale on line 40
[ERR: 13:55]: No DocBlock was found for Property $defaultTranslator on line 41
[ERR: 13:55]: No DocBlock was found for Property $validator on line 43
[ERR: 13:55]: No DocBlock was found for Property $validationGroups on line 44
[ERR: 13:55]: No DocBlock was found for Property $csrfSecret on line 46
[ERR: 13:55]: No DocBlock was found for Property $csrfFieldName on line 47
[INFO: 13:55]: Starting to parse file: /home/mvriel/Projects/Personal/symfony/src/Symfony/Components/Form/CheckboxField.php
[ERR: 13:55]: No Page-level DocBlock was found for /home/mvriel/Projects/Personal/symfony/src/Symfony/Components/Form/CheckboxField.php
[INFO: 13:55]: Starting to parse file: /home/mvriel/Projects/Personal/symfony/src/Symfony/Components/Form/Field.php
[ERR: 13:55]: No Page-level DocBlock was found for /home/mvriel/Projects/Personal/symfony/src/Symfony/Components/Form/Field.php
[ERR: 13:55]: No DocBlock was found for Class Field on line 14
[ERR: 13:55]: No DocBlock was found for Property $taintedData on line 22
[ERR: 13:55]: No DocBlock was found for Property $locale on line 23
[ERR: 13:55]: No DocBlock was found for Property $translator on line 24
[ERR: 13:55]: No DocBlock was found for Property $errors on line 26
[ERR: 13:55]: No DocBlock was found for Property $key on line 27
[ERR: 13:55]: No DocBlock was found for Property $parent on line 28
[ERR: 13:55]: No DocBlock was found for Property $renderer on line 29
[ERR: 13:55]: No DocBlock was found for Property $bound on line 30
[ERR: 13:55]: No DocBlock was found for Property $required on line 31
[ERR: 13:55]: No DocBlock was found for Property $data on line 32
[ERR: 13:55]: No DocBlock was found for Property $transformedData on line 33
[ERR: 13:55]: No DocBlock was found for Property $valueTransformer on line 34
[ERR: 13:55]: No DocBlock was found for Property $propertyPath on line 35
[ERR: 13:55]: No DocBlock was found for Method __construct on line 37
[ERR: 13:55]: No DocBlock was found for Method updatePropertyPath on line 510
[ERR: 13:55]: No DocBlock was found for Method updateProperty on line 585
[INFO: 13:55]: Starting to parse file: /home/mvriel/Projects/Personal/symfony/src/Symfony/Components/Form/Exception/MissingOptionsException.php
[ERR: 13:55]: No Page-level DocBlock was found for /home/mvriel/Projects/Personal/symfony/src/Symfony/Components/Form/Exception/MissingOptionsException.php
[ERR: 13:55]: No DocBlock was found for Class MissingOptionsException on line 5
[ERR: 13:55]: No DocBlock was found for Property $options on line 7
[ERR: 13:55]: No DocBlock was found for Method __construct on line 9
[ERR: 13:55]: No DocBlock was found for Method getOptions on line 16
[INFO: 13:55]: Starting to parse file: /home/mvriel/Projects/Personal/symfony/src/Symfony/Components/Form/Exception/InvalidOptionsException.php
[ERR: 13:55]: No Page-level DocBlock was found for /home/mvriel/Projects/Personal/symfony/src/Symfony/Components/Form/Exception/InvalidOptionsException.php
[ERR: 13:55]: No DocBlock was found for Class InvalidOptionsException on line 5
[ERR: 13:55]: No DocBlock was found for Property $options on line 7
[ERR: 13:55]: No DocBlock was found for Method __construct on line 9
[ERR: 13:55]: No DocBlock was found for Method getOptions on line 16
[INFO: 13:55]: Starting to parse file: /home/mvriel/Projects/Personal/symfony/src/Symfony/Components/Form/Exception/FormException.php
[ERR: 13:55]: No Page-level DocBlock was found for /home/mvriel/Projects/Personal/symfony/src/Symfony/Components/Form/Exception/FormException.php
[ERR: 13:55]: No DocBlock was found for Class FormException on line 5
[INFO: 13:55]: Starting to parse file: /home/mvriel/Projects/Personal/symfony/src/Symfony/Components/Form/Exception/PropertyAccessDeniedException.php
[ERR: 13:55]: No Page-level DocBlock was found for /home/mvriel/Projects/Personal/symfony/src/Symfony/Components/Form/Exception/PropertyAccessDeniedException.php
[ERR: 13:55]: No DocBlock was found for Class PropertyAccessDeniedException on line 5
[INFO: 13:55]: Starting to parse file: /home/mvriel/Projects/Personal/symfony/src/Symfony/Components/Form/Exception/InvalidPropertyException.php
[ERR: 13:55]: No Page-level DocBlock was found for /home/mvriel/Projects/Personal/symfony/src/Symfony/Components/Form/Exception/InvalidPropertyException.php
[ERR: 13:55]: No DocBlock was found for Class InvalidPropertyException on line 5
[INFO: 13:55]: Starting to parse file: /home/mvriel/Projects/Personal/symfony/src/Symfony/Components/Form/Exception/NotValidException.php
[ERR: 13:55]: No Page-level DocBlock was found for /home/mvriel/Projects/Personal/symfony/src/Symfony/Components/Form/Exception/NotValidException.php
[ERR: 13:55]: No DocBlock was found for Class NotValidException on line 5
[INFO: 13:55]: Starting to parse file: /home/mvriel/Projects/Personal/symfony/src/Symfony/Components/Form/Exception/AlreadyBoundException.php
[ERR: 13:55]: No Page-level DocBlock was found for /home/mvriel/Projects/Personal/symfony/src/Symfony/Components/Form/Exception/AlreadyBoundException.php
[ERR: 13:55]: No DocBlock was found for Class AlreadyBoundException on line 5
[INFO: 13:55]: Starting to parse file: /home/mvriel/Projects/Personal/symfony/src/Symfony/Components/Form/Exception/UnexpectedTypeException.php
[ERR: 13:55]: No Page-level DocBlock was found for /home/mvriel/Projects/Personal/symfony/src/Symfony/Components/Form/Exception/UnexpectedTypeException.php
[ERR: 13:55]: No DocBlock was found for Class UnexpectedTypeException on line 5
[INFO: 13:55]: Starting to parse file: /home/mvriel/Projects/Personal/symfony/src/Symfony/Components/Form/Exception/InvalidConfigurationException.php
[ERR: 13:55]: No Page-level DocBlock was found for /home/mvriel/Projects/Personal/symfony/src/Symfony/Components/Form/Exception/InvalidConfigurationException.php
[ERR: 13:55]: No DocBlock was found for Class InvalidConfigurationException on line 5
[INFO: 13:55]: Starting to parse file: /home/mvriel/Projects/Personal/symfony/src/Symfony/Components/Form/Exception/InvalidPropertyPathException.php
[ERR: 13:55]: No Page-level DocBlock was found for /home/mvriel/Projects/Personal/symfony/src/Symfony/Components/Form/Exception/InvalidPropertyPathException.php
[ERR: 13:55]: No DocBlock was found for Class InvalidPropertyPathException on line 5
[INFO: 13:55]: Starting to parse file: /home/mvriel/Projects/Personal/symfony/src/Symfony/Components/Form/Exception/NotInitializedException.php
[ERR: 13:55]: No Page-level DocBlock was found for /home/mvriel/Projects/Personal/symfony/src/Symfony/Components/Form/Exception/NotInitializedException.php
[ERR: 13:55]: No DocBlock was found for Class NotInitializedException on line 5
[INFO: 13:55]: Starting to parse file: /home/mvriel/Projects/Personal/symfony/src/Symfony/Components/Form/PercentField.php
[ERR: 13:55]: No Page-level DocBlock was found for /home/mvriel/Projects/Personal/symfony/src/Symfony/Components/Form/PercentField.php
[ERR: 13:55]: No DocBlock was found for Constant FRACTIONAL on line 22
[ERR: 13:55]: No DocBlock was found for Constant INTEGER on line 23
[INFO: 13:55]: Starting to parse file: /home/mvriel/Projects/Personal/symfony/src/Symfony/Components/Form/Configurable.php
[ERR: 13:55]: No Page-level DocBlock was found for /home/mvriel/Projects/Personal/symfony/src/Symfony/Components/Form/Configurable.php
[INFO: 13:55]: Starting to parse file: /home/mvriel/Projects/Personal/symfony/src/Symfony/Components/Form/DateField.php
[ERR: 13:55]: No Page-level DocBlock was found for /home/mvriel/Projects/Personal/symfony/src/Symfony/Components/Form/DateField.php
[ERR: 13:55]: No DocBlock was found for Class DateField on line 20
[ERR: 13:55]: No DocBlock was found for Constant FULL on line 22
[ERR: 13:55]: No DocBlock was found for Constant LONG on line 23
[ERR: 13:55]: No DocBlock was found for Constant MEDIUM on line 24
[ERR: 13:55]: No DocBlock was found for Constant SHORT on line 25
[ERR: 13:55]: No DocBlock was found for Constant DATETIME on line 27
[ERR: 13:55]: No DocBlock was found for Constant STRING on line 28
[ERR: 13:55]: No DocBlock was found for Constant TIMESTAMP on line 29
[ERR: 13:55]: No DocBlock was found for Constant RAW on line 30
[ERR: 13:55]: No DocBlock was found for Constant INPUT on line 32
[ERR: 13:55]: No DocBlock was found for Constant CHOICE on line 33
[ERR: 13:55]: No DocBlock was found for Property $formats on line 35
[ERR: 13:55]: No DocBlock was found for Property $intlFormats on line 42
[ERR: 13:55]: No DocBlock was found for Property $widgets on line 49
[ERR: 13:55]: No DocBlock was found for Property $types on line 54
[INFO: 13:55]: Starting to parse file: /home/mvriel/Projects/Personal/symfony/src/Symfony/Components/Form/TextField.php
[ERR: 13:55]: No Page-level DocBlock was found for /home/mvriel/Projects/Personal/symfony/src/Symfony/Components/Form/TextField.php
[INFO: 13:55]: Starting to parse file: /home/mvriel/Projects/Personal/symfony/src/Symfony/Components/Form/RadioField.php
[ERR: 13:55]: No Page-level DocBlock was found for /home/mvriel/Projects/Personal/symfony/src/Symfony/Components/Form/RadioField.php
[INFO: 13:55]: Starting to parse file: /home/mvriel/Projects/Personal/symfony/src/Symfony/Components/Form/CollectionField.php
[ERR: 13:55]: No Page-level DocBlock was found for /home/mvriel/Projects/Personal/symfony/src/Symfony/Components/Form/CollectionField.php
[ERR: 13:55]: No DocBlock was found for Method configure on line 42
[ERR: 13:55]: No DocBlock was found for Method setData on line 54
[ERR: 13:55]: No DocBlock was found for Method bind on line 67
[ERR: 13:55]: No DocBlock was found for Method newField on line 88
[INFO: 13:55]: Starting to parse file: /home/mvriel/Projects/Personal/symfony/src/Symfony/Components/Form/HtmlGenerator.php
[ERR: 13:55]: No Page-level DocBlock was found for /home/mvriel/Projects/Personal/symfony/src/Symfony/Components/Form/HtmlGenerator.php
[INFO: 13:55]: Starting to parse file: /home/mvriel/Projects/Personal/symfony/src/Symfony/Components/Form/Iterator/RecursiveFieldsWithPropertyPathIterator.php
[ERR: 13:55]: No Page-level DocBlock was found for /home/mvriel/Projects/Personal/symfony/src/Symfony/Components/Form/Iterator/RecursiveFieldsWithPropertyPathIterator.php
[ERR: 13:55]: No DocBlock was found for Class RecursiveFieldsWithPropertyPathIterator on line 7
[ERR: 13:55]: No DocBlock was found for Method __construct on line 9
[ERR: 13:55]: No DocBlock was found for Method getChildren on line 14
[ERR: 13:55]: No DocBlock was found for Method hasChildren on line 19
[INFO: 13:55]: Starting to parse file: /home/mvriel/Projects/Personal/symfony/src/Symfony/Components/Form/PropertyPath.php
[ERR: 13:55]: No Page-level DocBlock was found for /home/mvriel/Projects/Personal/symfony/src/Symfony/Components/Form/PropertyPath.php
[INFO: 13:55]: Starting to parse file: /home/mvriel/Projects/Personal/symfony/src/Symfony/Components/Form/DateTimeField.php
[ERR: 13:55]: No Page-level DocBlock was found for /home/mvriel/Projects/Personal/symfony/src/Symfony/Components/Form/DateTimeField.php
[ERR: 13:55]: No DocBlock was found for Constant DATETIME on line 17
[ERR: 13:55]: No DocBlock was found for Constant STRING on line 18
[ERR: 13:55]: No DocBlock was found for Constant TIMESTAMP on line 19
[ERR: 13:55]: No DocBlock was found for Property $types on line 21
[ERR: 13:55]: No DocBlock was found for Property $dateWidgets on line 27
[ERR: 13:55]: No DocBlock was found for Property $timeWidgets on line 32
[INFO: 13:55]: Starting to parse file: /home/mvriel/Projects/Personal/symfony/src/Symfony/Components/Form/TimeField.php
[ERR: 13:55]: No Page-level DocBlock was found for /home/mvriel/Projects/Personal/symfony/src/Symfony/Components/Form/TimeField.php
[ERR: 13:55]: No DocBlock was found for Class TimeField on line 12
[ERR: 13:55]: No DocBlock was found for Constant INPUT on line 14
[ERR: 13:55]: No DocBlock was found for Constant CHOICE on line 15
[ERR: 13:55]: No DocBlock was found for Constant DATETIME on line 17
[ERR: 13:55]: No DocBlock was found for Constant STRING on line 18
[ERR: 13:55]: No DocBlock was found for Constant TIMESTAMP on line 19
[ERR: 13:55]: No DocBlock was found for Constant RAW on line 20
[ERR: 13:55]: No DocBlock was found for Property $widgets on line 22
[ERR: 13:55]: No DocBlock was found for Property $types on line 27
[INFO: 13:55]: Starting to parse file: /home/mvriel/Projects/Personal/symfony/src/Symfony/Components/Form/Translatable.php
[ERR: 13:55]: No Page-level DocBlock was found for /home/mvriel/Projects/Personal/symfony/src/Symfony/Components/Form/Translatable.php
[INFO: 13:55]: Starting to parse file: /home/mvriel/Projects/Personal/symfony/src/Symfony/Components/Form/ChoiceField.php
[ERR: 13:55]: No Page-level DocBlock was found for /home/mvriel/Projects/Personal/symfony/src/Symfony/Components/Form/ChoiceField.php
[INFO: 13:55]: Starting to parse file: /home/mvriel/Projects/Personal/symfony/src/Symfony/Components/Form/FieldGroup.php
[ERR: 13:55]: No Page-level DocBlock was found for /home/mvriel/Projects/Personal/symfony/src/Symfony/Components/Form/FieldGroup.php
[INFO: 13:55]: Starting to parse file: /home/mvriel/Projects/Personal/symfony/src/Symfony/Components/Form/ValueTransformer/TimestampToDateTimeTransformer.php
[ERR: 13:55]: No Page-level DocBlock was found for /home/mvriel/Projects/Personal/symfony/src/Symfony/Components/Form/ValueTransformer/TimestampToDateTimeTransformer.php
[INFO: 13:55]: Starting to parse file: /home/mvriel/Projects/Personal/symfony/src/Symfony/Components/Form/ValueTransformer/ValueTransformerChain.php
[ERR: 13:55]: No Page-level DocBlock was found for /home/mvriel/Projects/Personal/symfony/src/Symfony/Components/Form/ValueTransformer/ValueTransformerChain.php
[INFO: 13:55]: Starting to parse file: /home/mvriel/Projects/Personal/symfony/src/Symfony/Components/Form/ValueTransformer/BaseDateTimeTransformer.php
[ERR: 13:55]: No Page-level DocBlock was found for /home/mvriel/Projects/Personal/symfony/src/Symfony/Components/Form/ValueTransformer/BaseDateTimeTransformer.php
[ERR: 13:55]: No DocBlock was found for Class BaseDateTimeTransformer on line 5
[ERR: 13:55]: No DocBlock was found for Constant NONE on line 7
[ERR: 13:55]: No DocBlock was found for Constant FULL on line 8
[ERR: 13:55]: No DocBlock was found for Constant LONG on line 9
[ERR: 13:55]: No DocBlock was found for Constant MEDIUM on line 10
[ERR: 13:55]: No DocBlock was found for Constant SHORT on line 11
[ERR: 13:55]: No DocBlock was found for Property $formats on line 13
[INFO: 13:55]: Starting to parse file: /home/mvriel/Projects/Personal/symfony/src/Symfony/Components/Form/ValueTransformer/PercentToLocalizedStringTransformer.php
[ERR: 13:55]: No Page-level DocBlock was found for /home/mvriel/Projects/Personal/symfony/src/Symfony/Components/Form/ValueTransformer/PercentToLocalizedStringTransformer.php
[ERR: 13:55]: No DocBlock was found for Constant FRACTIONAL on line 15
[ERR: 13:55]: No DocBlock was found for Constant INTEGER on line 16
[ERR: 13:55]: No DocBlock was found for Property $types on line 18
[INFO: 13:55]: Starting to parse file: /home/mvriel/Projects/Personal/symfony/src/Symfony/Components/Form/ValueTransformer/NumberToLocalizedStringTransformer.php
[ERR: 13:55]: No Page-level DocBlock was found for /home/mvriel/Projects/Personal/symfony/src/Symfony/Components/Form/ValueTransformer/NumberToLocalizedStringTransformer.php
[INFO: 13:55]: Starting to parse file: /home/mvriel/Projects/Personal/symfony/src/Symfony/Components/Form/ValueTransformer/DateTimeToArrayTransformer.php
[ERR: 13:55]: No Page-level DocBlock was found for /home/mvriel/Projects/Personal/symfony/src/Symfony/Components/Form/ValueTransformer/DateTimeToArrayTransformer.php
[INFO: 13:55]: Starting to parse file: /home/mvriel/Projects/Personal/symfony/src/Symfony/Components/Form/ValueTransformer/ValueTransformerInterface.php
[ERR: 13:55]: No Page-level DocBlock was found for /home/mvriel/Projects/Personal/symfony/src/Symfony/Components/Form/ValueTransformer/ValueTransformerInterface.php
[INFO: 13:55]: Starting to parse file: /home/mvriel/Projects/Personal/symfony/src/Symfony/Components/Form/ValueTransformer/StringToDateTimeTransformer.php
[ERR: 13:55]: No Page-level DocBlock was found for /home/mvriel/Projects/Personal/symfony/src/Symfony/Components/Form/ValueTransformer/StringToDateTimeTransformer.php
[INFO: 13:55]: Starting to parse file: /home/mvriel/Projects/Personal/symfony/src/Symfony/Components/Form/ValueTransformer/DateTimeToLocalizedStringTransformer.php
[ERR: 13:55]: No Page-level DocBlock was found for /home/mvriel/Projects/Personal/symfony/src/Symfony/Components/Form/ValueTransformer/DateTimeToLocalizedStringTransformer.php
[INFO: 13:55]: Starting to parse file: /home/mvriel/Projects/Personal/symfony/src/Symfony/Components/Form/ValueTransformer/TransformationFailedException.php
[ERR: 13:55]: No Page-level DocBlock was found for /home/mvriel/Projects/Personal/symfony/src/Symfony/Components/Form/ValueTransformer/TransformationFailedException.php
[INFO: 13:55]: Starting to parse file: /home/mvriel/Projects/Personal/symfony/src/Symfony/Components/Form/ValueTransformer/MoneyToLocalizedStringTransformer.php
[ERR: 13:55]: No Page-level DocBlock was found for /home/mvriel/Projects/Personal/symfony/src/Symfony/Components/Form/ValueTransformer/MoneyToLocalizedStringTransformer.php
[INFO: 13:55]: Starting to parse file: /home/mvriel/Projects/Personal/symfony/src/Symfony/Components/Form/ValueTransformer/BooleanToStringTransformer.php
[ERR: 13:55]: No Page-level DocBlock was found for /home/mvriel/Projects/Personal/symfony/src/Symfony/Components/Form/ValueTransformer/BooleanToStringTransformer.php
[INFO: 13:55]: Starting to parse file: /home/mvriel/Projects/Personal/symfony/src/Symfony/Components/Form/ValueTransformer/ReversedTransformer.php
[ERR: 13:55]: No Page-level DocBlock was found for /home/mvriel/Projects/Personal/symfony/src/Symfony/Components/Form/ValueTransformer/ReversedTransformer.php
[INFO: 13:55]: Starting to parse file: /home/mvriel/Projects/Personal/symfony/src/Symfony/Components/Form/ValueTransformer/BaseValueTransformer.php
[ERR: 13:55]: No Page-level DocBlock was found for /home/mvriel/Projects/Personal/symfony/src/Symfony/Components/Form/ValueTransformer/BaseValueTransformer.php
[INFO: 13:55]: Starting to parse file: /home/mvriel/Projects/Personal/symfony/src/Symfony/Components/Form/NumberField.php
[ERR: 13:55]: No Page-level DocBlock was found for /home/mvriel/Projects/Personal/symfony/src/Symfony/Components/Form/NumberField.php
[INFO: 13:55]: Starting to parse file: /home/mvriel/Projects/Personal/symfony/src/Symfony/Components/Form/RepeatedField.php
[ERR: 13:55]: No Page-level DocBlock was found for /home/mvriel/Projects/Personal/symfony/src/Symfony/Components/Form/RepeatedField.php
[INFO: 13:55]: Starting to parse file: /home/mvriel/Projects/Personal/symfony/src/Symfony/Components/Form/InputField.php
[ERR: 13:55]: No Page-level DocBlock was found for /home/mvriel/Projects/Personal/symfony/src/Symfony/Components/Form/InputField.php
[INFO: 13:55]: Starting to parse file: /home/mvriel/Projects/Personal/symfony/src/Symfony/Components/Process/PhpProcess.php
[ERR: 13:55]: No Page-level DocBlock was found for /home/mvriel/Projects/Personal/symfony/src/Symfony/Components/Process/PhpProcess.php
[INFO: 13:55]: Starting to parse file: /home/mvriel/Projects/Personal/symfony/src/Symfony/Components/Process/Process.php
[ERR: 13:55]: No Page-level DocBlock was found for /home/mvriel/Projects/Personal/symfony/src/Symfony/Components/Process/Process.php
[ERR: 13:55]: No DocBlock was found for Property $cwd on line 25
[ERR: 13:55]: No DocBlock was found for Property $env on line 26
[ERR: 13:55]: No DocBlock was found for Property $stdin on line 27
[ERR: 13:55]: No DocBlock was found for Property $timeout on line 28
[ERR: 13:55]: No DocBlock was found for Property $options on line 29
[ERR: 13:55]: No DocBlock was found for Property $exitcode on line 30
[ERR: 13:55]: No DocBlock was found for Property $status on line 31
[ERR: 13:55]: No DocBlock was found for Property $stdout on line 32
[ERR: 13:55]: No DocBlock was found for Property $stderr on line 33
[ERR: 13:55]: No DocBlock was found for Method addOutput on line 247
[ERR: 13:55]: No DocBlock was found for Method addErrorOutput on line 252
[INFO: 13:55]: Starting to parse file: /home/mvriel/Projects/Personal/symfony/src/Symfony/Components/Templating/Loader/Loader.php
[ERR: 13:55]: No Page-level DocBlock was found for /home/mvriel/Projects/Personal/symfony/src/Symfony/Components/Templating/Loader/Loader.php
[ERR: 13:55]: No DocBlock was found for Property $debugger on line 25
[ERR: 13:55]: No DocBlock was found for Property $defaultOptions on line 26
[ERR: 13:55]: No DocBlock was found for Method __construct on line 28
[INFO: 13:55]: Starting to parse file: /home/mvriel/Projects/Personal/symfony/src/Symfony/Components/Templating/Loader/FilesystemLoader.php
[ERR: 13:55]: No Page-level DocBlock was found for /home/mvriel/Projects/Personal/symfony/src/Symfony/Components/Templating/Loader/FilesystemLoader.php
[ERR: 13:55]: No DocBlock was found for Property $templatePathPatterns on line 26
[INFO: 13:55]: Starting to parse file: /home/mvriel/Projects/Personal/symfony/src/Symfony/Components/Templating/Loader/CacheLoader.php
[ERR: 13:55]: No Page-level DocBlock was found for /home/mvriel/Projects/Personal/symfony/src/Symfony/Components/Templating/Loader/CacheLoader.php
[ERR: 13:55]: No DocBlock was found for Property $loader on line 30
[ERR: 13:55]: No DocBlock was found for Property $dir on line 31
[INFO: 13:55]: Starting to parse file: /home/mvriel/Projects/Personal/symfony/src/Symfony/Components/Templating/Loader/LoaderInterface.php
[ERR: 13:55]: No Page-level DocBlock was found for /home/mvriel/Projects/Personal/symfony/src/Symfony/Components/Templating/Loader/LoaderInterface.php
[INFO: 13:55]: Starting to parse file: /home/mvriel/Projects/Personal/symfony/src/Symfony/Components/Templating/Loader/ChainLoader.php
[ERR: 13:55]: No Page-level DocBlock was found for /home/mvriel/Projects/Personal/symfony/src/Symfony/Components/Templating/Loader/ChainLoader.php
[ERR: 13:55]: No DocBlock was found for Property $loaders on line 25
[INFO: 13:55]: Starting to parse file: /home/mvriel/Projects/Personal/symfony/src/Symfony/Components/Templating/Storage/StringStorage.php
[ERR: 13:55]: No Page-level DocBlock was found for /home/mvriel/Projects/Personal/symfony/src/Symfony/Components/Templating/Storage/StringStorage.php
[INFO: 13:55]: Starting to parse file: /home/mvriel/Projects/Personal/symfony/src/Symfony/Components/Templating/Storage/FileStorage.php
[ERR: 13:55]: No Page-level DocBlock was found for /home/mvriel/Projects/Personal/symfony/src/Symfony/Components/Templating/Storage/FileStorage.php
[INFO: 13:55]: Starting to parse file: /home/mvriel/Projects/Personal/symfony/src/Symfony/Components/Templating/Storage/Storage.php
[ERR: 13:55]: No Page-level DocBlock was found for /home/mvriel/Projects/Personal/symfony/src/Symfony/Components/Templating/Storage/Storage.php
[ERR: 13:55]: No DocBlock was found for Property $renderer on line 23
[ERR: 13:55]: No DocBlock was found for Property $template on line 24
[INFO: 13:55]: Starting to parse file: /home/mvriel/Projects/Personal/symfony/src/Symfony/Components/Templating/Renderer/Renderer.php
[ERR: 13:55]: No Page-level DocBlock was found for /home/mvriel/Projects/Personal/symfony/src/Symfony/Components/Templating/Renderer/Renderer.php
[ERR: 13:55]: No DocBlock was found for Property $engine on line 25
[INFO: 13:55]: Starting to parse file: /home/mvriel/Projects/Personal/symfony/src/Symfony/Components/Templating/Renderer/RendererInterface.php
[ERR: 13:55]: No Page-level DocBlock was found for /home/mvriel/Projects/Personal/symfony/src/Symfony/Components/Templating/Renderer/RendererInterface.php
[INFO: 13:55]: Starting to parse file: /home/mvriel/Projects/Personal/symfony/src/Symfony/Components/Templating/Renderer/PhpRenderer.php
[ERR: 13:55]: No Page-level DocBlock was found for /home/mvriel/Projects/Personal/symfony/src/Symfony/Components/Templating/Renderer/PhpRenderer.php
[INFO: 13:55]: Starting to parse file: /home/mvriel/Projects/Personal/symfony/src/Symfony/Components/Templating/Engine.php
[ERR: 13:55]: No Page-level DocBlock was found for /home/mvriel/Projects/Personal/symfony/src/Symfony/Components/Templating/Engine.php
[ERR: 13:55]: No DocBlock was found for Property $renderers on line 29
[ERR: 13:55]: No DocBlock was found for Property $current on line 30
[ERR: 13:55]: No DocBlock was found for Property $helpers on line 31
[ERR: 13:55]: No DocBlock was found for Property $parents on line 32
[ERR: 13:55]: No DocBlock was found for Property $stack on line 33
[ERR: 13:55]: No DocBlock was found for Property $charset on line 34
[ERR: 13:55]: No DocBlock was found for Property $cache on line 35
[ERR: 13:55]: No DocBlock was found for Method splitTemplateName on line 287
[INFO: 13:55]: Starting to parse file: /home/mvriel/Projects/Personal/symfony/src/Symfony/Components/Templating/Helper/AssetsHelper.php
[ERR: 13:55]: No Page-level DocBlock was found for /home/mvriel/Projects/Personal/symfony/src/Symfony/Components/Templating/Helper/AssetsHelper.php
[ERR: 13:55]: No DocBlock was found for Property $version on line 29
[ERR: 13:55]: No DocBlock was found for Property $baseURLs on line 30
[ERR: 13:55]: No DocBlock was found for Property $basePath on line 31
[INFO: 13:55]: Starting to parse file: /home/mvriel/Projects/Personal/symfony/src/Symfony/Components/Templating/Helper/StylesheetsHelper.php
[ERR: 13:55]: No Page-level DocBlock was found for /home/mvriel/Projects/Personal/symfony/src/Symfony/Components/Templating/Helper/StylesheetsHelper.php
[ERR: 13:55]: No DocBlock was found for Property $stylesheets on line 30
[ERR: 13:55]: No DocBlock was found for Property $assetHelper on line 31
[INFO: 13:55]: Starting to parse file: /home/mvriel/Projects/Personal/symfony/src/Symfony/Components/Templating/Helper/Helper.php
[ERR: 13:55]: No Page-level DocBlock was found for /home/mvriel/Projects/Personal/symfony/src/Symfony/Components/Templating/Helper/Helper.php
[ERR: 13:55]: No DocBlock was found for Property $charset on line 26
[INFO: 13:55]: Starting to parse file: /home/mvriel/Projects/Personal/symfony/src/Symfony/Components/Templating/Helper/SlotsHelper.php
[ERR: 13:55]: No Page-level DocBlock was found for /home/mvriel/Projects/Personal/symfony/src/Symfony/Components/Templating/Helper/SlotsHelper.php
[ERR: 13:55]: No DocBlock was found for Property $slots on line 23
[ERR: 13:55]: No DocBlock was found for Property $openSlots on line 24
[INFO: 13:55]: Starting to parse file: /home/mvriel/Projects/Personal/symfony/src/Symfony/Components/Templating/Helper/JavascriptsHelper.php
[ERR: 13:55]: No Page-level DocBlock was found for /home/mvriel/Projects/Personal/symfony/src/Symfony/Components/Templating/Helper/JavascriptsHelper.php
[ERR: 13:55]: No DocBlock was found for Property $javascripts on line 30
[ERR: 13:55]: No DocBlock was found for Property $assetHelper on line 31
[INFO: 13:55]: Starting to parse file: /home/mvriel/Projects/Personal/symfony/src/Symfony/Components/Templating/Helper/HelperInterface.php
[ERR: 13:55]: No Page-level DocBlock was found for /home/mvriel/Projects/Personal/symfony/src/Symfony/Components/Templating/Helper/HelperInterface.php
[INFO: 13:55]: Starting to parse file: /home/mvriel/Projects/Personal/symfony/src/Symfony/Components/Templating/DebuggerInterface.php
[ERR: 13:55]: No Page-level DocBlock was found for /home/mvriel/Projects/Personal/symfony/src/Symfony/Components/Templating/DebuggerInterface.php
[INFO: 13:55]: Collecting all packages
[INFO: 13:55]: Collecting all namespaces
[INFO: 13:55]: Collecting all marker types
[INFO: 13:55]: --
[INFO: 13:55]: Elapsed time to parse all files: 76.92s
